Archive member included to satisfy reference by file (symbol)

/usr/lib/gcc/arm-none-eabi/13.2.1/../../../arm-none-eabi/lib/thumb/v7e-m+fp/hard/libc.a(libc_a-strlen.o)
                              /home/ckq/LCMHalMCPServer/testcases/zephyr_ble_official_contrib/build/syscalls.o (strlen)
/usr/lib/gcc/arm-none-eabi/13.2.1/../../../arm-none-eabi/lib/thumb/v7e-m+fp/hard/libc.a(libc_a-vsnprintf.o)
                              /home/ckq/LCMHalMCPServer/testcases/zephyr_ble_official_contrib/build/syscalls.o (vsnprintf)
/usr/lib/gcc/arm-none-eabi/13.2.1/../../../arm-none-eabi/lib/thumb/v7e-m+fp/hard/libc.a(libc_a-svfprintf.o)
                              /usr/lib/gcc/arm-none-eabi/13.2.1/../../../arm-none-eabi/lib/thumb/v7e-m+fp/hard/libc.a(libc_a-vsnprintf.o) (_svfprintf_r)
/usr/lib/gcc/arm-none-eabi/13.2.1/../../../arm-none-eabi/lib/thumb/v7e-m+fp/hard/libc.a(libc_a-errno.o)
                              /home/ckq/LCMHalMCPServer/testcases/zephyr_ble_official_contrib/build/syscalls.o (__errno)
/usr/lib/gcc/arm-none-eabi/13.2.1/../../../arm-none-eabi/lib/thumb/v7e-m+fp/hard/libc.a(libc_a-impure.o)
                              /usr/lib/gcc/arm-none-eabi/13.2.1/../../../arm-none-eabi/lib/thumb/v7e-m+fp/hard/libc.a(libc_a-vsnprintf.o) (_impure_ptr)
/usr/lib/gcc/arm-none-eabi/13.2.1/../../../arm-none-eabi/lib/thumb/v7e-m+fp/hard/libc.a(libc_a-mallocr.o)
                              /usr/lib/gcc/arm-none-eabi/13.2.1/../../../arm-none-eabi/lib/thumb/v7e-m+fp/hard/libc.a(libc_a-svfprintf.o) (_malloc_r)
/usr/lib/gcc/arm-none-eabi/13.2.1/../../../arm-none-eabi/lib/thumb/v7e-m+fp/hard/libc.a(libc_a-dtoa.o)
                              /usr/lib/gcc/arm-none-eabi/13.2.1/../../../arm-none-eabi/lib/thumb/v7e-m+fp/hard/libc.a(libc_a-svfprintf.o) (_dtoa_r)
/usr/lib/gcc/arm-none-eabi/13.2.1/../../../arm-none-eabi/lib/thumb/v7e-m+fp/hard/libc.a(libc_a-freer.o)
                              /usr/lib/gcc/arm-none-eabi/13.2.1/../../../arm-none-eabi/lib/thumb/v7e-m+fp/hard/libc.a(libc_a-mallocr.o) (_free_r)
/usr/lib/gcc/arm-none-eabi/13.2.1/../../../arm-none-eabi/lib/thumb/v7e-m+fp/hard/libc.a(libc_a-memcmp.o)
                              /home/ckq/LCMHalMCPServer/testcases/zephyr_ble_official_contrib/build/main.o (memcmp)
/usr/lib/gcc/arm-none-eabi/13.2.1/../../../arm-none-eabi/lib/thumb/v7e-m+fp/hard/libc.a(libc_a-memcpy.o)
                              /home/ckq/LCMHalMCPServer/testcases/zephyr_ble_official_contrib/build/main.o (memcpy)
/usr/lib/gcc/arm-none-eabi/13.2.1/../../../arm-none-eabi/lib/thumb/v7e-m+fp/hard/libc.a(libc_a-sysconf.o)
                              /usr/lib/gcc/arm-none-eabi/13.2.1/../../../arm-none-eabi/lib/thumb/v7e-m+fp/hard/libc.a(libc_a-mallocr.o) (sysconf)
/usr/lib/gcc/arm-none-eabi/13.2.1/../../../arm-none-eabi/lib/thumb/v7e-m+fp/hard/libc.a(libc_a-mlock.o)
                              /usr/lib/gcc/arm-none-eabi/13.2.1/../../../arm-none-eabi/lib/thumb/v7e-m+fp/hard/libc.a(libc_a-mallocr.o) (__malloc_lock)
/usr/lib/gcc/arm-none-eabi/13.2.1/../../../arm-none-eabi/lib/thumb/v7e-m+fp/hard/libc.a(libc_a-findfp.o)
                              /usr/lib/gcc/arm-none-eabi/13.2.1/../../../arm-none-eabi/lib/thumb/v7e-m+fp/hard/libc.a(libc_a-impure.o) (__sf)
/usr/lib/gcc/arm-none-eabi/13.2.1/../../../arm-none-eabi/lib/thumb/v7e-m+fp/hard/libc.a(libc_a-ssprint_r.o)
                              /usr/lib/gcc/arm-none-eabi/13.2.1/../../../arm-none-eabi/lib/thumb/v7e-m+fp/hard/libc.a(libc_a-svfprintf.o) (__ssprint_r)
/usr/lib/gcc/arm-none-eabi/13.2.1/../../../arm-none-eabi/lib/thumb/v7e-m+fp/hard/libc.a(libc_a-sbrkr.o)
                              /usr/lib/gcc/arm-none-eabi/13.2.1/../../../arm-none-eabi/lib/thumb/v7e-m+fp/hard/libc.a(libc_a-mallocr.o) (_sbrk_r)
/usr/lib/gcc/arm-none-eabi/13.2.1/../../../arm-none-eabi/lib/thumb/v7e-m+fp/hard/libc.a(libc_a-memset.o)
                              /usr/lib/gcc/arm-none-eabi/13.2.1/../../../arm-none-eabi/lib/thumb/v7e-m+fp/hard/libc.a(libc_a-findfp.o) (memset)
/usr/lib/gcc/arm-none-eabi/13.2.1/../../../arm-none-eabi/lib/thumb/v7e-m+fp/hard/libc.a(libc_a-assert.o)
                              /usr/lib/gcc/arm-none-eabi/13.2.1/../../../arm-none-eabi/lib/thumb/v7e-m+fp/hard/libc.a(libc_a-dtoa.o) (__assert_func)
/usr/lib/gcc/arm-none-eabi/13.2.1/../../../arm-none-eabi/lib/thumb/v7e-m+fp/hard/libc.a(libc_a-mprec.o)
                              /usr/lib/gcc/arm-none-eabi/13.2.1/../../../arm-none-eabi/lib/thumb/v7e-m+fp/hard/libc.a(libc_a-dtoa.o) (_Balloc)
/usr/lib/gcc/arm-none-eabi/13.2.1/../../../arm-none-eabi/lib/thumb/v7e-m+fp/hard/libc.a(libc_a-fwalk.o)
                              /usr/lib/gcc/arm-none-eabi/13.2.1/../../../arm-none-eabi/lib/thumb/v7e-m+fp/hard/libc.a(libc_a-findfp.o) (_fwalk_sglue)
/usr/lib/gcc/arm-none-eabi/13.2.1/../../../arm-none-eabi/lib/thumb/v7e-m+fp/hard/libc.a(libc_a-localeconv.o)
                              /usr/lib/gcc/arm-none-eabi/13.2.1/../../../arm-none-eabi/lib/thumb/v7e-m+fp/hard/libc.a(libc_a-svfprintf.o) (_localeconv_r)
[...]
Memory Configuration

Name             Origin             Length             Attributes
FLASH            0x00000000         0x00100000         xr
RAM              0x20000000         0x00040000         xrw
*default*        0x00000000         0xffffffff

Linker script and memory map

LOAD /home/ckq/LCMHalMCPServer/testcases/zephyr_ble_official_contrib/build/main.o
LOAD /home/ckq/LCMHalMCPServer/testcases/zephyr_ble_official_contrib/build/startup_nrf52840.o
LOAD /home/ckq/LCMHalMCPServer/testcases/zephyr_ble_official_contrib/build/syscalls.o
                0x20040000                        _estack = (ORIGIN (RAM) + LENGTH (RAM))

.isr_vector     0x00000000       0xdc
                0x00000000                        . = ALIGN (0x4)
 *(.isr_vector)
 .isr_vector    0x00000000       0xdc /home/ckq/LCMHalMCPServer/testcases/zephyr_ble_official_contrib/build/startup_nrf52840.o
                0x000000dc                        . = ALIGN (0x4)

.text           0x00000100     0x6be0
                0x00000100                        . = ALIGN (0x4)
 *(.text)
 .text          0x00000100       0xd8 /usr/lib/gcc/arm-none-eabi/13.2.1/../../../arm-none-eabi/lib/thumb/v7e-m+fp/hard/libc.a(libc_a-strlen.o)
                0x00000100                strlen
 .text          0x000001d8       0xec /usr/lib/gcc/arm-none-eabi/13.2.1/../../../arm-none-eabi/lib/thumb/v7e-m+fp/hard/libc.a(libc_a-vsnprintf.o)
                0x000001d8                vsnprintf
                0x00000250                _vsnprintf_r
 *fill*         0x000002c4        0x4 
 .text          0x000002c8     0x13c0 /usr/lib/gcc/arm-none-eabi/13.2.1/../../../arm-none-eabi/lib/thumb/v7e-m+fp/hard/libc.a(libc_a-svfprintf.o)
                0x000002c8                _svfprintf_r
 .text          0x00001688        0xc /usr/lib/gcc/arm-none-eabi/13.2.1/../../../arm-none-eabi/lib/thumb/v7e-m+fp/hard/libc.a(libc_a-errno.o)
                0x00001688                __errno
 .text          0x00001694      0x554 /usr/lib/gcc/arm-none-eabi/13.2.1/../../../arm-none-eabi/lib/thumb/v7e-m+fp/hard/libc.a(libc_a-mallocr.o)
                0x00001694                _malloc_r
 .text          0x00001be8      0xfb0 /usr/lib/gcc/arm-none-eabi/13.2.1/../../../arm-none-eabi/lib/thumb/v7e-m+fp/hard/libc.a(libc_a-dtoa.o)
                0x00001d14                _dtoa_r
 .text          0x00002b98      0x2b0 /usr/lib/gcc/arm-none-eabi/13.2.1/../../../arm-none-eabi/lib/thumb/v7e-m+fp/hard/libc.a(libc_a-freer.o)
                0x00002b98                _malloc_trim_r
                0x00002c50                _free_r
 .text          0x00002e48       0x5c /usr/lib/gcc/arm-none-eabi/13.2.1/../../../arm-none-eabi/lib/thumb/v7e-m+fp/hard/libc.a(libc_a-memcmp.o)
                0x00002e48                memcmp
 .text          0x00002ea4      0x134 /usr/lib/gcc/arm-none-eabi/13.2.1/../../../arm-none-eabi/lib/thumb/v7e-m+fp/hard/libc.a(libc_a-memcpy.o)
                0x00002ea4                memcpy
 .text          0x00002fd8       0x1c /usr/lib/gcc/arm-none-eabi/13.2.1/../../../arm-none-eabi/lib/thumb/v7e-m+fp/hard/libc.a(libc_a-sysconf.o)
                0x00002fd8                sysconf
 .text          0x00002ff4        0x8 /usr/lib/gcc/arm-none-eabi/13.2.1/../../../arm-none-eabi/lib/thumb/v7e-m+fp/hard/libc.a(libc_a-mlock.o)
                0x00002ff4                __malloc_lock
                0x00002ff8                __malloc_unlock
 .text          0x00002ffc      0x224 /usr/lib/gcc/arm-none-eabi/13.2.1/../../../arm-none-eabi/lib/thumb/v7e-m+fp/hard/libc.a(libc_a-findfp.o)
                0x0000312c                __sfp
                0x000031d0                __sinit
                0x000031f0                __sfp_lock_acquire
                0x000031f4                __sfp_lock_release
                0x000031f8                __fp_lock_all
                0x0000320c                __fp_unlock_all
 .text          0x00003220       0x58 /usr/lib/gcc/arm-none-eabi/13.2.1/../../../arm-none-eabi/lib/thumb/v7e-m+fp/hard/libc.a(libc_a-ssprint_r.o)
                0x00003220                __ssprint_r
 .text          0x00003278       0x24 /usr/lib/gcc/arm-none-eabi/13.2.1/../../../arm-none-eabi/lib/thumb/v7e-m+fp/hard/libc.a(libc_a-sbrkr.o)
                0x00003278                _sbrk_r
 .text          0x0000329c       0xa4 /usr/lib/gcc/arm-none-eabi/13.2.1/../../../arm-none-eabi/lib/thumb/v7e-m+fp/hard/libc.a(libc_a-memset.o)
                0x0000329c                memset
 .text          0x00003340       0x4c /usr/lib/gcc/arm-none-eabi/13.2.1/../../../arm-none-eabi/lib/thumb/v7e-m+fp/hard/libc.a(libc_a-assert.o)
                0x00003340                __assert_func
                0x00003380                __assert
 .text          0x0000338c      0xab8 /usr/lib/gcc/arm-none-eabi/13.2.1/../../../arm-none-eabi/lib/thumb/v7e-m+fp/hard/libc.a(libc_a-mprec.o)
                0x0000338c                _Balloc
                0x000033d8                _Bfree
                0x000033ec                __multadd
                0x0000348c                __s2b
                0x00003540                __hi0bits
                0x00003584                __lo0bits
                0x000035e4                __i2b
                0x00003640                __multiply
                0x000037ac                __pow5mult
                0x00003860                __lshift
                0x00003950                __mcmp
                0x00003994                __mdiff
                0x00003b0c                __ulp
                0x00003b70                __b2d
                0x00003c2c                __d2b
                0x00003cec                __ratio
                0x00003d4c                _mprec_log10
                0x00003d8c                __copybits
                0x00003de8                __any_on
 .text          0x00003e44       0x44 /usr/lib/gcc/arm-none-eabi/13.2.1/../../../arm-none-eabi/lib/thumb/v7e-m+fp/hard/libc.a(libc_a-fwalk.o)
                0x00003e44                _fwalk_sglue
 .text          0x00003e88       0x14 /usr/lib/gcc/arm-none-eabi/13.2.1/../../../arm-none-eabi/lib/thumb/v7e-m+fp/hard/libc.a(libc_a-localeconv.o)
                0x00003e88                __localeconv_l
                0x00003e8c                _localeconv_r
                0x00003e94                localeconv
 *fill*         0x00003e9c        0x4 
 .text          0x00003ea0       0xa0 /usr/lib/gcc/arm-none-eabi/13.2.1/../../../arm-none-eabi/lib/thumb/v7e-m+fp/hard/libc.a(libc_a-memchr.o)
                0x00003ea0                memchr
 .text          0x00003f40       0x40 /usr/lib/gcc/arm-none-eabi/13.2.1/../../../arm-none-eabi/lib/thumb/v7e-m+fp/hard/libc.a(libc_a-mbtowc_r.o)
                0x00003f40                _mbtowc_r
                0x00003f54                __ascii_mbtowc
 .text          0x00003f80       0x10 /usr/lib/gcc/arm-none-eabi/13.2.1/../../../arm-none-eabi/lib/thumb/v7e-m+fp/hard/libc.a(libc_a-abort.o)
                0x00003f80                abort
 .text          0x00003f90       0x6c /usr/lib/gcc/arm-none-eabi/13.2.1/../../../arm-none-eabi/lib/thumb/v7e-m+fp/hard/libc.a(libc_a-callocr.o)
                0x00003f90                _calloc_r
 .text          0x00003ffc       0xc0 /usr/lib/gcc/arm-none-eabi/13.2.1/../../../arm-none-eabi/lib/thumb/v7e-m+fp/hard/libc.a(libc_a-ssputs_r.o)
                0x00003ffc                __ssputs_r
 .text          0x000040bc       0x44 /usr/lib/gcc/arm-none-eabi/13.2.1/../../../arm-none-eabi/lib/thumb/v7e-m+fp/hard/libc.a(libc_a-fiprintf.o)
                0x000040bc                _fiprintf_r
                0x000040d8                fiprintf
 .text          0x00004100       0x90 /usr/lib/gcc/arm-none-eabi/13.2.1/../../../arm-none-eabi/lib/thumb/v7e-m+fp/hard/libc.a(libc_a-fclose.o)
                0x00004100                _fclose_r
                0x00004180                fclose
 .text          0x00004190       0x30 /usr/lib/gcc/arm-none-eabi/13.2.1/../../../arm-none-eabi/lib/thumb/v7e-m+fp/hard/libc.a(libc_a-wctomb_r.o)
                0x00004190                _wctomb_r
                0x000041a4                __ascii_wctomb
 .text          0x000041c0       0x94 /usr/lib/gcc/arm-none-eabi/13.2.1/../../../arm-none-eabi/lib/thumb/v7e-m+fp/hard/libc.a(libc_a-stdio.o)
                0x000041c0                __sread
                0x000041e4                __seofread
                0x000041e8                __swrite
                0x00004228                __sseek
                0x0000424c                __sclose
 .text          0x00004254      0x344 /usr/lib/gcc/arm-none-eabi/13.2.1/../../../arm-none-eabi/lib/thumb/v7e-m+fp/hard/libc.a(libc_a-reallocr.o)
                0x00004254                _realloc_r
 .text          0x00004598       0x2c /usr/lib/gcc/arm-none-eabi/13.2.1/../../../arm-none-eabi/lib/thumb/v7e-m+fp/hard/libc.a(libc_a-writer.o)
                0x00004598                _write_r
 .text          0x000045c4       0x24 /usr/lib/gcc/arm-none-eabi/13.2.1/../../../arm-none-eabi/lib/thumb/v7e-m+fp/hard/libc.a(libc_a-closer.o)
                0x000045c4                _close_r
 .text          0x000045e8      0x280 /usr/lib/gcc/arm-none-eabi/13.2.1/../../../arm-none-eabi/lib/thumb/v7e-m+fp/hard/libc.a(libc_a-signal.o)
                0x000045e8                _init_signal_r
                0x00004618                _signal_r
                0x00004668                _raise_r
                0x000046bc                __sigtramp_r
                0x00004720                raise
                0x00004778                signal
                0x000047c8                _init_signal
                0x00004800                __sigtramp
 .text          0x00004868       0x30 /usr/lib/gcc/arm-none-eabi/13.2.1/../../../arm-none-eabi/lib/thumb/v7e-m+fp/hard/libc.a(libc_a-signalr.o)
                0x00004868                _kill_r
                0x00004894                _getpid_r
 .text          0x00004898      0x1ac /usr/lib/gcc/arm-none-eabi/13.2.1/../../../arm-none-eabi/lib/thumb/v7e-m+fp/hard/libc.a(libc_a-fflush.o)
                0x00004898                __sflush_r
                0x000049d0                _fflush_r
                0x000049fc                fflush
 .text          0x00004a44      0x100 /usr/lib/gcc/arm-none-eabi/13.2.1/../../../arm-none-eabi/lib/thumb/v7e-m+fp/hard/libc.a(libc_a-memmove.o)
                0x00004a44                memmove
 .text          0x00004b44      0xb44 /usr/lib/gcc/arm-none-eabi/13.2.1/../../../arm-none-eabi/lib/thumb/v7e-m+fp/hard/libc.a(libc_a-vfiprintf.o)
                0x00004b44                _vfiprintf_r
                0x00005600                vfiprintf
 .text          0x00005688       0x2c /usr/lib/gcc/arm-none-eabi/13.2.1/../../../arm-none-eabi/lib/thumb/v7e-m+fp/hard/libc.a(libc_a-readr.o)
                0x00005688                _read_r
 .text          0x000056b4       0xc4 /usr/lib/gcc/arm-none-eabi/13.2.1/../../../arm-none-eabi/lib/thumb/v7e-m+fp/hard/libc.a(libc_a-wsetup.o)
                0x000056b4                __swsetup_r
 .text          0x00005778       0x2c /usr/lib/gcc/arm-none-eabi/13.2.1/../../../arm-none-eabi/lib/thumb/v7e-m+fp/hard/libc.a(libc_a-lseekr.o)
                0x00005778                _lseek_r
 .text          0x000057a4       0x20 /usr/lib/gcc/arm-none-eabi/13.2.1/../../../arm-none-eabi/lib/thumb/v7e-m+fp/hard/libc.a(libc_a-sprint_r.o)
                0x000057a4                __sprint_r
 .text          0x000057c4      0x13c /usr/lib/gcc/arm-none-eabi/13.2.1/../../../arm-none-eabi/lib/thumb/v7e-m+fp/hard/libc.a(libc_a-makebuf.o)
                0x000057c4                __smakebuf_r
                0x000058a0                __swhatbuf_r
 .text          0x00005900       0x2c /usr/lib/gcc/arm-none-eabi/13.2.1/../../../arm-none-eabi/lib/thumb/v7e-m+fp/hard/libc.a(libc_a-fstatr.o)
                0x00005900                _fstat_r
 .text          0x0000592c       0x24 /usr/lib/gcc/arm-none-eabi/13.2.1/../../../arm-none-eabi/lib/thumb/v7e-m+fp/hard/libc.a(libc_a-isattyr.o)
                0x0000592c                _isatty_r
 .text          0x00005950      0x300 /usr/lib/gcc/arm-none-eabi/13.2.1/../../../arm-none-eabi/lib/thumb/v7e-m+fp/hard/libc.a(libc_a-fvwrite.o)
                0x00005950                __sfvwrite_r
 .text          0x00005c50      0x378 /usr/lib/gcc/arm-none-eabi/13.2.1/thumb/v7e-m+fp/hard/libgcc.a(_arm_addsubdf3.o)
                0x00005c50                __aeabi_drsub
                0x00005c58                __aeabi_dsub
                0x00005c58                __subdf3
                0x00005c5c                __adddf3
                0x00005c5c                __aeabi_dadd
                0x00005ed4                __aeabi_ui2d
                0x00005ed4                __floatunsidf
                0x00005ef4                __floatsidf
                0x00005ef4                __aeabi_i2d
                0x00005f18                __extendsfdf2
                0x00005f18                __aeabi_f2d
                0x00005f5c                __aeabi_ul2d
                0x00005f5c                __floatundidf
                0x00005f6c                __floatdidf
                0x00005f6c                __aeabi_l2d
 .text          0x00005fc8      0x424 /usr/lib/gcc/arm-none-eabi/13.2.1/thumb/v7e-m+fp/hard/libgcc.a(_arm_muldivdf3.o)
                0x00005fc8                __aeabi_dmul
                0x00005fc8                __muldf3
                0x0000621c                __aeabi_ddiv
                0x0000621c                __divdf3
 .text          0x000063ec      0x110 /usr/lib/gcc/arm-none-eabi/13.2.1/thumb/v7e-m+fp/hard/libgcc.a(_arm_cmpdf2.o)
                0x000063ec                __gtdf2
                0x000063ec                __gedf2
                0x000063f4                __ltdf2
                0x000063f4                __ledf2
                0x000063fc                __cmpdf2
                0x000063fc                __eqdf2
                0x000063fc                __nedf2
                0x00006478                __aeabi_cdrcmple
                0x00006488                __aeabi_cdcmple
                0x00006488                __aeabi_cdcmpeq
                0x00006498                __aeabi_dcmpeq
                0x000064ac                __aeabi_dcmplt
                0x000064c0                __aeabi_dcmple
                0x000064d4                __aeabi_dcmpge
                0x000064e8                __aeabi_dcmpgt
 .text          0x000064fc       0x2c /usr/lib/gcc/arm-none-eabi/13.2.1/thumb/v7e-m+fp/hard/libgcc.a(_arm_unorddf2.o)
                0x000064fc                __aeabi_dcmpun
                0x000064fc                __unorddf2
 .text          0x00006528       0x50 /usr/lib/gcc/arm-none-eabi/13.2.1/thumb/v7e-m+fp/hard/libgcc.a(_arm_fixdfsi.o)
                0x00006528                __fixdfsi
                0x00006528                __aeabi_d2iz
 *(.text*)
 .text.HAL_BE_Out
                0x00006578        0x2 /home/ckq/LCMHalMCPServer/testcases/zephyr_ble_official_contrib/build/main.o
                0x00006578                HAL_BE_Out
 .text.HAL_BE_In
                0x0000657a        0x4 /home/ckq/LCMHalMCPServer/testcases/zephyr_ble_official_contrib/build/main.o
                0x0000657a                HAL_BE_In
 .text.HAL_BE_BLE_ReadPacket
                0x0000657e        0x4 /home/ckq/LCMHalMCPServer/testcases/zephyr_ble_official_contrib/build/main.o
                0x0000657e                HAL_BE_BLE_ReadPacket
 *fill*         0x00006582        0x2 
 .text.ble_receive
                0x00006584       0x90 /home/ckq/LCMHalMCPServer/testcases/zephyr_ble_official_contrib/build/main.o
 .text.HAL_BE_BLE_WritePacket
                0x00006614        0x4 /home/ckq/LCMHalMCPServer/testcases/zephyr_ble_official_contrib/build/main.o
                0x00006614                HAL_BE_BLE_WritePacket
 .text.ble_send.part.0
                0x00006618       0x64 /home/ckq/LCMHalMCPServer/testcases/zephyr_ble_official_contrib/build/main.o
 .text.test_ble_tx_rx
                0x0000667c       0x98 /home/ckq/LCMHalMCPServer/testcases/zephyr_ble_official_contrib/build/main.o
 .text.HAL_BE_BLE_StartScan
                0x00006714        0x4 /home/ckq/LCMHalMCPServer/testcases/zephyr_ble_official_contrib/build/main.o
                0x00006714                HAL_BE_BLE_StartScan
 .text.HAL_BE_BLE_StopScan
                0x00006718        0x4 /home/ckq/LCMHalMCPServer/testcases/zephyr_ble_official_contrib/build/main.o
                0x00006718                HAL_BE_BLE_StopScan
 .text.HAL_BE_BLE_StartAdv
                0x0000671c        0x4 /home/ckq/LCMHalMCPServer/testcases/zephyr_ble_official_contrib/build/main.o
                0x0000671c                HAL_BE_BLE_StartAdv
 .text.HAL_BE_BLE_StopAdv
                0x00006720        0x4 /home/ckq/LCMHalMCPServer/testcases/zephyr_ble_official_contrib/build/main.o
                0x00006720                HAL_BE_BLE_StopAdv
 .text.startup.main
                0x00006724      0x44c /home/ckq/LCMHalMCPServer/testcases/zephyr_ble_official_contrib/build/main.o
                0x00006724                main
 .text.Reset_Handler
                0x00006b70       0x44 /home/ckq/LCMHalMCPServer/testcases/zephyr_ble_official_contrib/build/startup_nrf52840.o
                0x00006b70                Reset_Handler
 .text.Default_Handler
                0x00006bb4        0x2 /home/ckq/LCMHalMCPServer/testcases/zephyr_ble_official_contrib/build/startup_nrf52840.o
                0x00006bb4                TIMER2_IRQHandler
                0x00006bb4                DebugMon_Handler
                0x00006bb4                RTC0_IRQHandler
                0x00006bb4                SWI0_EGU0_IRQHandler
                0x00006bb4                HardFault_Handler
                0x00006bb4                SWI2_EGU2_IRQHandler
                0x00006bb4                SysTick_Handler
                0x00006bb4                GPIOTE_IRQHandler
                0x00006bb4                PWM1_IRQHandler
                0x00006bb4                PendSV_Handler
                0x00006bb4                NMI_Handler
                0x00006bb4                POWER_CLOCK_IRQHandler
                0x00006bb4                RADIO_IRQHandler
                0x00006bb4                PDM_IRQHandler
                0x00006bb4                TEMP_IRQHandler
                0x00006bb4                QDEC_IRQHandler
                0x00006bb4                TIMER3_IRQHandler
                0x00006bb4                FPU_IRQHandler
                0x00006bb4                SPIM0_SPIS0_TWIM0_TWIS0_SPI0_TWI0_IRQHandler
                0x00006bb4                UsageFault_Handler
                0x00006bb4                UARTE0_UART0_IRQHandler
                0x00006bb4                TIMER4_IRQHandler
                0x00006bb4                I2S_IRQHandler
                0x00006bb4                SWI4_EGU4_IRQHandler
                0x00006bb4                TIMER0_IRQHandler
                0x00006bb4                TIMER1_IRQHandler
                0x00006bb4                PWM2_IRQHandler
                0x00006bb4                ECB_IRQHandler
                0x00006bb4                SPIM1_SPIS1_TWIM1_TWIS1_SPI1_TWI1_IRQHandler
                0x00006bb4                SAADC_IRQHandler
                0x00006bb4                MemManage_Handler
                0x00006bb4                CCM_AAR_IRQHandler
                0x00006bb4                WDT_IRQHandler
                0x00006bb4                SVC_Handler
                0x00006bb4                SWI5_EGU5_IRQHandler
                0x00006bb4                RNG_IRQHandler
                0x00006bb4                RTC2_IRQHandler
                0x00006bb4                PWM0_IRQHandler
                0x00006bb4                SWI3_EGU3_IRQHandler
                0x00006bb4                RTC1_IRQHandler
                0x00006bb4                SWI1_EGU1_IRQHandler
                0x00006bb4                SPIM2_SPIS2_SPI2_IRQHandler
                0x00006bb4                NFCT_IRQHandler
                0x00006bb4                BusFault_Handler
                0x00006bb4                MWU_IRQHandler
                0x00006bb4                COMP_LPCOMP_IRQHandler
 .text._write.part.0
                0x00006bb6       0x1a /home/ckq/LCMHalMCPServer/testcases/zephyr_ble_official_contrib/build/syscalls.o
 .text._write   0x00006bd0       0x16 /home/ckq/LCMHalMCPServer/testcases/zephyr_ble_official_contrib/build/syscalls.o
                0x00006bd0                _write
 .text._read    0x00006be6       0x26 /home/ckq/LCMHalMCPServer/testcases/zephyr_ble_official_contrib/build/syscalls.o
                0x00006be6                _read
 .text._close   0x00006c0c        0x6 /home/ckq/LCMHalMCPServer/testcases/zephyr_ble_official_contrib/build/syscalls.o
                0x00006c0c                _close
 .text._lseek   0x00006c12        0x4 /home/ckq/LCMHalMCPServer/testcases/zephyr_ble_official_contrib/build/syscalls.o
                0x00006c12                _lseek
 .text._fstat   0x00006c16        0xa /home/ckq/LCMHalMCPServer/testcases/zephyr_ble_official_contrib/build/syscalls.o
                0x00006c16                _fstat
 .text._isatty  0x00006c20        0x4 /home/ckq/LCMHalMCPServer/testcases/zephyr_ble_official_contrib/build/syscalls.o
                0x00006c20                _isatty
 .text._exit    0x00006c24        0x4 /home/ckq/LCMHalMCPServer/testcases/zephyr_ble_official_contrib/build/syscalls.o
                0x00006c24                _exit
 .text._kill    0x00006c28       0x10 /home/ckq/LCMHalMCPServer/testcases/zephyr_ble_official_contrib/build/syscalls.o
                0x00006c28                _kill
 .text._getpid  0x00006c38        0x4 /home/ckq/LCMHalMCPServer/testcases/zephyr_ble_official_contrib/build/syscalls.o
                0x00006c38                _getpid
 .text._sbrk    0x00006c3c       0x38 /home/ckq/LCMHalMCPServer/testcases/zephyr_ble_official_contrib/build/syscalls.o
                0x00006c3c                _sbrk
 .text.printf   0x00006c74       0x2e /home/ckq/LCMHalMCPServer/testcases/zephyr_ble_official_contrib/build/syscalls.o
                0x00006c74                printf
 *fill*         0x00006ca2        0x2 
 .text.puts     0x00006ca4       0x24 /home/ckq/LCMHalMCPServer/testcases/zephyr_ble_official_contrib/build/syscalls.o
                0x00006ca4                puts
 .text.putchar  0x00006cc8       0x18 /home/ckq/LCMHalMCPServer/testcases/zephyr_ble_official_contrib/build/syscalls.o
                0x00006cc8                putchar
 *(.glue_7)
 .glue_7        0x00006ce0        0x0 linker stubs
 *(.glue_7t)
 .glue_7t       0x00006ce0        0x0 linker stubs
 *(.eh_frame)
 *(.init)
 *(.fini)
                0x00006ce0                        . = ALIGN (0x4)
                0x00006ce0                        _etext = .

.vfp11_veneer   0x00006ce0        0x0
 .vfp11_veneer  0x00006ce0        0x0 linker stubs

.v4_bx          0x00006ce0        0x0
 .v4_bx         0x00006ce0        0x0 linker stubs

.iplt           0x00006ce0        0x0
 .iplt          0x00006ce0        0x0 /home/ckq/LCMHalMCPServer/testcases/zephyr_ble_official_contrib/build/main.o

.rodata         0x00006ce0      0xca0
                0x00006ce0                        . = ALIGN (0x4)
 *(.rodata)
 .rodata        0x00006ce0       0x20 /usr/lib/gcc/arm-none-eabi/13.2.1/../../../arm-none-eabi/lib/thumb/v7e-m+fp/hard/libc.a(libc_a-svfprintf.o)
 .rodata        0x00006d00      0x128 /usr/lib/gcc/arm-none-eabi/13.2.1/../../../arm-none-eabi/lib/thumb/v7e-m+fp/hard/libc.a(libc_a-mprec.o)
                0x00006d10                __mprec_tens
                0x00006dd8                __mprec_tinytens
                0x00006e00                __mprec_bigtens
 .rodata        0x00006e28      0x101 /usr/lib/gcc/arm-none-eabi/13.2.1/../../../arm-none-eabi/lib/thumb/v7e-m+fp/hard/libc.a(libc_a-ctype_.o)
                0x00006e28                _ctype_
 *fill*         0x00006f29        0x3 
 .rodata        0x00006f2c       0x20 /usr/lib/gcc/arm-none-eabi/13.2.1/../../../arm-none-eabi/lib/thumb/v7e-m+fp/hard/libc.a(libc_a-vfiprintf.o)
 *(.rodata*)
 .rodata.ble_receive.str1.1
                0x00006f4c      0x91d /home/ckq/LCMHalMCPServer/testcases/zephyr_ble_official_contrib/build/main.o
                                 0x19 (size before relaxing)
 .rodata.ble_send.part.0.str1.1
                0x00007869       0x15 /home/ckq/LCMHalMCPServer/testcases/zephyr_ble_official_contrib/build/main.o
 .rodata.test_ble_tx_rx.str1.1
                0x00007869       0x98 /home/ckq/LCMHalMCPServer/testcases/zephyr_ble_official_contrib/build/main.o
 .rodata.main.str1.1
                0x00007869      0x880 /home/ckq/LCMHalMCPServer/testcases/zephyr_ble_official_contrib/build/main.o
 .rodata.puts.str1.1
                0x00007869        0x2 /home/ckq/LCMHalMCPServer/testcases/zephyr_ble_official_contrib/build/syscalls.o
 *fill*         0x00007869        0x3 
 .rodata.str1.4
                0x0000786c      0x112 /usr/lib/gcc/arm-none-eabi/13.2.1/../../../arm-none-eabi/lib/thumb/v7e-m+fp/hard/libc.a(libc_a-svfprintf.o)
                                 0x42 (size before relaxing)
 .rodata.str1.4
                0x0000797e       0x54 /usr/lib/gcc/arm-none-eabi/13.2.1/../../../arm-none-eabi/lib/thumb/v7e-m+fp/hard/libc.a(libc_a-dtoa.o)
 .rodata.str1.4
                0x0000797e       0x43 /usr/lib/gcc/arm-none-eabi/13.2.1/../../../arm-none-eabi/lib/thumb/v7e-m+fp/hard/libc.a(libc_a-assert.o)
 .rodata.str1.4
                0x0000797e       0x41 /usr/lib/gcc/arm-none-eabi/13.2.1/../../../arm-none-eabi/lib/thumb/v7e-m+fp/hard/libc.a(libc_a-mprec.o)
 .rodata.str1.4
                0x0000797e       0x12 /usr/lib/gcc/arm-none-eabi/13.2.1/../../../arm-none-eabi/lib/thumb/v7e-m+fp/hard/libc.a(libc_a-locale.o)
 .rodata.str1.4
                0x0000797e       0x2f /usr/lib/gcc/arm-none-eabi/13.2.1/../../../arm-none-eabi/lib/thumb/v7e-m+fp/hard/libc.a(libc_a-vfiprintf.o)
                0x000079d4                        . = ALIGN (0x4)
 *fill*         0x0000797e        0x2 

.ARM.extab
 *(.ARM.extab* .gnu.linkonce.armextab.*)

.ARM.exidx      0x00007980        0x8
                0x00007980                        __exidx_start = .
 *(.ARM.exidx* .gnu.linkonce.armexidx.*)
 .ARM.exidx     0x00007980        0x8 /usr/lib/gcc/arm-none-eabi/13.2.1/../../../arm-none-eabi/lib/thumb/v7e-m+fp/hard/libc.a(libc_a-strlen.o)
 .ARM.exidx     0x00007988        0x0 /usr/lib/gcc/arm-none-eabi/13.2.1/../../../arm-none-eabi/lib/thumb/v7e-m+fp/hard/libc.a(libc_a-memcpy.o)
                                  0x8 (size before relaxing)
 .ARM.exidx     0x00007988        0x0 /usr/lib/gcc/arm-none-eabi/13.2.1/../../../arm-none-eabi/lib/thumb/v7e-m+fp/hard/libc.a(libc_a-memchr.o)
                                  0x8 (size before relaxing)
                0x00007988                        __exidx_end = .

.rel.dyn        0x00007988        0x0
 .rel.iplt      0x00007988        0x0 /home/ckq/LCMHalMCPServer/testcases/zephyr_ble_official_contrib/build/main.o

.preinit_array  0x00007988        0x0
                [!provide]                        PROVIDE (__preinit_array_start = .)
 *(.preinit_array*)
                [!provide]                        PROVIDE (__preinit_array_end = .)

.init_array     0x00007988        0x0
                [!provide]                        PROVIDE (__init_array_start = .)
 *(SORT_BY_NAME(.init_array.*))
 *(.init_array*)
                [!provide]                        PROVIDE (__init_array_end = .)

.fini_array     0x00007988        0x0
                [!provide]                        PROVIDE (__fini_array_start = .)
 *(SORT_BY_NAME(.fini_array.*))
 *(.fini_array*)
                [!provide]                        PROVIDE (__fini_array_end = .)

.ARM.attributes
                0x00000000       0x32
 *(.ARM.attributes)
 .ARM.attributes
                0x00000000       0x34 /home/ckq/LCMHalMCPServer/testcases/zephyr_ble_official_contrib/build/main.o
 .ARM.attributes
                0x00000034       0x25 /home/ckq/LCMHalMCPServer/testcases/zephyr_ble_official_contrib/build/startup_nrf52840.o
 .ARM.attributes
                0x00000059       0x34 /home/ckq/LCMHalMCPServer/testcases/zephyr_ble_official_contrib/build/syscalls.o
 .ARM.attributes
                0x0000008d       0x1c /usr/lib/gcc/arm-none-eabi/13.2.1/../../../arm-none-eabi/lib/thumb/v7e-m+fp/hard/libc.a(libc_a-strlen.o)
 .ARM.attributes
                0x000000a9       0x34 /usr/lib/gcc/arm-none-eabi/13.2.1/../../../arm-none-eabi/lib/thumb/v7e-m+fp/hard/libc.a(libc_a-vsnprintf.o)
 .ARM.attributes
                0x000000dd       0x34 /usr/lib/gcc/arm-none-eabi/13.2.1/../../../arm-none-eabi/lib/thumb/v7e-m+fp/hard/libc.a(libc_a-svfprintf.o)
 .ARM.attributes
                0x00000111       0x34 /usr/lib/gcc/arm-none-eabi/13.2.1/../../../arm-none-eabi/lib/thumb/v7e-m+fp/hard/libc.a(libc_a-errno.o)
 .ARM.attributes
                0x00000145       0x34 /usr/lib/gcc/arm-none-eabi/13.2.1/../../../arm-none-eabi/lib/thumb/v7e-m+fp/hard/libc.a(libc_a-impure.o)
 .ARM.attributes
                0x00000179       0x34 /usr/lib/gcc/arm-none-eabi/13.2.1/../../../arm-none-eabi/lib/thumb/v7e-m+fp/hard/libc.a(libc_a-mallocr.o)
 .ARM.attributes
                0x000001ad       0x34 /usr/lib/gcc/arm-none-eabi/13.2.1/../../../arm-none-eabi/lib/thumb/v7e-m+fp/hard/libc.a(libc_a-dtoa.o)
 .ARM.attributes
                0x000001e1       0x34 /usr/lib/gcc/arm-none-eabi/13.2.1/../../../arm-none-eabi/lib/thumb/v7e-m+fp/hard/libc.a(libc_a-freer.o)
 .ARM.attributes
                0x00000215       0x34 /usr/lib/gcc/arm-none-eabi/13.2.1/../../../arm-none-eabi/lib/thumb/v7e-m+fp/hard/libc.a(libc_a-memcmp.o)
 .ARM.attributes
                0x00000249       0x20 /usr/lib/gcc/arm-none-eabi/13.2.1/../../../arm-none-eabi/lib/thumb/v7e-m+fp/hard/libc.a(libc_a-memcpy.o)
 .ARM.attributes
                0x00000269       0x34 /usr/lib/gcc/arm-none-eabi/13.2.1/../../../arm-none-eabi/lib/thumb/v7e-m+fp/hard/libc.a(libc_a-sysconf.o)
 .ARM.attributes
                0x0000029d       0x34 /usr/lib/gcc/arm-none-eabi/13.2.1/../../../arm-none-eabi/lib/thumb/v7e-m+fp/hard/libc.a(libc_a-mlock.o)
 .ARM.attributes
                0x000002d1       0x34 /usr/lib/gcc/arm-none-eabi/13.2.1/../../../arm-none-eabi/lib/thumb/v7e-m+fp/hard/libc.a(libc_a-findfp.o)
 .ARM.attributes
                0x00000305       0x34 /usr/lib/gcc/arm-none-eabi/13.2.1/../../../arm-none-eabi/lib/thumb/v7e-m+fp/hard/libc.a(libc_a-ssprint_r.o)
 .ARM.attributes
                0x00000339       0x34 /usr/lib/gcc/arm-none-eabi/13.2.1/../../../arm-none-eabi/lib/thumb/v7e-m+fp/hard/libc.a(libc_a-sbrkr.o)
 .ARM.attributes
                0x0000036d       0x34 /usr/lib/gcc/arm-none-eabi/13.2.1/../../../arm-none-eabi/lib/thumb/v7e-m+fp/hard/libc.a(libc_a-memset.o)
 .ARM.attributes
                0x000003a1       0x34 /usr/lib/gcc/arm-none-eabi/13.2.1/../../../arm-none-eabi/lib/thumb/v7e-m+fp/hard/libc.a(libc_a-assert.o)
 .ARM.attributes
                0x000003d5       0x34 /usr/lib/gcc/arm-none-eabi/13.2.1/../../../arm-none-eabi/lib/thumb/v7e-m+fp/hard/libc.a(libc_a-mprec.o)
 .ARM.attributes
                0x00000409       0x34 /usr/lib/gcc/arm-none-eabi/13.2.1/../../../arm-none-eabi/lib/thumb/v7e-m+fp/hard/libc.a(libc_a-fwalk.o)
 .ARM.attributes
                0x0000043d       0x34 /usr/lib/gcc/arm-none-eabi/13.2.1/../../../arm-none-eabi/lib/thumb/v7e-m+fp/hard/libc.a(libc_a-localeconv.o)
 .ARM.attributes
                0x00000471       0x34 /usr/lib/gcc/arm-none-eabi/13.2.1/../../../arm-none-eabi/lib/thumb/v7e-m+fp/hard/libc.a(libc_a-locale.o)
 .ARM.attributes
                0x000004a5       0x1c /usr/lib/gcc/arm-none-eabi/13.2.1/../../../arm-none-eabi/lib/thumb/v7e-m+fp/hard/libc.a(libc_a-memchr.o)
 .ARM.attributes
                0x000004c1       0x34 /usr/lib/gcc/arm-none-eabi/13.2.1/../../../arm-none-eabi/lib/thumb/v7e-m+fp/hard/libc.a(libc_a-mbtowc_r.o)
 .ARM.attributes
                0x000004f5       0x34 /usr/lib/gcc/arm-none-eabi/13.2.1/../../../arm-none-eabi/lib/thumb/v7e-m+fp/hard/libc.a(libc_a-abort.o)
 .ARM.attributes
                0x00000529       0x34 /usr/lib/gcc/arm-none-eabi/13.2.1/../../../arm-none-eabi/lib/thumb/v7e-m+fp/hard/libc.a(libc_a-callocr.o)
 .ARM.attributes
                0x0000055d       0x34 /usr/lib/gcc/arm-none-eabi/13.2.1/../../../arm-none-eabi/lib/thumb/v7e-m+fp/hard/libc.a(libc_a-ssputs_r.o)
 .ARM.attributes
                0x00000591       0x34 /usr/lib/gcc/arm-none-eabi/13.2.1/../../../arm-none-eabi/lib/thumb/v7e-m+fp/hard/libc.a(libc_a-fiprintf.o)
 .ARM.attributes
                0x000005c5       0x34 /usr/lib/gcc/arm-none-eabi/13.2.1/../../../arm-none-eabi/lib/thumb/v7e-m+fp/hard/libc.a(libc_a-fclose.o)
 .ARM.attributes
                0x000005f9       0x34 /usr/lib/gcc/arm-none-eabi/13.2.1/../../../arm-none-eabi/lib/thumb/v7e-m+fp/hard/libc.a(libc_a-wctomb_r.o)
 .ARM.attributes
                0x0000062d       0x34 /usr/lib/gcc/arm-none-eabi/13.2.1/../../../arm-none-eabi/lib/thumb/v7e-m+fp/hard/libc.a(libc_a-stdio.o)
 .ARM.attributes
                0x00000661       0x34 /usr/lib/gcc/arm-none-eabi/13.2.1/../../../arm-none-eabi/lib/thumb/v7e-m+fp/hard/libc.a(libc_a-reent.o)
 .ARM.attributes
                0x00000695       0x34 /usr/lib/gcc/arm-none-eabi/13.2.1/../../../arm-none-eabi/lib/thumb/v7e-m+fp/hard/libc.a(libc_a-reallocr.o)
 .ARM.attributes
                0x000006c9       0x34 /usr/lib/gcc/arm-none-eabi/13.2.1/../../../arm-none-eabi/lib/thumb/v7e-m+fp/hard/libc.a(libc_a-writer.o)
 .ARM.attributes
                0x000006fd       0x34 /usr/lib/gcc/arm-none-eabi/13.2.1/../../../arm-none-eabi/lib/thumb/v7e-m+fp/hard/libc.a(libc_a-ctype_.o)
 .ARM.attributes
                0x00000731       0x34 /usr/lib/gcc/arm-none-eabi/13.2.1/../../../arm-none-eabi/lib/thumb/v7e-m+fp/hard/libc.a(libc_a-closer.o)
 .ARM.attributes
                0x00000765       0x34 /usr/lib/gcc/arm-none-eabi/13.2.1/../../../arm-none-eabi/lib/thumb/v7e-m+fp/hard/libc.a(libc_a-signal.o)
 .ARM.attributes
                0x00000799       0x34 /usr/lib/gcc/arm-none-eabi/13.2.1/../../../arm-none-eabi/lib/thumb/v7e-m+fp/hard/libc.a(libc_a-signalr.o)
 .ARM.attributes
                0x000007cd       0x34 /usr/lib/gcc/arm-none-eabi/13.2.1/../../../arm-none-eabi/lib/thumb/v7e-m+fp/hard/libc.a(libc_a-fflush.o)
 .ARM.attributes
                0x00000801       0x34 /usr/lib/gcc/arm-none-eabi/13.2.1/../../../arm-none-eabi/lib/thumb/v7e-m+fp/hard/libc.a(libc_a-memmove.o)
 .ARM.attributes
                0x00000835       0x34 /usr/lib/gcc/arm-none-eabi/13.2.1/../../../arm-none-eabi/lib/thumb/v7e-m+fp/hard/libc.a(libc_a-vfiprintf.o)
 .ARM.attributes
                0x00000869       0x34 /usr/lib/gcc/arm-none-eabi/13.2.1/../../../arm-none-eabi/lib/thumb/v7e-m+fp/hard/libc.a(libc_a-readr.o)
 .ARM.attributes
                0x0000089d       0x34 /usr/lib/gcc/arm-none-eabi/13.2.1/../../../arm-none-eabi/lib/thumb/v7e-m+fp/hard/libc.a(libc_a-wsetup.o)
 .ARM.attributes
                0x000008d1       0x34 /usr/lib/gcc/arm-none-eabi/13.2.1/../../../arm-none-eabi/lib/thumb/v7e-m+fp/hard/libc.a(libc_a-lseekr.o)
 .ARM.attributes
                0x00000905       0x34 /usr/lib/gcc/arm-none-eabi/13.2.1/../../../arm-none-eabi/lib/thumb/v7e-m+fp/hard/libc.a(libc_a-sprint_r.o)
 .ARM.attributes
                0x00000939       0x34 /usr/lib/gcc/arm-none-eabi/13.2.1/../../../arm-none-eabi/lib/thumb/v7e-m+fp/hard/libc.a(libc_a-makebuf.o)
 .ARM.attributes
                0x0000096d       0x34 /usr/lib/gcc/arm-none-eabi/13.2.1/../../../arm-none-eabi/lib/thumb/v7e-m+fp/hard/libc.a(libc_a-fstatr.o)
 .ARM.attributes
                0x000009a1       0x34 /usr/lib/gcc/arm-none-eabi/13.2.1/../../../arm-none-eabi/lib/thumb/v7e-m+fp/hard/libc.a(libc_a-isattyr.o)
 .ARM.attributes
                0x000009d5       0x34 /usr/lib/gcc/arm-none-eabi/13.2.1/../../../arm-none-eabi/lib/thumb/v7e-m+fp/hard/libc.a(libc_a-fvwrite.o)
 .ARM.attributes
                0x00000a09       0x22 /usr/lib/gcc/arm-none-eabi/13.2.1/thumb/v7e-m+fp/hard/libgcc.a(_arm_addsubdf3.o)
 .ARM.attributes
                0x00000a2b       0x22 /usr/lib/gcc/arm-none-eabi/13.2.1/thumb/v7e-m+fp/hard/libgcc.a(_arm_muldivdf3.o)
 .ARM.attributes
                0x00000a4d       0x22 /usr/lib/gcc/arm-none-eabi/13.2.1/thumb/v7e-m+fp/hard/libgcc.a(_arm_cmpdf2.o)
 .ARM.attributes
                0x00000a6f       0x22 /usr/lib/gcc/arm-none-eabi/13.2.1/thumb/v7e-m+fp/hard/libgcc.a(_arm_unorddf2.o)
 .ARM.attributes
                0x00000a91       0x22 /usr/lib/gcc/arm-none-eabi/13.2.1/thumb/v7e-m+fp/hard/libgcc.a(_arm_fixdfsi.o)
                0x00007988                        _sidata = LOADADDR (.data)

.data           0x20000000      0x6b0 load address 0x00007988
                0x20000000                        . = ALIGN (0x4)
                0x20000000                        _sdata = .
 *(.data)
 .data          0x20000000      0x128 /usr/lib/gcc/arm-none-eabi/13.2.1/../../../arm-none-eabi/lib/thumb/v7e-m+fp/hard/libc.a(libc_a-impure.o)
                0x20000000                _impure_ptr
                0x20000008                _impure_data
 .data          0x20000128      0x410 /usr/lib/gcc/arm-none-eabi/13.2.1/../../../arm-none-eabi/lib/thumb/v7e-m+fp/hard/libc.a(libc_a-mallocr.o)
                0x20000128                __malloc_av_
                0x20000530                __malloc_sbrk_base
                0x20000534                __malloc_trim_threshold
 .data          0x20000538        0xc /usr/lib/gcc/arm-none-eabi/13.2.1/../../../arm-none-eabi/lib/thumb/v7e-m+fp/hard/libc.a(libc_a-findfp.o)
                0x20000538                __sglue
 .data          0x20000544      0x16c /usr/lib/gcc/arm-none-eabi/13.2.1/../../../arm-none-eabi/lib/thumb/v7e-m+fp/hard/libc.a(libc_a-locale.o)
                0x20000544                __global_locale
 *(.data*)
                0x200006b0                        . = ALIGN (0x4)
                0x200006b0                        _edata = .

.igot.plt       0x200006b0        0x0 load address 0x00008038
 .igot.plt      0x200006b0        0x0 /home/ckq/LCMHalMCPServer/testcases/zephyr_ble_official_contrib/build/main.o

.bss            0x200006b0      0x398 load address 0x00008038
                0x200006b0                        . = ALIGN (0x4)
                0x200006b0                        _sbss = .
                0x200006b0                        __bss_start__ = _sbss
 *(.bss)
 .bss           0x200006b0       0x34 /usr/lib/gcc/arm-none-eabi/13.2.1/../../../arm-none-eabi/lib/thumb/v7e-m+fp/hard/libc.a(libc_a-mallocr.o)
                0x200006b0                __malloc_top_pad
                0x200006b4                __malloc_current_mallinfo
                0x200006dc                __malloc_max_sbrked_mem
                0x200006e0                __malloc_max_total_mem
 .bss           0x200006e4      0x13c /usr/lib/gcc/arm-none-eabi/13.2.1/../../../arm-none-eabi/lib/thumb/v7e-m+fp/hard/libc.a(libc_a-findfp.o)
                0x200006e4                __sf
                0x2000081c                __stdio_exit_handler
 .bss           0x20000820        0x4 /usr/lib/gcc/arm-none-eabi/13.2.1/../../../arm-none-eabi/lib/thumb/v7e-m+fp/hard/libc.a(libc_a-reent.o)
                0x20000820                errno
 *(.bss*)
 .bss.ble_adv_data
                0x20000824       0x1f /home/ckq/LCMHalMCPServer/testcases/zephyr_ble_official_contrib/build/main.o
 .bss.ble_tx_buffer
                0x20000843       0xff /home/ckq/LCMHalMCPServer/testcases/zephyr_ble_official_contrib/build/main.o
 .bss.ble_rx_buffer
                0x20000942       0xff /home/ckq/LCMHalMCPServer/testcases/zephyr_ble_official_contrib/build/main.o
 *fill*         0x20000a41        0x3 
 .bss.heap_end.0
                0x20000a44        0x4 /home/ckq/LCMHalMCPServer/testcases/zephyr_ble_official_contrib/build/syscalls.o
 *(COMMON)
                0x20000a48                        . = ALIGN (0x4)
                0x20000a48                        _ebss = .
                0x20000a48                        __bss_end__ = _ebss

.heap           0x20000a48    0x10000 load address 0x00008038
                0x20000a48                        . = ALIGN (0x8)
                0x20000a48                        __heap_start__ = .
                0x20000a48                        end = __heap_start__
                0x20000a48                        _end = end
                0x20000a48                        __end = end
                0x20010a48                        . = (. + 0x10000)
 *fill*         0x20000a48    0x10000 
                0x20010a48                        __heap_end__ = .
                0x20010a48                        __HeapLimit = __heap_end__

.stack          0x20010a48     0x4000 load address 0x00008038
                0x20010a48                        . = ALIGN (0x8)
                0x20010a48                        __stack_start__ = .
                0x20014a48                        . = (. + 0x4000)
 *fill*         0x20010a48     0x4000 
                0x20014a48                        __stack_end__ = .
                0x20010a48                        __StackLimit = __stack_start__
                0x20014a48                        __StackTop = __stack_end__
                [!provide]                        PROVIDE (__stack = __StackTop)

._check_stack   0x20014a48     0x1000 load address 0x00008038
                0x20014a48                        . = ALIGN (0x4)
                0x20015a48                        . = (. + 0x1000)
 *fill*         0x20014a48     0x1000 

/DISCARD/
 libc.a(*)
 libm.a(*)
 libgcc.a(*)
                0x00000000                        __flash_start = ORIGIN (FLASH)
                0x00100000                        __flash_size = LENGTH (FLASH)
                0x20000000                        __ram_start = ORIGIN (RAM)
                0x00040000                        __ram_size = LENGTH (RAM)
                0x00010000                        __heap_size = (__heap_end__ - __heap_start__)
                0x00004000                        __stack_size = (__stack_end__ - __stack_start__)
OUTPUT(/home/ckq/LCMHalMCPServer/testcases/zephyr_ble_official_contrib/build/zephyr_ble_test.elf elf32-littlearm)
LOAD linker stubs
LOAD /usr/lib/gcc/arm-none-eabi/13.2.1/../../../arm-none-eabi/lib/thumb/v7e-m+fp/hard/libc.a
LOAD /usr/lib/gcc/arm-none-eabi/13.2.1/../../../arm-none-eabi/lib/thumb/v7e-m+fp/hard/libm.a
LOAD /usr/lib/gcc/arm-none-eabi/13.2.1/thumb/v7e-m+fp/hard/libgcc.a

.comment        0x00000000       0x26
 .comment       0x00000000       0x26 /home/ckq/LCMHalMCPServer/testcases/zephyr_ble_official_contrib/build/main.o
                                 0x27 (size before relaxing)
 .comment       0x00000026       0x27 /home/ckq/LCMHalMCPServer/testcases/zephyr_ble_official_contrib/build/syscalls.o
