Archive member included to satisfy reference by file (symbol)

app/libapp.a(echo-client.c.obj)
                              (--whole-archive)
app/libapp.a(udp.c.obj)       (--whole-archive)
app/libapp.a(tcp.c.obj)       (--whole-archive)
zephyr/libzephyr.a(heap.c.obj)
                              (--whole-archive)
zephyr/libzephyr.a(cbprintf_packaged.c.obj)
                              (--whole-archive)
zephyr/libzephyr.a(printk.c.obj)
                              (--whole-archive)
zephyr/libzephyr.a(sem.c.obj)
                              (--whole-archive)
zephyr/libzephyr.a(thread_entry.c.obj)
                              (--whole-archive)
zephyr/libzephyr.a(fdtable.c.obj)
                              (--whole-archive)
zephyr/libzephyr.a(cbprintf_complete.c.obj)
                              (--whole-archive)
zephyr/libzephyr.a(assert.c.obj)
                              (--whole-archive)
zephyr/libzephyr.a(mpsc_pbuf.c.obj)
                              (--whole-archive)
zephyr/libzephyr.a(reboot.c.obj)
                              (--whole-archive)
zephyr/libzephyr.a(dec.c.obj)
                              (--whole-archive)
zephyr/libzephyr.a(hex.c.obj)
                              (--whole-archive)
zephyr/libzephyr.a(rb.c.obj)  (--whole-archive)
zephyr/libzephyr.a(timeutil.c.obj)
                              (--whole-archive)
zephyr/libzephyr.a(bitarray.c.obj)
                              (--whole-archive)
zephyr/libzephyr.a(ring_buffer.c.obj)
                              (--whole-archive)
zephyr/libzephyr.a(configs.c.obj)
                              (--whole-archive)
zephyr/libzephyr.a(stm32cube_hal.c.obj)
                              (--whole-archive)
zephyr/libzephyr.a(soc_config.c.obj)
                              (--whole-archive)
zephyr/libzephyr.a(soc.c.obj)
                              (--whole-archive)
zephyr/libzephyr.a(log_core.c.obj)
                              (--whole-archive)
zephyr/libzephyr.a(log_mgmt.c.obj)
                              (--whole-archive)
zephyr/libzephyr.a(log_cache.c.obj)
                              (--whole-archive)
zephyr/libzephyr.a(log_msg.c.obj)
                              (--whole-archive)
zephyr/libzephyr.a(log_output.c.obj)
                              (--whole-archive)
zephyr/libzephyr.a(mem_attr.c.obj)
                              (--whole-archive)
zephyr/libzephyr.a(tracing_none.c.obj)
                              (--whole-archive)
zephyr/libzephyr.a(addr_utils.c.obj)
                              (--whole-archive)
zephyr/libzephyr.a(kernel_service.c.obj)
                              (--whole-archive)
zephyr/libzephyr.a(device_service.c.obj)
                              (--whole-archive)
zephyr/libzephyr.a(date_service.c.obj)
                              (--whole-archive)
zephyr/libzephyr.a(devmem_service.c.obj)
                              (--whole-archive)
zephyr/libzephyr.a(shell_uart.c.obj)
                              (--whole-archive)
zephyr/libzephyr.a(shell.c.obj)
                              (--whole-archive)
zephyr/libzephyr.a(shell_fprintf.c.obj)
                              (--whole-archive)
zephyr/libzephyr.a(shell_utils.c.obj)
                              (--whole-archive)
zephyr/libzephyr.a(shell_ops.c.obj)
                              (--whole-archive)
zephyr/libzephyr.a(shell_log_backend.c.obj)
                              (--whole-archive)
zephyr/libzephyr.a(shell_help.c.obj)
                              (--whole-archive)
zephyr/libzephyr.a(shell_cmds.c.obj)
                              (--whole-archive)
zephyr/libzephyr.a(shell_history.c.obj)
                              (--whole-archive)
zephyr/libzephyr.a(shell_wildcard.c.obj)
                              (--whole-archive)
zephyr/arch/common/libarch__common.a(sw_isr_common.c.obj)
                              (--whole-archive)
zephyr/arch/arch/arm/core/libarch__arm__core.a(fatal.c.obj)
                              (--whole-archive)
zephyr/arch/arch/arm/core/libarch__arm__core.a(nmi.c.obj)
                              (--whole-archive)
zephyr/arch/arch/arm/core/libarch__arm__core.a(nmi_on_reset.S.obj)
                              (--whole-archive)
zephyr/arch/arch/arm/core/libarch__arm__core.a(tls.c.obj)
                              (--whole-archive)
zephyr/arch/arch/arm/core/cortex_m/libarch__arm__core__cortex_m.a(exc_exit.c.obj)
                              (--whole-archive)
zephyr/arch/arch/arm/core/cortex_m/libarch__arm__core__cortex_m.a(fault.c.obj)
                              (--whole-archive)
zephyr/arch/arch/arm/core/cortex_m/libarch__arm__core__cortex_m.a(fault_s.S.obj)
                              (--whole-archive)
zephyr/arch/arch/arm/core/cortex_m/libarch__arm__core__cortex_m.a(fpu.c.obj)
                              (--whole-archive)
zephyr/arch/arch/arm/core/cortex_m/libarch__arm__core__cortex_m.a(reset.S.obj)
                              (--whole-archive)
[...]
Memory Configuration

Name             Origin             Length             Attributes
FLASH            0x0000000008000000 0x0000000000100000 xr
RAM              0x0000000020000000 0x0000000000020000 xw
CCM              0x0000000010000000 0x0000000000010000
IDT_LIST         0x00000000ffff7fff 0x0000000000008000 xw
*default*        0x0000000000000000 0xffffffffffffffff

Linker script and memory map

                0x000000000801a140                vfprintf = __d_vfprintf
                0x0000000000000000                vfscanf = __d_vfscanf
LOAD zephyr/CMakeFiles/zephyr_pre0.dir/misc/empty_file.c.obj
LOAD app/libapp.a
LOAD zephyr/libzephyr.a
LOAD zephyr/arch/common/libarch__common.a
LOAD zephyr/arch/arch/arm/core/libarch__arm__core.a
LOAD zephyr/arch/arch/arm/core/cortex_m/libarch__arm__core__cortex_m.a
LOAD zephyr/arch/arch/arm/core/mpu/libarch__arm__core__mpu.a
LOAD zephyr/lib/libc/picolibc/liblib__libc__picolibc.a
LOAD zephyr/lib/libc/common/liblib__libc__common.a
LOAD zephyr/lib/posix/options/liblib__posix__options.a
LOAD zephyr/lib/os/zvfs/liblib__os__zvfs.a
LOAD zephyr/subsys/fs/libsubsys__fs.a
LOAD zephyr/subsys/random/libsubsys__random.a
LOAD zephyr/subsys/net/libsubsys__net.a
LOAD zephyr/subsys/net/ip/libsubsys__net__ip.a
LOAD zephyr/subsys/net/lib/config/libsubsys__net__lib__config.a
LOAD zephyr/subsys/net/conn_mgr/libsubsys__net__conn_mgr.a
LOAD zephyr/drivers/interrupt_controller/libdrivers__interrupt_controller.a
LOAD zephyr/drivers/clock_control/libdrivers__clock_control.a
LOAD zephyr/drivers/console/libdrivers__console.a
LOAD zephyr/drivers/gpio/libdrivers__gpio.a
LOAD zephyr/drivers/pinctrl/libdrivers__pinctrl.a
LOAD zephyr/drivers/reset/libdrivers__reset.a
LOAD zephyr/drivers/serial/libdrivers__serial.a
LOAD zephyr/drivers/timer/libdrivers__timer.a
LOAD modules/stm32/stm32cube/lib..__modules__hal__stm32__stm32cube.a
LOAD zephyr/kernel/libkernel.a
LOAD zephyr/CMakeFiles/offsets.dir/./arch/arm/core/offsets/offsets.c.obj
LOAD /home/chenkaiqiu/zephyr-sdk-0.16.8/arm-zephyr-eabi/bin/../lib/gcc/arm-zephyr-eabi/12.2.0/thumb/v7e-m/nofp/libgcc.a
LOAD zephyr/arch/common/libisr_tables.a
LOAD /home/chenkaiqiu/zephyr-sdk-0.16.8/arm-zephyr-eabi/bin/../lib/gcc/../../picolibc/arm-zephyr-eabi/lib/thumb/v7e-m/nofp/libc.a
LOAD /home/chenkaiqiu/zephyr-sdk-0.16.8/arm-zephyr-eabi/bin/../lib/gcc/arm-zephyr-eabi/12.2.0/thumb/v7e-m/nofp/libgcc.a
                0x0000000000000020                _region_min_align = 0x20

.rel.plt        0x0000000008000000        0x0
 *(SORT_BY_ALIGNMENT(.rel.plt))
                [!provide]                        PROVIDE (__rel_iplt_start = .)
 *(SORT_BY_ALIGNMENT(.rel.iplt))
 .rel.iplt      0x0000000008000000        0x0 app/libapp.a(echo-client.c.obj)
                [!provide]                        PROVIDE (__rel_iplt_end = .)

.rela.plt       0x0000000000000000        0x0
 *(SORT_BY_ALIGNMENT(.rela.plt))
                [!provide]                        PROVIDE (__rela_iplt_start = .)
 *(SORT_BY_ALIGNMENT(.rela.iplt))
                [!provide]                        PROVIDE (__rela_iplt_end = .)

.rel.dyn
 *(SORT_BY_ALIGNMENT(.rel.*))

.rela.dyn
 *(SORT_BY_ALIGNMENT(.rela.*))

/DISCARD/
 *(SORT_BY_ALIGNMENT(.plt))

/DISCARD/
 *(SORT_BY_ALIGNMENT(.iplt))
                0x0000000008000000                __rom_region_start = 0x8000000

rom_start       0x0000000008000000      0x188
                0x0000000008000000                __rom_start_address = .
 FILL mask 0x00
                0x0000000008000000                . = (. + (0x0 - (. - __rom_start_address)))
                0x0000000008000000                . = ALIGN (0x4)
                0x0000000008000000                . = ALIGN (0x80)
                0x0000000008000000                . = ALIGN (0x200)
                0x0000000008000000                _vector_start = .
 *(SORT_BY_ALIGNMENT(.exc_vector_table))
 *(SORT_BY_ALIGNMENT(.exc_vector_table.*))
 .exc_vector_table._vector_table_section
                0x0000000008000000       0x40 zephyr/arch/arch/arm/core/cortex_m/libarch__arm__core__cortex_m.a(vector_table.S.obj)
                0x0000000008000000                _vector_table
 *(SORT_BY_ALIGNMENT(.vectors))
                0x0000000008000188                _vector_end = .
                0x0000000008000040                . = ALIGN (0x4)
 *(SORT_BY_ALIGNMENT(.gnu.linkonce.irq_vector_table*))
 .gnu.linkonce.irq_vector_table
                0x0000000008000040      0x148 zephyr/arch/common/libisr_tables.a(isr_tables.c.obj)
                0x0000000008000040                _irq_vector_table
                0x0000000008000188                _vector_end = .

text            0x0000000008000190    0x22ea4
                0x0000000008000190                __text_region_start = .
 *(SORT_BY_ALIGNMENT(.text))
 .text          0x0000000008000190       0xa0 /home/chenkaiqiu/zephyr-sdk-0.16.8/arm-zephyr-eabi/bin/../lib/gcc/../../picolibc/arm-zephyr-eabi/lib/thumb/v7e-m/nofp/libc.a(memchr.S.o)
                0x0000000008000190                memchr
 .text          0x0000000008000230       0xa0 /home/chenkaiqiu/zephyr-sdk-0.16.8/arm-zephyr-eabi/bin/../lib/gcc/arm-zephyr-eabi/12.2.0/thumb/v7e-m/nofp/libgcc.a(_aeabi_ldivmod.o)
                0x0000000008000230                __aeabi_ldivmod
 .text          0x00000000080002d0       0x30 /home/chenkaiqiu/zephyr-sdk-0.16.8/arm-zephyr-eabi/bin/../lib/gcc/arm-zephyr-eabi/12.2.0/thumb/v7e-m/nofp/libgcc.a(_aeabi_uldivmod.o)
                0x00000000080002d0                __aeabi_uldivmod
 .text          0x0000000008000300        0x4 /home/chenkaiqiu/zephyr-sdk-0.16.8/arm-zephyr-eabi/bin/../lib/gcc/arm-zephyr-eabi/12.2.0/thumb/v7e-m/nofp/libgcc.a(_dvmd_tls.o)
                0x0000000008000300                __aeabi_ldiv0
                0x0000000008000300                __aeabi_idiv0
 .text          0x0000000008000304      0x2a0 /home/chenkaiqiu/zephyr-sdk-0.16.8/arm-zephyr-eabi/bin/../lib/gcc/arm-zephyr-eabi/12.2.0/thumb/v7e-m/nofp/libgcc.a(_udivmoddi4.o)
                0x0000000008000304                __udivmoddi4
 .text          0x00000000080005a4       0x14 /home/chenkaiqiu/zephyr-sdk-0.16.8/arm-zephyr-eabi/bin/../lib/gcc/../../picolibc/arm-zephyr-eabi/lib/thumb/v7e-m/nofp/libc.a(strcmp.S.o)
                0x00000000080005a4                strcmp
 .text          0x00000000080005b8       0x10 /home/chenkaiqiu/zephyr-sdk-0.16.8/arm-zephyr-eabi/bin/../lib/gcc/../../picolibc/arm-zephyr-eabi/lib/thumb/v7e-m/nofp/libc.a(strcpy.S.o)
                0x00000000080005b8                strcpy
 .text          0x00000000080005c8       0x10 /home/chenkaiqiu/zephyr-sdk-0.16.8/arm-zephyr-eabi/bin/../lib/gcc/../../picolibc/arm-zephyr-eabi/lib/thumb/v7e-m/nofp/libc.a(strlen.S.o)
                0x00000000080005c8                strlen
 *(SORT_BY_ALIGNMENT(.text.*))
 .text.cmd_kernel_uptime
                0x00000000080005d8       0xe8 zephyr/libzephyr.a(kernel_service.c.obj)
 .text.clock_settime
                0x00000000080006c0       0x94 zephyr/lib/posix/options/liblib__posix__options.a(clock.c.obj)
                0x00000000080006c0                clock_settime
 *fill*         0x0000000008000754        0x4 
 .text.handle_ipv4_echo_reply
                0x0000000008000758      0x140 zephyr/subsys/net/libsubsys__net.a(ping.c.obj)
 .text.handle_ipv6_echo_reply
                0x0000000008000898      0x140 zephyr/subsys/net/libsubsys__net.a(ping.c.obj)
 .text.stop_udp_and_tcp
                0x00000000080009d8       0x2c app/libapp.a(echo-client.c.obj)
 .text.event_handler.part.0
                0x0000000008000a04       0x48 app/libapp.a(echo-client.c.obj)
 .text.event_handler
                0x0000000008000a4c       0x60 app/libapp.a(echo-client.c.obj)
 .text.main     0x0000000008000aac      0x224 app/libapp.a(echo-client.c.obj)
                0x0000000008000aac                main
 .text.udp_control_init
                0x0000000008000cd0       0x2c app/libapp.a(udp.c.obj)
 .text.send_udp_data.isra.0
                0x0000000008000cfc       0x58 app/libapp.a(udp.c.obj)
 .text.process_udp_tx
                0x0000000008000d54       0xb0 app/libapp.a(udp.c.obj)
 .text.wait_reply
                0x0000000008000e04       0x60 app/libapp.a(udp.c.obj)
 .text.start_udp_proto
                0x0000000008000e64       0xc0 app/libapp.a(udp.c.obj)
 .text.process_udp_proto
                0x0000000008000f24      0x154 app/libapp.a(udp.c.obj)
 .text.init_udp
                0x0000000008001078       0x34 app/libapp.a(udp.c.obj)
                0x0000000008001078                init_udp
 .text.start_udp
                0x00000000080010ac       0xa8 app/libapp.a(udp.c.obj)
                0x00000000080010ac                start_udp
 .text.process_udp
                0x0000000008001154       0x20 app/libapp.a(udp.c.obj)
                0x0000000008001154                process_udp
 .text.stop_udp
                0x0000000008001174       0x54 app/libapp.a(udp.c.obj)
                0x0000000008001174                stop_udp
 .text.start_tcp_proto
                0x00000000080011c8       0xc0 app/libapp.a(tcp.c.obj)
 .text.send_tcp_data.part.0
                0x0000000008001288       0x54 app/libapp.a(tcp.c.obj)
 .text.send_tcp_data
                0x00000000080012dc       0x60 app/libapp.a(tcp.c.obj)
 .text.process_tcp_proto
                0x000000000800133c      0x10c app/libapp.a(tcp.c.obj)
 .text.start_tcp
                0x0000000008001448       0x6c app/libapp.a(tcp.c.obj)
                0x0000000008001448                start_tcp
 .text.process_tcp
                0x00000000080014b4       0x20 app/libapp.a(tcp.c.obj)
                0x00000000080014b4                process_tcp
 .text.stop_tcp
                0x00000000080014d4       0x24 app/libapp.a(tcp.c.obj)
                0x00000000080014d4                stop_tcp
 .text.cbvprintf_package
                0x00000000080014f8      0x3a4 zephyr/libzephyr.a(cbprintf_packaged.c.obj)
                0x00000000080014f8                cbvprintf_package
 .text.cbprintf_package_convert
                0x000000000800189c      0x3c8 zephyr/libzephyr.a(cbprintf_packaged.c.obj)
                0x000000000800189c                cbprintf_package_convert
 .text.__printk_hook_install
                0x0000000008001c64        0xc zephyr/libzephyr.a(printk.c.obj)
                0x0000000008001c64                __printk_hook_install
 .text.z_thread_entry
                0x0000000008001c70       0x34 zephyr/libzephyr.a(thread_entry.c.obj)
                0x0000000008001c70                z_thread_entry
 .text.stdinout_ioctl_vmeth
                0x0000000008001ca4       0x18 zephyr/libzephyr.a(fdtable.c.obj)
 .text._check_fd
                0x0000000008001cbc       0x38 zephyr/libzephyr.a(fdtable.c.obj)
 .text.z_fd_unref.isra.0
                0x0000000008001cf4       0x4c zephyr/libzephyr.a(fdtable.c.obj)
 .text.zvfs_get_fd_obj
                0x0000000008001d40       0x3c zephyr/libzephyr.a(fdtable.c.obj)
                0x0000000008001d40                zvfs_get_fd_obj
 .text.zvfs_get_obj_lock_and_cond
                0x0000000008001d7c       0x70 zephyr/libzephyr.a(fdtable.c.obj)
                0x0000000008001d7c                zvfs_get_obj_lock_and_cond
 .text.zvfs_get_fd_obj_and_vtable
                0x0000000008001dec       0x34 zephyr/libzephyr.a(fdtable.c.obj)
                0x0000000008001dec                zvfs_get_fd_obj_and_vtable
 .text.zvfs_reserve_fd
                0x0000000008001e20       0x8c zephyr/libzephyr.a(fdtable.c.obj)
                0x0000000008001e20                zvfs_reserve_fd
 .text.zvfs_finalize_typed_fd
                0x0000000008001eac       0x30 zephyr/libzephyr.a(fdtable.c.obj)
                0x0000000008001eac                zvfs_finalize_typed_fd
 .text.zvfs_close
                0x0000000008001edc       0x4c zephyr/libzephyr.a(fdtable.c.obj)
                0x0000000008001edc                zvfs_close
 .text.sys_reboot
                0x0000000008001f28       0x2c zephyr/libzephyr.a(reboot.c.obj)
                0x0000000008001f28                sys_reboot
 .text.timeutil_timegm64
                0x0000000008001f54       0xf0 zephyr/libzephyr.a(timeutil.c.obj)
                0x0000000008001f54                timeutil_timegm64
 .text.timeutil_timegm
                0x0000000008002044       0x20 zephyr/libzephyr.a(timeutil.c.obj)
                0x0000000008002044                timeutil_timegm
 .text.st_stm32_common_config
                0x0000000008002064       0x14 zephyr/libzephyr.a(soc_config.c.obj)
 .text.st_stm32f4_init
                0x0000000008002078       0x30 zephyr/libzephyr.a(soc.c.obj)
 .text.activate_foreach_backend
                0x00000000080020a8       0x64 zephyr/libzephyr.a(log_core.c.obj)
 .text.enable_logger
                0x000000000800210c       0x5c zephyr/libzephyr.a(log_core.c.obj)
 .text.log_process_thread_timer_expiry_fn
                0x0000000008002168        0xc zephyr/libzephyr.a(log_core.c.obj)
 .text.z_log_init
                0x0000000008002174       0x8c zephyr/libzephyr.a(log_core.c.obj)
 .text.log_set_timestamp_func
                0x0000000008002200       0x20 zephyr/libzephyr.a(log_core.c.obj)
                0x0000000008002200                log_set_timestamp_func
 .text.z_log_notify_backend_enabled
                0x0000000008002220       0x1c zephyr/libzephyr.a(log_core.c.obj)
                0x0000000008002220                z_log_notify_backend_enabled
 .text.z_log_dropped
                0x000000000800223c       0x30 zephyr/libzephyr.a(log_core.c.obj)
                0x000000000800223c                z_log_dropped
 .text.z_log_dropped_read_and_clear
                0x000000000800226c       0x20 zephyr/libzephyr.a(log_core.c.obj)
                0x000000000800226c                z_log_dropped_read_and_clear
 .text.dropped_notify
                0x000000000800228c       0x30 zephyr/libzephyr.a(log_core.c.obj)
                0x000000000800228c                dropped_notify
 .text.z_log_msg_init
                0x00000000080022bc       0x20 zephyr/libzephyr.a(log_core.c.obj)
                0x00000000080022bc                z_log_msg_init
 .text.log_core_init
                0x00000000080022dc       0x38 zephyr/libzephyr.a(log_core.c.obj)
                0x00000000080022dc                log_core_init
 .text.z_log_msg_alloc
                0x0000000008002314       0x10 zephyr/libzephyr.a(log_core.c.obj)
                0x0000000008002314                z_log_msg_alloc
 .text.z_log_msg_local_claim
                0x0000000008002324        0xc zephyr/libzephyr.a(log_core.c.obj)
                0x0000000008002324                z_log_msg_local_claim
 .text.z_log_msg_free
                0x0000000008002330       0x10 zephyr/libzephyr.a(log_core.c.obj)
                0x0000000008002330                z_log_msg_free
 .text.z_log_msg_pending
                0x0000000008002340        0xc zephyr/libzephyr.a(log_core.c.obj)
                0x0000000008002340                z_log_msg_pending
 .text.z_impl_log_process
                0x000000000800234c       0xe4 zephyr/libzephyr.a(log_core.c.obj)
                0x000000000800234c                z_impl_log_process
 .text.z_impl_log_panic
                0x0000000008002430       0x44 zephyr/libzephyr.a(log_core.c.obj)
                0x0000000008002430                z_impl_log_panic
 .text.log_process_thread_func
                0x0000000008002474       0xa4 zephyr/libzephyr.a(log_core.c.obj)
 .text.z_log_msg_post_finalize
                0x0000000008002518       0x78 zephyr/libzephyr.a(log_core.c.obj)
 .text.z_log_msg_commit
                0x0000000008002590       0x24 zephyr/libzephyr.a(log_core.c.obj)
                0x0000000008002590                z_log_msg_commit
 .text.log_source_name_get
                0x00000000080025b4       0x1c zephyr/libzephyr.a(log_mgmt.c.obj)
                0x00000000080025b4                log_source_name_get
 .text.z_log_runtime_filters_init
                0x00000000080025d0       0x3c zephyr/libzephyr.a(log_mgmt.c.obj)
                0x00000000080025d0                z_log_runtime_filters_init
 .text.log_source_id_get
                0x000000000800260c       0x38 zephyr/libzephyr.a(log_mgmt.c.obj)
                0x000000000800260c                log_source_id_get
 .text.filter_set
                0x0000000008002644       0xbc zephyr/libzephyr.a(log_mgmt.c.obj)
                0x0000000008002644                filter_set
 .text.backend_filter_set
                0x0000000008002700       0x30 zephyr/libzephyr.a(log_mgmt.c.obj)
 .text.log_backend_enable
                0x0000000008002730       0x34 zephyr/libzephyr.a(log_mgmt.c.obj)
                0x0000000008002730                log_backend_enable
 .text.log_filter_get
                0x0000000008002764       0x4c zephyr/libzephyr.a(log_mgmt.c.obj)
                0x0000000008002764                log_filter_get
 .text.z_impl_z_log_msg_static_create
                0x00000000080027b0      0x110 zephyr/libzephyr.a(log_msg.c.obj)
                0x00000000080027b0                z_impl_z_log_msg_static_create
 .text.z_log_msg_runtime_vcreate
                0x00000000080028c0       0xb0 zephyr/libzephyr.a(log_msg.c.obj)
                0x00000000080028c0                z_log_msg_runtime_vcreate
 .text.log_msg_get_source_id
                0x0000000008002970       0x18 zephyr/libzephyr.a(log_msg.c.obj)
                0x0000000008002970                log_msg_get_source_id
 .text.print_formatted
                0x0000000008002988       0x24 zephyr/libzephyr.a(log_output.c.obj)
 .text.newline_print
                0x00000000080029ac       0x1c zephyr/libzephyr.a(log_output.c.obj)
 .text.log_output_process
                0x00000000080029c8      0x2d4 zephyr/libzephyr.a(log_output.c.obj)
                0x00000000080029c8                log_output_process
 .text.log_output_dropped_process
                0x0000000008002c9c       0x58 zephyr/libzephyr.a(log_output.c.obj)
                0x0000000008002c9c                log_output_dropped_process
 .text.log_output_timestamp_freq_set
                0x0000000008002cf4       0x2c zephyr/libzephyr.a(log_output.c.obj)
                0x0000000008002cf4                log_output_timestamp_freq_set
 .text.mem_attr_get_regions
                0x0000000008002d20        0xc zephyr/libzephyr.a(mem_attr.c.obj)
                0x0000000008002d20                mem_attr_get_regions
 .text.cmd_kernel_version
                0x0000000008002d2c       0x18 zephyr/libzephyr.a(kernel_service.c.obj)
 .text.cmd_kernel_threads
                0x0000000008002d44       0x38 zephyr/libzephyr.a(kernel_service.c.obj)
 .text.shell_tdata_dump
                0x0000000008002d7c       0xd0 zephyr/libzephyr.a(kernel_service.c.obj)
 .text.cmd_kernel_stacks
                0x0000000008002e4c       0x74 zephyr/libzephyr.a(kernel_service.c.obj)
 .text.cmd_kernel_cycles
                0x0000000008002ec0       0x1c zephyr/libzephyr.a(kernel_service.c.obj)
 .text.cmd_kernel_log_level_set
                0x0000000008002edc       0x80 zephyr/libzephyr.a(kernel_service.c.obj)
 .text.cmd_kernel_sleep
                0x0000000008002f5c       0x40 zephyr/libzephyr.a(kernel_service.c.obj)
 .text.shell_stack_dump
                0x0000000008002f9c       0x64 zephyr/libzephyr.a(kernel_service.c.obj)
 .text.cmd_device_list
                0x0000000008003000       0x8c zephyr/libzephyr.a(device_service.c.obj)
 .text.date_print
                0x000000000800308c       0x30 zephyr/libzephyr.a(date_service.c.obj)
 .text.get_h_m_s
                0x00000000080030bc       0xa8 zephyr/libzephyr.a(date_service.c.obj)
 .text.cmd_date_set
                0x0000000008003164      0x120 zephyr/libzephyr.a(date_service.c.obj)
 .text.cmd_devmem
                0x0000000008003284       0xcc zephyr/libzephyr.a(devmem_service.c.obj)
 .text.cmd_dump
                0x0000000008003350      0x194 zephyr/libzephyr.a(devmem_service.c.obj)
 .text.set_bypass.isra.0
                0x00000000080034e4       0x50 zephyr/libzephyr.a(devmem_service.c.obj)
 .text.bypass_cb
                0x0000000008003534      0x118 zephyr/libzephyr.a(devmem_service.c.obj)
 .text.cmd_load
                0x000000000800364c       0xd8 zephyr/libzephyr.a(devmem_service.c.obj)
 .text.enable_shell_uart
                0x0000000008003724       0x38 zephyr/libzephyr.a(shell_uart.c.obj)
 .text.init     0x000000000800375c       0x60 zephyr/libzephyr.a(shell_uart.c.obj)
 .text.uart_callback
                0x00000000080037bc      0x100 zephyr/libzephyr.a(shell_uart.c.obj)
 .text.shell_internal_help_print
                0x00000000080038bc       0x20 zephyr/libzephyr.a(shell.c.obj)
 .text.kill_handler
                0x00000000080038dc       0x54 zephyr/libzephyr.a(shell.c.obj)
 .text.z_cursor_next_line_move.isra.0
                0x0000000008003930        0xc zephyr/libzephyr.a(shell.c.obj)
 .text.history_handle
                0x000000000800393c       0xac zephyr/libzephyr.a(shell.c.obj)
 .text.execute  0x00000000080039e8      0x2c8 zephyr/libzephyr.a(shell.c.obj)
 .text.state_set.constprop.0
                0x0000000008003cb0       0x4c zephyr/libzephyr.a(shell.c.obj)
 .text.shell_process
                0x0000000008003cfc      0x6bc zephyr/libzephyr.a(shell.c.obj)
                0x0000000008003cfc                shell_process
 .text.shell_start
                0x00000000080043b8       0x70 zephyr/libzephyr.a(shell.c.obj)
                0x00000000080043b8                shell_start
 .text.shell_thread
                0x0000000008004428       0xd8 zephyr/libzephyr.a(shell.c.obj)
                0x0000000008004428                shell_thread
 .text.cmd_help
                0x0000000008004500       0x4c zephyr/libzephyr.a(shell.c.obj)
 .text.shell_hexdump_line
                0x000000000800454c       0xe4 zephyr/libzephyr.a(shell.c.obj)
                0x000000000800454c                shell_hexdump_line
 .text.shell_init
                0x0000000008004630       0xe8 zephyr/libzephyr.a(shell.c.obj)
                0x0000000008004630                shell_init
 .text.z_shell_fprintf_fmt
                0x0000000008004718       0x28 zephyr/libzephyr.a(shell_fprintf.c.obj)
                0x0000000008004718                z_shell_fprintf_fmt
 .text.z_shell_cmd_get
                0x0000000008004740       0x74 zephyr/libzephyr.a(shell_utils.c.obj)
                0x0000000008004740                z_shell_cmd_get
 .text.shell_strtoul
                0x00000000080047b4       0x54 zephyr/libzephyr.a(shell_utils.c.obj)
                0x00000000080047b4                shell_strtoul
 .text.z_clear_eos
                0x0000000008004808       0x18 zephyr/libzephyr.a(shell_ops.c.obj)
 .text.z_cursor_next_line_move.isra.0
                0x0000000008004820        0xc zephyr/libzephyr.a(shell_ops.c.obj)
 .text.z_shell_op_cursor_vert_move
                0x000000000800482c       0x2c zephyr/libzephyr.a(shell_ops.c.obj)
                0x000000000800482c                z_shell_op_cursor_vert_move
 .text.z_shell_op_cursor_horiz_move
                0x0000000008004858       0x2c zephyr/libzephyr.a(shell_ops.c.obj)
                0x0000000008004858                z_shell_op_cursor_horiz_move
 .text.z_shell_print_cmd
                0x0000000008004884       0x78 zephyr/libzephyr.a(shell_ops.c.obj)
                0x0000000008004884                z_shell_print_cmd
 .text.z_shell_vt100_color_set
                0x00000000080048fc       0x40 zephyr/libzephyr.a(shell_ops.c.obj)
                0x00000000080048fc                z_shell_vt100_color_set
 .text.z_shell_vt100_colors_restore
                0x000000000800493c       0x3c zephyr/libzephyr.a(shell_ops.c.obj)
                0x000000000800493c                z_shell_vt100_colors_restore
 .text.z_shell_op_word_remove
                0x0000000008004978       0xc8 zephyr/libzephyr.a(shell_ops.c.obj)
                0x0000000008004978                z_shell_op_word_remove
 .text.reprint_from_cursor
                0x0000000008004a40       0x7c zephyr/libzephyr.a(shell_ops.c.obj)
 .text.z_shell_op_char_insert
                0x0000000008004abc       0x70 zephyr/libzephyr.a(shell_ops.c.obj)
                0x0000000008004abc                z_shell_op_char_insert
 .text.z_shell_print_prompt_and_cmd
                0x0000000008004b2c       0x30 zephyr/libzephyr.a(shell_ops.c.obj)
                0x0000000008004b2c                z_shell_print_prompt_and_cmd
 .text.z_cursor_next_line_move.isra.0
                0x0000000008004b5c        0xc zephyr/libzephyr.a(shell_help.c.obj)
 .text.z_shell_help_subcmd_print
                0x0000000008004b68       0xb4 zephyr/libzephyr.a(shell_help.c.obj)
                0x0000000008004b68                z_shell_help_subcmd_print
 .text.z_shell_help_cmd_print
                0x0000000008004c1c       0x40 zephyr/libzephyr.a(shell_help.c.obj)
                0x0000000008004c1c                z_shell_help_cmd_print
 .text.z_shell_help_request
                0x0000000008004c5c       0x28 zephyr/libzephyr.a(shell_help.c.obj)
                0x0000000008004c5c                z_shell_help_request
 .text.cmd_resize_default
                0x0000000008004c84       0x2c zephyr/libzephyr.a(shell_cmds.c.obj)
 .text.cmd_shell_stats_show
                0x0000000008004cb0       0x18 zephyr/libzephyr.a(shell_cmds.c.obj)
 .text.cmd_backends
                0x0000000008004cc8       0x54 zephyr/libzephyr.a(shell_cmds.c.obj)
 .text.cmd_prompt_off
                0x0000000008004d1c       0x10 zephyr/libzephyr.a(shell_cmds.c.obj)
 .text.cmd_history
                0x0000000008004d2c       0x44 zephyr/libzephyr.a(shell_cmds.c.obj)
 .text.cmd_get_retval
                0x0000000008004d70       0x1c zephyr/libzephyr.a(shell_cmds.c.obj)
 .text.cmd_echo
                0x0000000008004d8c       0x58 zephyr/libzephyr.a(shell_cmds.c.obj)
 .text.cmd_clear
                0x0000000008004de4       0x34 zephyr/libzephyr.a(shell_cmds.c.obj)
 .text.cmd_resize
                0x0000000008004e18      0x1a8 zephyr/libzephyr.a(shell_cmds.c.obj)
 .text.z_shell_wildcard_process
                0x0000000008004fc0       0xe4 zephyr/libzephyr.a(shell_wildcard.c.obj)
                0x0000000008004fc0                z_shell_wildcard_process
 .text.z_arm_fatal_error
                0x00000000080050a4       0xe0 zephyr/arch/arch/arm/core/libarch__arm__core.a(fatal.c.obj)
                0x00000000080050a4                z_arm_fatal_error
 .text.z_arm_nmi
                0x0000000008005184       0x14 zephyr/arch/arch/arm/core/libarch__arm__core.a(nmi.c.obj)
                0x0000000008005184                z_arm_nmi
 .text.z_SysNmiOnReset
                0x0000000008005198        0x8 zephyr/arch/arch/arm/core/libarch__arm__core.a(nmi_on_reset.S.obj)
                0x0000000008005198                z_SysNmiOnReset
 .text.arch_tls_stack_setup
                0x00000000080051a0       0x40 zephyr/arch/arch/arm/core/libarch__arm__core.a(tls.c.obj)
                0x00000000080051a0                arch_tls_stack_setup
 .text._HandlerModeExit
                0x00000000080051e0       0x28 zephyr/arch/arch/arm/core/cortex_m/libarch__arm__core__cortex_m.a(exc_exit.c.obj)
                0x00000000080051e0                z_arm_exc_exit
                0x00000000080051e0                z_arm_int_exit
 .text.bus_fault.constprop.0
                0x0000000008005208      0x108 zephyr/arch/arch/arm/core/cortex_m/libarch__arm__core__cortex_m.a(fault.c.obj)
 .text.usage_fault.constprop.0
                0x0000000008005310       0xdc zephyr/arch/arch/arm/core/cortex_m/libarch__arm__core__cortex_m.a(fault.c.obj)
 .text.mem_manage_fault
                0x00000000080053ec      0x140 zephyr/arch/arch/arm/core/cortex_m/libarch__arm__core__cortex_m.a(fault.c.obj)
 .text.z_arm_fault
                0x000000000800552c      0x20c zephyr/arch/arch/arm/core/cortex_m/libarch__arm__core__cortex_m.a(fault.c.obj)
                0x000000000800552c                z_arm_fault
 .text.z_arm_fault_init
                0x0000000008005738       0x10 zephyr/arch/arch/arm/core/cortex_m/libarch__arm__core__cortex_m.a(fault.c.obj)
                0x0000000008005738                z_arm_fault_init
 .text.__fault  0x0000000008005748       0x14 zephyr/arch/arch/arm/core/cortex_m/libarch__arm__core__cortex_m.a(fault_s.S.obj)
                0x0000000008005748                z_arm_bus_fault
                0x0000000008005748                z_arm_usage_fault
                0x0000000008005748                z_arm_mpu_fault
                0x0000000008005748                z_arm_exc_spurious
                0x0000000008005748                z_arm_debug_monitor
                0x0000000008005748                z_arm_hard_fault
 .text._reset_section
                0x000000000800575c       0x38 zephyr/arch/arch/arm/core/cortex_m/libarch__arm__core__cortex_m.a(reset.S.obj)
                0x000000000800575c                z_arm_reset
                0x000000000800575c                __start
 .text.sys_arch_reboot
                0x0000000008005794       0x24 zephyr/arch/arch/arm/core/cortex_m/libarch__arm__core__cortex_m.a(scb.c.obj)
                0x0000000008005794                sys_arch_reboot
 .text.z_impl_k_thread_abort
                0x00000000080057b8       0x2c zephyr/arch/arch/arm/core/cortex_m/libarch__arm__core__cortex_m.a(thread_abort.c.obj)
                0x00000000080057b8                z_impl_k_thread_abort
 .text.arch_swap
                0x00000000080057e4       0x34 zephyr/arch/arch/arm/core/cortex_m/libarch__arm__core__cortex_m.a(swap.c.obj)
                0x00000000080057e4                arch_swap
 .text.z_arm_pendsv_c
                0x0000000008005818       0x50 zephyr/arch/arch/arm/core/cortex_m/libarch__arm__core__cortex_m.a(swap.c.obj)
                0x0000000008005818                z_arm_pendsv_c
 .text.z_arm_pendsv
                0x0000000008005868       0x34 zephyr/arch/arch/arm/core/cortex_m/libarch__arm__core__cortex_m.a(swap_helper.S.obj)
                0x0000000008005868                z_arm_pendsv
 .text.z_arm_svc
                0x000000000800589c       0x20 zephyr/arch/arch/arm/core/cortex_m/libarch__arm__core__cortex_m.a(swap_helper.S.obj)
                0x000000000800589c                z_arm_svc
 .text.arch_irq_enable
                0x00000000080058bc       0x1c zephyr/arch/arch/arm/core/cortex_m/libarch__arm__core__cortex_m.a(irq_manage.c.obj)
                0x00000000080058bc                arch_irq_enable
 .text.z_arm_irq_priority_set
                0x00000000080058d8       0x30 zephyr/arch/arch/arm/core/cortex_m/libarch__arm__core__cortex_m.a(irq_manage.c.obj)
                0x00000000080058d8                z_arm_irq_priority_set
 .text.z_prep_c
                0x0000000008005908       0x48 zephyr/arch/arch/arm/core/cortex_m/libarch__arm__core__cortex_m.a(prep_c.c.obj)
                0x0000000008005908                z_prep_c
 .text.arch_new_thread
                0x0000000008005950       0x38 zephyr/arch/arch/arm/core/cortex_m/libarch__arm__core__cortex_m.a(thread.c.obj)
                0x0000000008005950                arch_new_thread
 .text.z_check_thread_stack_fail
                0x0000000008005988       0x30 zephyr/arch/arch/arm/core/cortex_m/libarch__arm__core__cortex_m.a(thread.c.obj)
                0x0000000008005988                z_check_thread_stack_fail
 .text.arch_switch_to_main_thread
                0x00000000080059b8       0x48 zephyr/arch/arch/arm/core/cortex_m/libarch__arm__core__cortex_m.a(thread.c.obj)
                0x00000000080059b8                arch_switch_to_main_thread
 .text.z_arm_cpu_idle_init
                0x0000000008005a00        0xc zephyr/arch/arch/arm/core/cortex_m/libarch__arm__core__cortex_m.a(cpu_idle.c.obj)
                0x0000000008005a00                z_arm_cpu_idle_init
 .text.z_arm_interrupt_init
                0x0000000008005a0c       0x18 zephyr/arch/arch/arm/core/cortex_m/libarch__arm__core__cortex_m.a(irq_init.c.obj)
                0x0000000008005a0c                z_arm_interrupt_init
 .text._isr_wrapper
                0x0000000008005a24       0x24 zephyr/arch/arch/arm/core/cortex_m/libarch__arm__core__cortex_m.a(isr_wrapper.c.obj)
                0x0000000008005a24                _isr_wrapper
 .text.z_arm_configure_static_mpu_regions
                0x0000000008005a48       0x18 zephyr/arch/arch/arm/core/mpu/libarch__arm__core__mpu.a(arm_core_mpu.c.obj)
                0x0000000008005a48                z_arm_configure_static_mpu_regions
 .text.z_arm_configure_dynamic_mpu_regions
                0x0000000008005a60       0x24 zephyr/arch/arch/arm/core/mpu/libarch__arm__core__mpu.a(arm_core_mpu.c.obj)
                0x0000000008005a60                z_arm_configure_dynamic_mpu_regions
 .text.region_allocate_and_init
                0x0000000008005a84       0x58 zephyr/arch/arch/arm/core/mpu/libarch__arm__core__mpu.a(arm_mpu.c.obj)
 .text.mpu_configure_regions
                0x0000000008005adc       0x70 zephyr/arch/arch/arm/core/mpu/libarch__arm__core__mpu.a(arm_mpu.c.obj)
 .text.arm_core_mpu_enable
                0x0000000008005b4c       0x18 zephyr/arch/arch/arm/core/mpu/libarch__arm__core__mpu.a(arm_mpu.c.obj)
                0x0000000008005b4c                arm_core_mpu_enable
 .text.arm_core_mpu_disable
                0x0000000008005b64       0x14 zephyr/arch/arch/arm/core/mpu/libarch__arm__core__mpu.a(arm_mpu.c.obj)
                0x0000000008005b64                arm_core_mpu_disable
 .text.arm_core_mpu_configure_static_mpu_regions
                0x0000000008005b78       0x14 zephyr/arch/arch/arm/core/mpu/libarch__arm__core__mpu.a(arm_mpu.c.obj)
                0x0000000008005b78                arm_core_mpu_configure_static_mpu_regions
 .text.arm_core_mpu_configure_dynamic_mpu_regions
                0x0000000008005b8c       0x38 zephyr/arch/arch/arm/core/mpu/libarch__arm__core__mpu.a(arm_mpu.c.obj)
                0x0000000008005b8c                arm_core_mpu_configure_dynamic_mpu_regions
 .text.z_arm_mpu_init
                0x0000000008005bc4      0x17c zephyr/arch/arch/arm/core/mpu/libarch__arm__core__mpu.a(arm_mpu.c.obj)
                0x0000000008005bc4                z_arm_mpu_init
 .text.z_impl_zephyr_fputc
                0x0000000008005d40       0x10 zephyr/lib/libc/picolibc/liblib__libc__picolibc.a(libc-hooks.c.obj)
                0x0000000008005d40                z_impl_zephyr_fputc
 .text.__stdout_hook_install
                0x0000000008005d50       0x18 zephyr/lib/libc/picolibc/liblib__libc__picolibc.a(libc-hooks.c.obj)
                0x0000000008005d50                __stdout_hook_install
 .text.cbvprintf
                0x0000000008005d68       0x38 zephyr/lib/libc/picolibc/liblib__libc__picolibc.a(libc-hooks.c.obj)
                0x0000000008005d68                cbvprintf
 .text.malloc_prepare
                0x0000000008005da0       0x24 zephyr/lib/libc/common/liblib__libc__common.a(malloc.c.obj)
 .text.pthread_barrier_pool_init
                0x0000000008005dc4       0x28 zephyr/lib/posix/options/liblib__posix__options.a(barrier.c.obj)
 .text.getopt_init
                0x0000000008005dec       0x48 zephyr/lib/posix/options/liblib__posix__options.a(getopt.c.obj)
                0x0000000008005dec                getopt_init
 .text.getopt   0x0000000008005e34       0xf8 zephyr/lib/posix/options/liblib__posix__options.a(getopt.c.obj)
                0x0000000008005e34                getopt
 .text.z_getopt_global_state_update
                0x0000000008005f2c       0x34 zephyr/lib/posix/options/liblib__posix__options.a(getopt_common.c.obj)
                0x0000000008005f2c                z_getopt_global_state_update
 .text.getopt_state_get
                0x0000000008005f60        0x8 zephyr/lib/posix/options/liblib__posix__options.a(getopt_common.c.obj)
                0x0000000008005f60                getopt_state_get
 .text.z_impl___posix_clock_get_base
                0x0000000008005f68       0x54 zephyr/lib/posix/options/liblib__posix__options.a(clock.c.obj)
                0x0000000008005f68                z_impl___posix_clock_get_base
 .text.clock_gettime
                0x0000000008005fbc       0x88 zephyr/lib/posix/options/liblib__posix__options.a(clock.c.obj)
                0x0000000008005fbc                clock_gettime
 .text.pthread_cond_pool_init
                0x0000000008006044       0x20 zephyr/lib/posix/options/liblib__posix__options.a(cond.c.obj)
 .text.pthread_mutex_pool_init
                0x0000000008006064       0x20 zephyr/lib/posix/options/liblib__posix__options.a(mutex.c.obj)
 .text.posix_thread_pool_init
                0x0000000008006084       0x38 zephyr/lib/posix/options/liblib__posix__options.a(pthread.c.obj)
 .text.zvfs_eventfd_ioctl_op
                0x00000000080060bc      0x130 zephyr/lib/os/zvfs/liblib__os__zvfs.a(zvfs_eventfd.c.obj)
 .text.zvfs_eventfd_rw_op
                0x00000000080061ec       0xfc zephyr/lib/os/zvfs/liblib__os__zvfs.a(zvfs_eventfd.c.obj)
 .text.zvfs_eventfd_write_op
                0x00000000080062e8        0xc zephyr/lib/os/zvfs/liblib__os__zvfs.a(zvfs_eventfd.c.obj)
 .text.zvfs_eventfd_read_op
                0x00000000080062f4        0xc zephyr/lib/os/zvfs/liblib__os__zvfs.a(zvfs_eventfd.c.obj)
 .text.zvfs_eventfd_close_op
                0x0000000008006300       0xac zephyr/lib/os/zvfs/liblib__os__zvfs.a(zvfs_eventfd.c.obj)
 .text.zvfs_eventfd
                0x00000000080063ac       0xb0 zephyr/lib/os/zvfs/liblib__os__zvfs.a(zvfs_eventfd.c.obj)
                0x00000000080063ac                zvfs_eventfd
 .text.zvfs_eventfd_read
                0x000000000800645c       0x2c zephyr/lib/os/zvfs/liblib__os__zvfs.a(zvfs_eventfd.c.obj)
                0x000000000800645c                zvfs_eventfd_read
 .text.z_impl_sys_rand_get
                0x0000000008006488       0x84 zephyr/subsys/random/libsubsys__random.a(random_timer.c.obj)
                0x0000000008006488                z_impl_sys_rand_get
 .text.net_buf_destroy
                0x000000000800650c       0x38 zephyr/subsys/net/libsubsys__net.a(buf.c.obj)
 .text.net_buf_id
                0x0000000008006544       0x20 zephyr/subsys/net/libsubsys__net.a(buf.c.obj)
                0x0000000008006544                net_buf_id
 .text.fixed_data_alloc
                0x0000000008006564       0x24 zephyr/subsys/net/libsubsys__net.a(buf.c.obj)
 .text.net_buf_alloc_len
                0x0000000008006588      0x118 zephyr/subsys/net/libsubsys__net.a(buf.c.obj)
                0x0000000008006588                net_buf_alloc_len
 .text.net_buf_unref
                0x00000000080066a0       0x38 zephyr/subsys/net/libsubsys__net.a(buf.c.obj)
                0x00000000080066a0                net_buf_unref
 .text.trigger_net_event
                0x00000000080066d8       0x34 zephyr/subsys/net/libsubsys__net.a(hostname.c.obj)
 .text.net_hostname_get
                0x000000000800670c        0x8 zephyr/subsys/net/libsubsys__net.a(hostname.c.obj)
                0x000000000800670c                net_hostname_get
 .text.net_hostname_init
                0x0000000008006714       0x18 zephyr/subsys/net/libsubsys__net.a(hostname.c.obj)
                0x0000000008006714                net_hostname_init
 .text.ipv4_multicast_group
                0x000000000800672c       0x70 zephyr/subsys/net/libsubsys__net.a(sockets.c.obj)
 .text.ipv6_multicast_group
                0x000000000800679c       0x70 zephyr/subsys/net/libsubsys__net.a(sockets.c.obj)
 .text.zsock_socket_internal
                0x000000000800680c       0x88 zephyr/subsys/net/libsubsys__net.a(sockets.c.obj)
 .text.zsock_accepted_cb
                0x0000000008006894       0x4c zephyr/subsys/net/libsubsys__net.a(sockets.c.obj)
 .text.send_check_and_wait
                0x00000000080068e0      0x104 zephyr/subsys/net/libsubsys__net.a(sockets.c.obj)
 .text.sock_ioctl_vmeth
                0x00000000080069e4      0x1e4 zephyr/subsys/net/libsubsys__net.a(sockets.c.obj)
 .text.z_impl_zsock_socket
                0x0000000008006bc8       0x64 zephyr/subsys/net/libsubsys__net.a(sockets.c.obj)
                0x0000000008006bc8                z_impl_zsock_socket
 .text.zsock_close_ctx
                0x0000000008006c2c       0x60 zephyr/subsys/net/libsubsys__net.a(sockets.c.obj)
                0x0000000008006c2c                zsock_close_ctx
 .text.zsock_shutdown_ctx
                0x0000000008006c8c       0x68 zephyr/subsys/net/libsubsys__net.a(sockets.c.obj)
                0x0000000008006c8c                zsock_shutdown_ctx
 .text.zsock_bind_ctx
                0x0000000008006cf4       0x4c zephyr/subsys/net/libsubsys__net.a(sockets.c.obj)
                0x0000000008006cf4                zsock_bind_ctx
 .text.zsock_connect_ctx
                0x0000000008006d40       0xc8 zephyr/subsys/net/libsubsys__net.a(sockets.c.obj)
                0x0000000008006d40                zsock_connect_ctx
 .text.z_impl_zsock_connect
                0x0000000008006e08       0x58 zephyr/subsys/net/libsubsys__net.a(sockets.c.obj)
                0x0000000008006e08                z_impl_zsock_connect
 .text.zsock_listen_ctx
                0x0000000008006e60       0x3c zephyr/subsys/net/libsubsys__net.a(sockets.c.obj)
                0x0000000008006e60                zsock_listen_ctx
 .text.zsock_sendto_ctx
                0x0000000008006e9c      0x104 zephyr/subsys/net/libsubsys__net.a(sockets.c.obj)
                0x0000000008006e9c                zsock_sendto_ctx
 .text.z_impl_zsock_sendto
                0x0000000008006fa0       0x6c zephyr/subsys/net/libsubsys__net.a(sockets.c.obj)
                0x0000000008006fa0                z_impl_zsock_sendto
 .text.zsock_sendmsg_ctx
                0x000000000800700c       0xb4 zephyr/subsys/net/libsubsys__net.a(sockets.c.obj)
                0x000000000800700c                zsock_sendmsg_ctx
 .text.zsock_wait_data
                0x00000000080070c0       0x6c zephyr/subsys/net/libsubsys__net.a(sockets.c.obj)
                0x00000000080070c0                zsock_wait_data
 .text.zsock_accept_ctx
                0x000000000800712c      0x114 zephyr/subsys/net/libsubsys__net.a(sockets.c.obj)
                0x000000000800712c                zsock_accept_ctx
 .text.zsock_recv_dgram
                0x0000000008007240      0x2dc zephyr/subsys/net/libsubsys__net.a(sockets.c.obj)
 .text.zsock_recv_stream
                0x000000000800751c      0x1a4 zephyr/subsys/net/libsubsys__net.a(sockets.c.obj)
 .text.zsock_recvfrom_ctx
                0x00000000080076c0       0x58 zephyr/subsys/net/libsubsys__net.a(sockets.c.obj)
                0x00000000080076c0                zsock_recvfrom_ctx
 .text.z_impl_zsock_recvfrom
                0x0000000008007718       0x6c zephyr/subsys/net/libsubsys__net.a(sockets.c.obj)
                0x0000000008007718                z_impl_zsock_recvfrom
 .text.zsock_recvmsg_ctx
                0x0000000008007784       0x6c zephyr/subsys/net/libsubsys__net.a(sockets.c.obj)
                0x0000000008007784                zsock_recvmsg_ctx
 .text.zsock_poll_internal
                0x00000000080077f0      0x204 zephyr/subsys/net/libsubsys__net.a(sockets.c.obj)
                0x00000000080077f0                zsock_poll_internal
 .text.zsock_getsockopt_ctx
                0x00000000080079f4       0xd8 zephyr/subsys/net/libsubsys__net.a(sockets.c.obj)
                0x00000000080079f4                zsock_getsockopt_ctx
 .text.zsock_setsockopt_ctx
                0x0000000008007acc      0x188 zephyr/subsys/net/libsubsys__net.a(sockets.c.obj)
                0x0000000008007acc                zsock_setsockopt_ctx
 .text.z_impl_zsock_setsockopt
                0x0000000008007c54       0x68 zephyr/subsys/net/libsubsys__net.a(sockets.c.obj)
                0x0000000008007c54                z_impl_zsock_setsockopt
 .text.zsock_getpeername_ctx
                0x0000000008007cbc       0xac zephyr/subsys/net/libsubsys__net.a(sockets.c.obj)
                0x0000000008007cbc                zsock_getpeername_ctx
 .text.zsock_getsockname_ctx
                0x0000000008007d68       0x78 zephyr/subsys/net/libsubsys__net.a(sockets.c.obj)
                0x0000000008007d68                zsock_getsockname_ctx
 .text.get_iface_idx
                0x0000000008007de0       0x80 zephyr/subsys/net/libsubsys__net.a(net_shell.c.obj)
                0x0000000008007de0                get_iface_idx
 .text.addrtype2str
                0x0000000008007e60       0x18 zephyr/subsys/net/libsubsys__net.a(net_shell.c.obj)
                0x0000000008007e60                addrtype2str
 .text.addrstate2str
                0x0000000008007e78       0x1c zephyr/subsys/net/libsubsys__net.a(net_shell.c.obj)
                0x0000000008007e78                addrstate2str
 .text.get_addresses
                0x0000000008007e94       0xdc zephyr/subsys/net/libsubsys__net.a(net_shell.c.obj)
                0x0000000008007e94                get_addresses
 .text.iface2str
                0x0000000008007f70       0x14 zephyr/subsys/net/libsubsys__net.a(net_shell.c.obj)
                0x0000000008007f70                iface2str
 .text.cmd_net_allocs
                0x0000000008007f84       0x34 zephyr/subsys/net/libsubsys__net.a(allocs.c.obj)
 .text.print_arp_error
                0x0000000008007fb8       0x34 zephyr/subsys/net/libsubsys__net.a(arp.c.obj)
 .text.cmd_net_capture
                0x0000000008007fec       0x34 zephyr/subsys/net/libsubsys__net.a(capture.c.obj)
 .text.cmd_net_conn
                0x0000000008008020       0xd4 zephyr/subsys/net/libsubsys__net.a(conn.c.obj)
 .text.tcp_cb   0x00000000080080f4       0x84 zephyr/subsys/net/libsubsys__net.a(conn.c.obj)
 .text.context_cb
                0x0000000008008178      0x120 zephyr/subsys/net/libsubsys__net.a(conn.c.obj)
 .text.cmd_net_dhcpv4_server_start
                0x0000000008008298       0x34 zephyr/subsys/net/libsubsys__net.a(dhcpv4.c.obj)
 .text.cmd_net_dns_query
                0x00000000080082cc       0x1c zephyr/subsys/net/libsubsys__net.a(dns.c.obj)
 .text.cmd_net_dns_cancel
                0x00000000080082e8       0x34 zephyr/subsys/net/libsubsys__net.a(dns.c.obj)
 .text.cmd_net_events_on
                0x000000000800831c       0x1c zephyr/subsys/net/libsubsys__net.a(events.c.obj)
 .text.cmd_net_gptp_port
                0x0000000008008338       0x34 zephyr/subsys/net/libsubsys__net.a(gptp.c.obj)
 .text.cmd_net_http
                0x000000000800836c       0x34 zephyr/subsys/net/libsubsys__net.a(http.c.obj)
 .text.cmd_net_set_mac
                0x00000000080083a0       0x20 zephyr/subsys/net/libsubsys__net.a(iface.c.obj)
 .text.iface_flags2str
                0x00000000080083c0      0x104 zephyr/subsys/net/libsubsys__net.a(iface.c.obj)
 .text.iface_cb
                0x00000000080084c4      0x7dc zephyr/subsys/net/libsubsys__net.a(iface.c.obj)
 .text.cmd_net_iface_up
                0x0000000008008ca0       0xa0 zephyr/subsys/net/libsubsys__net.a(iface.c.obj)
 .text.cmd_net_iface_down
                0x0000000008008d40       0x84 zephyr/subsys/net/libsubsys__net.a(iface.c.obj)
 .text.cmd_net_iface
                0x0000000008008dc4       0x78 zephyr/subsys/net/libsubsys__net.a(iface.c.obj)
 .text.iface_index_get
                0x0000000008008e3c       0xa8 zephyr/subsys/net/libsubsys__net.a(iface.c.obj)
 .text.cmd_net_ipv4
                0x0000000008008ee4       0xb8 zephyr/subsys/net/libsubsys__net.a(ipv4.c.obj)
 .text.ip_address_lifetime_cb
                0x0000000008008f9c      0x148 zephyr/subsys/net/libsubsys__net.a(ipv4.c.obj)
 .text.cmd_net_ip_gateway
                0x00000000080090e4       0x9c zephyr/subsys/net/libsubsys__net.a(ipv4.c.obj)
 .text.cmd_net_ip_add
                0x0000000008009180      0x168 zephyr/subsys/net/libsubsys__net.a(ipv4.c.obj)
 .text.cmd_net_ip_del
                0x00000000080092e8      0x100 zephyr/subsys/net/libsubsys__net.a(ipv4.c.obj)
 .text.cmd_net_ip6_pe
                0x00000000080093e8       0x34 zephyr/subsys/net/libsubsys__net.a(ipv6.c.obj)
 .text.cmd_net_ipv6
                0x000000000800941c      0x160 zephyr/subsys/net/libsubsys__net.a(ipv6.c.obj)
 .text.cmd_net_ip6_add
                0x000000000800957c      0x150 zephyr/subsys/net/libsubsys__net.a(ipv6.c.obj)
 .text.cmd_net_ip6_del
                0x00000000080096cc      0x140 zephyr/subsys/net/libsubsys__net.a(ipv6.c.obj)
 .text.address_lifetime_cb
                0x000000000800980c      0x1f0 zephyr/subsys/net/libsubsys__net.a(ipv6.c.obj)
 .text.cmd_net_mem
                0x00000000080099fc      0x138 zephyr/subsys/net/libsubsys__net.a(mem.c.obj)
 .text.context_info
                0x0000000008009b34       0xb4 zephyr/subsys/net/libsubsys__net.a(mem.c.obj)
 .text.nbr_address_get
                0x0000000008009be8       0x50 zephyr/subsys/net/libsubsys__net.a(nbr.c.obj)
 .text.nbr_address_cb
                0x0000000008009c38       0x34 zephyr/subsys/net/libsubsys__net.a(nbr.c.obj)
 .text.cmd_net_nbr
                0x0000000008009c6c       0x3c zephyr/subsys/net/libsubsys__net.a(nbr.c.obj)
 .text.cmd_net_nbr_rm
                0x0000000008009ca8       0xa8 zephyr/subsys/net/libsubsys__net.a(nbr.c.obj)
 .text.nbr_cb   0x0000000008009d50      0x1a4 zephyr/subsys/net/libsubsys__net.a(nbr.c.obj)
 .text.parse_arg
                0x0000000008009ef4       0x68 zephyr/subsys/net/libsubsys__net.a(ping.c.obj)
 .text.ping_bypass
                0x0000000008009f5c       0x34 zephyr/subsys/net/libsubsys__net.a(ping.c.obj)
 .text.cmd_net_ping
                0x0000000008009f90      0x290 zephyr/subsys/net/libsubsys__net.a(ping.c.obj)
 .text.ping_done
                0x000000000800a220       0x2c zephyr/subsys/net/libsubsys__net.a(ping.c.obj)
 .text.ping_work
                0x000000000800a24c       0xa4 zephyr/subsys/net/libsubsys__net.a(ping.c.obj)
 .text.cmd_net_pkt
                0x000000000800a2f0      0x240 zephyr/subsys/net/libsubsys__net.a(pkt.c.obj)
 .text.cmd_net_ppp_status
                0x000000000800a530       0x34 zephyr/subsys/net/libsubsys__net.a(ppp.c.obj)
 .text.cmd_net_ppp_ping
                0x000000000800a564       0x34 zephyr/subsys/net/libsubsys__net.a(ppp.c.obj)
 .text.cmd_net_resume
                0x000000000800a598       0x1c zephyr/subsys/net/libsubsys__net.a(resume.c.obj)
 .text.cmd_net_route
                0x000000000800a5b4       0x18 zephyr/subsys/net/libsubsys__net.a(route.c.obj)
 .text.iface_per_route_cb
                0x000000000800a5cc       0x74 zephyr/subsys/net/libsubsys__net.a(route.c.obj)
 .text.route_cb
                0x000000000800a640      0x184 zephyr/subsys/net/libsubsys__net.a(route.c.obj)
 .text.cmd_net_ip6_route_del
                0x000000000800a7c4       0xb4 zephyr/subsys/net/libsubsys__net.a(route.c.obj)
 .text.cmd_net_ip6_route_add
                0x000000000800a878       0xf8 zephyr/subsys/net/libsubsys__net.a(route.c.obj)
 .text.cmd_net_sockets
                0x000000000800a970       0x48 zephyr/subsys/net/libsubsys__net.a(sockets.c.obj)
 .text.net_shell_print_statistics
                0x000000000800a9b8      0x590 zephyr/subsys/net/libsubsys__net.a(stats.c.obj)
 .text.cmd_net_stats_iface
                0x000000000800af48       0x80 zephyr/subsys/net/libsubsys__net.a(stats.c.obj)
                0x000000000800af48                cmd_net_stats_iface
 .text.cmd_net_stats
                0x000000000800afc8       0x40 zephyr/subsys/net/libsubsys__net.a(stats.c.obj)
 .text.cmd_net_stats_all
                0x000000000800b008       0x18 zephyr/subsys/net/libsubsys__net.a(stats.c.obj)
                0x000000000800b008                cmd_net_stats_all
 .text.iface_index_get
                0x000000000800b020       0xa8 zephyr/subsys/net/libsubsys__net.a(stats.c.obj)
 .text.cmd_net_suspend
                0x000000000800b0c8       0x1c zephyr/subsys/net/libsubsys__net.a(suspend.c.obj)
 .text.cmd_net_tcp_close
                0x000000000800b0e4       0x78 zephyr/subsys/net/libsubsys__net.a(tcp.c.obj)
 .text.cmd_net_tcp_recv
                0x000000000800b15c       0x70 zephyr/subsys/net/libsubsys__net.a(tcp.c.obj)
 .text.cmd_net_tcp_send
                0x000000000800b1cc       0x98 zephyr/subsys/net/libsubsys__net.a(tcp.c.obj)
 .text.tcp_sent_cb
                0x000000000800b264       0x1c zephyr/subsys/net/libsubsys__net.a(tcp.c.obj)
 .text.tcp_connected
                0x000000000800b280       0x34 zephyr/subsys/net/libsubsys__net.a(tcp.c.obj)
 .text.tcp_recv_cb
                0x000000000800b2b4       0xb4 zephyr/subsys/net/libsubsys__net.a(tcp.c.obj)
 .text.cmd_net_tcp_connect
                0x000000000800b368      0x2c8 zephyr/subsys/net/libsubsys__net.a(tcp.c.obj)
 .text.cmd_net_udp_close
                0x000000000800b630       0x5c zephyr/subsys/net/libsubsys__net.a(udp.c.obj)
 .text.udp_rcvd
                0x000000000800b68c       0x90 zephyr/subsys/net/libsubsys__net.a(udp.c.obj)
 .text.udp_sent
                0x000000000800b71c       0x30 zephyr/subsys/net/libsubsys__net.a(udp.c.obj)
 .text.cmd_net_udp_send
                0x000000000800b74c      0x21c zephyr/subsys/net/libsubsys__net.a(udp.c.obj)
 .text.cmd_net_udp_bind
                0x000000000800b968      0x1c0 zephyr/subsys/net/libsubsys__net.a(udp.c.obj)
 .text.cmd_net_virtual
                0x000000000800bb28       0x34 zephyr/subsys/net/libsubsys__net.a(virtual.c.obj)
 .text.cmd_net_vlan
                0x000000000800bb5c       0x34 zephyr/subsys/net/libsubsys__net.a(vlan.c.obj)
 .text.cmd_net_websocket
                0x000000000800bb90       0x34 zephyr/subsys/net/libsubsys__net.a(websocket.c.obj)
 .text.processing_data
                0x000000000800bbc4       0xb0 zephyr/subsys/net/ip/libsubsys__net__ip.a(net_core.c.obj)
 .text.net_send_data
                0x000000000800bc74      0x22c zephyr/subsys/net/ip/libsubsys__net__ip.a(net_core.c.obj)
                0x000000000800bc74                net_send_data
 .text.net_process_rx_packet
                0x000000000800bea0       0x2c zephyr/subsys/net/ip/libsubsys__net__ip.a(net_core.c.obj)
                0x000000000800bea0                net_process_rx_packet
 .text.net_ipv4_is_ll_addr
                0x000000000800becc       0x18 zephyr/subsys/net/ip/libsubsys__net__ip.a(net_if.c.obj)
 .text.iface_router_notify_deletion.constprop.0
                0x000000000800bee4       0x30 zephyr/subsys/net/ip/libsubsys__net__ip.a(net_if.c.obj)
 .text.iface_router_find_default.constprop.0
                0x000000000800bf14       0x70 zephyr/subsys/net/ip/libsubsys__net__ip.a(net_if.c.obj)
 .text.iface_router_update_timer
                0x000000000800bf84       0x7c zephyr/subsys/net/ip/libsubsys__net__ip.a(net_if.c.obj)
 .text.iface_router_add
                0x000000000800c000      0x100 zephyr/subsys/net/ip/libsubsys__net__ip.a(net_if.c.obj)
 .text.iface_router_rm
                0x000000000800c100       0x54 zephyr/subsys/net/ip/libsubsys__net__ip.a(net_if.c.obj)
 .text.iface_router_lookup
                0x000000000800c154       0x7c zephyr/subsys/net/ip/libsubsys__net__ip.a(net_if.c.obj)
 .text.net_if_get_default.part.0
                0x000000000800c1d0       0x20 zephyr/subsys/net/ip/libsubsys__net__ip.a(net_if.c.obj)
 .text.iface_router_expired
                0x000000000800c1f0       0x98 zephyr/subsys/net/ip/libsubsys__net__ip.a(net_if.c.obj)
 .text.z_impl_net_if_get_by_index
                0x000000000800c288       0x28 zephyr/subsys/net/ip/libsubsys__net__ip.a(net_if.c.obj)
                0x000000000800c288                z_impl_net_if_get_by_index
 .text.dad_timeout
                0x000000000800c2b0       0xc0 zephyr/subsys/net/ip/libsubsys__net__ip.a(net_if.c.obj)
 .text.net_context_send_cb
                0x000000000800c370       0x58 zephyr/subsys/net/ip/libsubsys__net__ip.a(net_if.c.obj)
 .text.net_if_stats_reset
                0x000000000800c3c8       0x3c zephyr/subsys/net/ip/libsubsys__net__ip.a(net_if.c.obj)
                0x000000000800c3c8                net_if_stats_reset
 .text.net_if_stats_reset_all
                0x000000000800c404       0x34 zephyr/subsys/net/ip/libsubsys__net__ip.a(net_if.c.obj)
                0x000000000800c404                net_if_stats_reset_all
 .text.net_if_lookup_by_dev
                0x000000000800c438       0x24 zephyr/subsys/net/ip/libsubsys__net__ip.a(net_if.c.obj)
                0x000000000800c438                net_if_lookup_by_dev
 .text.net_if_get_default
                0x000000000800c45c       0x24 zephyr/subsys/net/ip/libsubsys__net__ip.a(net_if.c.obj)
                0x000000000800c45c                net_if_get_default
 .text.net_if_mcast_monitor
                0x000000000800c480       0x54 zephyr/subsys/net/ip/libsubsys__net__ip.a(net_if.c.obj)
                0x000000000800c480                net_if_mcast_monitor
 .text.net_if_config_ipv6_get
                0x000000000800c4d4       0x8c zephyr/subsys/net/ip/libsubsys__net__ip.a(net_if.c.obj)
                0x000000000800c4d4                net_if_config_ipv6_get
 .text.net_if_start_rs
                0x000000000800c560       0x78 zephyr/subsys/net/ip/libsubsys__net__ip.a(net_if.c.obj)
                0x000000000800c560                net_if_start_rs
 .text.rs_timeout
                0x000000000800c5d8       0xe8 zephyr/subsys/net/ip/libsubsys__net__ip.a(net_if.c.obj)
 .text.net_if_stop_rs
                0x000000000800c6c0       0x40 zephyr/subsys/net/ip/libsubsys__net__ip.a(net_if.c.obj)
                0x000000000800c6c0                net_if_stop_rs
 .text.net_if_ipv6_addr_lookup
                0x000000000800c700       0x88 zephyr/subsys/net/ip/libsubsys__net__ip.a(net_if.c.obj)
                0x000000000800c700                net_if_ipv6_addr_lookup
 .text.net_if_ipv6_addr_update_lifetime
                0x000000000800c788       0x5c zephyr/subsys/net/ip/libsubsys__net__ip.a(net_if.c.obj)
                0x000000000800c788                net_if_ipv6_addr_update_lifetime
 .text.net_if_ipv6_maddr_rm
                0x000000000800c7e4       0x78 zephyr/subsys/net/ip/libsubsys__net__ip.a(net_if.c.obj)
                0x000000000800c7e4                net_if_ipv6_maddr_rm
 .text.net_if_ipv6_maddr_lookup
                0x000000000800c85c       0xa0 zephyr/subsys/net/ip/libsubsys__net__ip.a(net_if.c.obj)
                0x000000000800c85c                net_if_ipv6_maddr_lookup
 .text.net_if_ipv6_maddr_add
                0x000000000800c8fc       0xdc zephyr/subsys/net/ip/libsubsys__net__ip.a(net_if.c.obj)
                0x000000000800c8fc                net_if_ipv6_maddr_add
 .text.net_if_ipv6_prefix_add
                0x000000000800c9d8      0x148 zephyr/subsys/net/ip/libsubsys__net__ip.a(net_if.c.obj)
                0x000000000800c9d8                net_if_ipv6_prefix_add
 .text.net_if_ipv6_addr_onlink
                0x000000000800cb20       0x8c zephyr/subsys/net/ip/libsubsys__net__ip.a(net_if.c.obj)
                0x000000000800cb20                net_if_ipv6_addr_onlink
 .text.net_if_ipv6_prefix_set_timer
                0x000000000800cbac       0x58 zephyr/subsys/net/ip/libsubsys__net__ip.a(net_if.c.obj)
                0x000000000800cbac                net_if_ipv6_prefix_set_timer
 .text.net_if_ipv6_prefix_unset_timer
                0x000000000800cc04       0x40 zephyr/subsys/net/ip/libsubsys__net__ip.a(net_if.c.obj)
                0x000000000800cc04                net_if_ipv6_prefix_unset_timer
 .text.net_if_ipv6_get_global_addr
                0x000000000800cc44       0x98 zephyr/subsys/net/ip/libsubsys__net__ip.a(net_if.c.obj)
                0x000000000800cc44                net_if_ipv6_get_global_addr
 .text.net_if_ipv6_select_src_addr_hint
                0x000000000800ccdc       0xd0 zephyr/subsys/net/ip/libsubsys__net__ip.a(net_if.c.obj)
                0x000000000800ccdc                net_if_ipv6_select_src_addr_hint
 .text.net_if_config_ipv4_get
                0x000000000800cdac       0x84 zephyr/subsys/net/ip/libsubsys__net__ip.a(net_if.c.obj)
                0x000000000800cdac                net_if_config_ipv4_get
 .text.net_if_ipv4_is_addr_bcast
                0x000000000800ce30       0x34 zephyr/subsys/net/ip/libsubsys__net__ip.a(net_if.c.obj)
                0x000000000800ce30                net_if_ipv4_is_addr_bcast
 .text.net_if_ipv4_select_src_iface
                0x000000000800ce64       0x30 zephyr/subsys/net/ip/libsubsys__net__ip.a(net_if.c.obj)
                0x000000000800ce64                net_if_ipv4_select_src_iface
 .text.net_if_ipv4_select_src_addr
                0x000000000800ce94       0xac zephyr/subsys/net/ip/libsubsys__net__ip.a(net_if.c.obj)
                0x000000000800ce94                net_if_ipv4_select_src_addr
 .text.net_if_ipv4_addr_lookup
                0x000000000800cf40       0x58 zephyr/subsys/net/ip/libsubsys__net__ip.a(net_if.c.obj)
                0x000000000800cf40                net_if_ipv4_addr_lookup
 .text.net_if_ipv4_addr_add
                0x000000000800cf98       0xb0 zephyr/subsys/net/ip/libsubsys__net__ip.a(net_if.c.obj)
                0x000000000800cf98                net_if_ipv4_addr_add
 .text.net_if_ipv4_maddr_add
                0x000000000800d048       0x84 zephyr/subsys/net/ip/libsubsys__net__ip.a(net_if.c.obj)
                0x000000000800d048                net_if_ipv4_maddr_add
 .text.net_if_ipv4_maddr_rm
                0x000000000800d0cc       0x80 zephyr/subsys/net/ip/libsubsys__net__ip.a(net_if.c.obj)
                0x000000000800d0cc                net_if_ipv4_maddr_rm
 .text.net_if_ipv4_maddr_lookup
                0x000000000800d14c       0x90 zephyr/subsys/net/ip/libsubsys__net__ip.a(net_if.c.obj)
                0x000000000800d14c                net_if_ipv4_maddr_lookup
 .text.net_if_addr_unref
                0x000000000800d1dc      0x138 zephyr/subsys/net/ip/libsubsys__net__ip.a(net_if.c.obj)
                0x000000000800d1dc                net_if_addr_unref
 .text.net_if_ipv6_dad_failed
                0x000000000800d314       0x84 zephyr/subsys/net/ip/libsubsys__net__ip.a(net_if.c.obj)
                0x000000000800d314                net_if_ipv6_dad_failed
 .text.net_if_ipv6_prefix_rm
                0x000000000800d398       0xd8 zephyr/subsys/net/ip/libsubsys__net__ip.a(net_if.c.obj)
                0x000000000800d398                net_if_ipv6_prefix_rm
 .text.prefix_lifetime_timeout
                0x000000000800d470      0x110 zephyr/subsys/net/ip/libsubsys__net__ip.a(net_if.c.obj)
 .text.address_lifetime_timeout
                0x000000000800d580       0xd4 zephyr/subsys/net/ip/libsubsys__net__ip.a(net_if.c.obj)
 .text.net_if_call_link_cb
                0x000000000800d654       0x4c zephyr/subsys/net/ip/libsubsys__net__ip.a(net_if.c.obj)
                0x000000000800d654                net_if_call_link_cb
 .text.net_if_tx.isra.0
                0x000000000800d6a0      0x104 zephyr/subsys/net/ip/libsubsys__net__ip.a(net_if.c.obj)
 .text.net_if_send_data
                0x000000000800d7a4       0xc4 zephyr/subsys/net/ip/libsubsys__net__ip.a(net_if.c.obj)
                0x000000000800d7a4                net_if_send_data
 .text.net_if_get_by_iface
                0x000000000800d868       0x2c zephyr/subsys/net/ip/libsubsys__net__ip.a(net_if.c.obj)
                0x000000000800d868                net_if_get_by_iface
 .text.net_if_ipv6_start_dad
                0x000000000800d894       0x8c zephyr/subsys/net/ip/libsubsys__net__ip.a(net_if.c.obj)
                0x000000000800d894                net_if_ipv6_start_dad
 .text.join_mcast_allnodes
                0x000000000800d920       0x8c zephyr/subsys/net/ip/libsubsys__net__ip.a(net_if.c.obj)
 .text.join_mcast_nodes
                0x000000000800d9ac       0x90 zephyr/subsys/net/ip/libsubsys__net__ip.a(net_if.c.obj)
 .text.net_if_ipv6_addr_add
                0x000000000800da3c      0x164 zephyr/subsys/net/ip/libsubsys__net__ip.a(net_if.c.obj)
                0x000000000800da3c                net_if_ipv6_addr_add
 .text.net_if_start_dad
                0x000000000800dba0       0xf4 zephyr/subsys/net/ip/libsubsys__net__ip.a(net_if.c.obj)
                0x000000000800dba0                net_if_start_dad
 .text.update_operational_state
                0x000000000800dc94      0x254 zephyr/subsys/net/ip/libsubsys__net__ip.a(net_if.c.obj)
 .text.net_if_foreach
                0x000000000800dee8       0x24 zephyr/subsys/net/ip/libsubsys__net__ip.a(net_if.c.obj)
                0x000000000800dee8                net_if_foreach
 .text.net_if_up
                0x000000000800df0c       0x84 zephyr/subsys/net/ip/libsubsys__net__ip.a(net_if.c.obj)
                0x000000000800df0c                net_if_up
 .text.net_if_down
                0x000000000800df90       0xc8 zephyr/subsys/net/ip/libsubsys__net__ip.a(net_if.c.obj)
                0x000000000800df90                net_if_down
 .text.net_if_set_name
                0x000000000800e058       0x68 zephyr/subsys/net/ip/libsubsys__net__ip.a(net_if.c.obj)
                0x000000000800e058                net_if_set_name
 .text.net_if_get_by_name
                0x000000000800e0c0       0x48 zephyr/subsys/net/ip/libsubsys__net__ip.a(net_if.c.obj)
                0x000000000800e0c0                net_if_get_by_name
 .text.net_if_init
                0x000000000800e108      0x274 zephyr/subsys/net/ip/libsubsys__net__ip.a(net_if.c.obj)
                0x000000000800e108                net_if_init
 .text.net_if_post_init
                0x000000000800e37c       0x2c zephyr/subsys/net/ip/libsubsys__net__ip.a(net_if.c.obj)
                0x000000000800e37c                net_if_post_init
 .text.net_sprint_ll_addr_buf
                0x000000000800e3a8       0x58 zephyr/subsys/net/ip/libsubsys__net__ip.a(utils.c.obj)
                0x000000000800e3a8                net_sprint_ll_addr_buf
 .text.z_impl_net_addr_ntop
                0x000000000800e400      0x210 zephyr/subsys/net/ip/libsubsys__net__ip.a(utils.c.obj)
                0x000000000800e400                z_impl_net_addr_ntop
 .text.net_sprint_addr
                0x000000000800e610       0x2c zephyr/subsys/net/ip/libsubsys__net__ip.a(utils.c.obj)
                0x000000000800e610                net_sprint_addr
 .text.z_impl_net_addr_pton
                0x000000000800e63c      0x190 zephyr/subsys/net/ip/libsubsys__net__ip.a(utils.c.obj)
                0x000000000800e63c                z_impl_net_addr_pton
 .text.net_ipv4_unspecified_address
                0x000000000800e7cc        0x8 zephyr/subsys/net/ip/libsubsys__net__ip.a(utils.c.obj)
                0x000000000800e7cc                net_ipv4_unspecified_address
 .text.net_ipv4_broadcast_address
                0x000000000800e7d4        0x8 zephyr/subsys/net/ip/libsubsys__net__ip.a(utils.c.obj)
                0x000000000800e7d4                net_ipv4_broadcast_address
 .text.net_ipv6_unspecified_address
                0x000000000800e7dc        0x8 zephyr/subsys/net/ip/libsubsys__net__ip.a(utils.c.obj)
                0x000000000800e7dc                net_ipv6_unspecified_address
 .text.mgmt_event_work_handler
                0x000000000800e7e4      0x140 zephyr/subsys/net/ip/libsubsys__net__ip.a(net_mgmt.c.obj)
 .text.sys_slist_find_and_remove.constprop.0.isra.0
                0x000000000800e924       0x38 zephyr/subsys/net/ip/libsubsys__net__ip.a(net_mgmt.c.obj)
 .text.mgmt_rebuild_global_event_mask
                0x000000000800e95c       0x5c zephyr/subsys/net/ip/libsubsys__net__ip.a(net_mgmt.c.obj)
 .text.net_mgmt_add_event_callback
                0x000000000800e9b8       0x48 zephyr/subsys/net/ip/libsubsys__net__ip.a(net_mgmt.c.obj)
                0x000000000800e9b8                net_mgmt_add_event_callback
 .text.net_mgmt_del_event_callback
                0x000000000800ea00       0x2c zephyr/subsys/net/ip/libsubsys__net__ip.a(net_mgmt.c.obj)
                0x000000000800ea00                net_mgmt_del_event_callback
 .text.net_mgmt_event_notify_with_info
                0x000000000800ea2c       0xf8 zephyr/subsys/net/ip/libsubsys__net__ip.a(net_mgmt.c.obj)
                0x000000000800ea2c                net_mgmt_event_notify_with_info
 .text.net_mgmt_event_init
                0x000000000800eb24       0x3c zephyr/subsys/net/ip/libsubsys__net__ip.a(net_mgmt.c.obj)
                0x000000000800eb24                net_mgmt_event_init
 .text.net_context_packet_received
                0x000000000800eb60       0xe0 zephyr/subsys/net/ip/libsubsys__net__ip.a(net_context.c.obj)
                0x000000000800eb60                net_context_packet_received
 .text.check_used_port
                0x000000000800ec40      0x168 zephyr/subsys/net/ip/libsubsys__net__ip.a(net_context.c.obj)
 .text.find_available_port
                0x000000000800eda8       0x40 zephyr/subsys/net/ip/libsubsys__net__ip.a(net_context.c.obj)
 .text.net_context_get
                0x000000000800ede8      0x194 zephyr/subsys/net/ip/libsubsys__net__ip.a(net_context.c.obj)
                0x000000000800ede8                net_context_get
 .text.net_context_put
                0x000000000800ef7c       0x50 zephyr/subsys/net/ip/libsubsys__net__ip.a(net_context.c.obj)
                0x000000000800ef7c                net_context_put
 .text.net_context_bind
                0x000000000800efcc      0x1fc zephyr/subsys/net/ip/libsubsys__net__ip.a(net_context.c.obj)
                0x000000000800efcc                net_context_bind
 .text.context_sendto.constprop.0
                0x000000000800f1c8      0x368 zephyr/subsys/net/ip/libsubsys__net__ip.a(net_context.c.obj)
 .text.net_context_recv
                0x000000000800f530      0x174 zephyr/subsys/net/ip/libsubsys__net__ip.a(net_context.c.obj)
                0x000000000800f530                net_context_recv
 .text.net_context_set_option
                0x000000000800f6a4      0x100 zephyr/subsys/net/ip/libsubsys__net__ip.a(net_context.c.obj)
                0x000000000800f6a4                net_context_set_option
 .text.net_context_get_option
                0x000000000800f7a4       0xb4 zephyr/subsys/net/ip/libsubsys__net__ip.a(net_context.c.obj)
                0x000000000800f7a4                net_context_get_option
 .text.net_context_foreach
                0x000000000800f858       0x5c zephyr/subsys/net/ip/libsubsys__net__ip.a(net_context.c.obj)
                0x000000000800f858                net_context_foreach
 .text.net_context_init
                0x000000000800f8b4       0x10 zephyr/subsys/net/ip/libsubsys__net__ip.a(net_context.c.obj)
                0x000000000800f8b4                net_context_init
 .text.net_pkt_get_reserve_data
                0x000000000800f8c4       0x48 zephyr/subsys/net/ip/libsubsys__net__ip.a(net_pkt.c.obj)
                0x000000000800f8c4                net_pkt_get_reserve_data
 .text.net_pkt_get_reserve_rx_data
                0x000000000800f90c        0xc zephyr/subsys/net/ip/libsubsys__net__ip.a(net_pkt.c.obj)
                0x000000000800f90c                net_pkt_get_reserve_rx_data
 .text.net_pkt_get_reserve_tx_data
                0x000000000800f918        0xc zephyr/subsys/net/ip/libsubsys__net__ip.a(net_pkt.c.obj)
                0x000000000800f918                net_pkt_get_reserve_tx_data
 .text.net_pkt_get_frag
                0x000000000800f924       0x44 zephyr/subsys/net/ip/libsubsys__net__ip.a(net_pkt.c.obj)
                0x000000000800f924                net_pkt_get_frag
 .text.net_pkt_get_info
                0x000000000800f968       0x2c zephyr/subsys/net/ip/libsubsys__net__ip.a(net_pkt.c.obj)
                0x000000000800f968                net_pkt_get_info
 .text.pkt_alloc
                0x000000000800f994       0x58 zephyr/subsys/net/ip/libsubsys__net__ip.a(net_pkt.c.obj)
 .text.net_pkt_alloc
                0x000000000800f9ec       0x10 zephyr/subsys/net/ip/libsubsys__net__ip.a(net_pkt.c.obj)
                0x000000000800f9ec                net_pkt_alloc
 .text.net_pkt_rx_alloc
                0x000000000800f9fc       0x10 zephyr/subsys/net/ip/libsubsys__net__ip.a(net_pkt.c.obj)
                0x000000000800f9fc                net_pkt_rx_alloc
 .text.net_pkt_alloc_buffer
                0x000000000800fa0c       0xf0 zephyr/subsys/net/ip/libsubsys__net__ip.a(net_pkt.c.obj)
                0x000000000800fa0c                net_pkt_alloc_buffer
 .text.net_pkt_alloc_with_buffer
                0x000000000800fafc       0x24 zephyr/subsys/net/ip/libsubsys__net__ip.a(net_pkt.c.obj)
                0x000000000800fafc                net_pkt_alloc_with_buffer
 .text.net_pkt_alloc_buffer_raw
                0x000000000800fb20       0x90 zephyr/subsys/net/ip/libsubsys__net__ip.a(net_pkt.c.obj)
                0x000000000800fb20                net_pkt_alloc_buffer_raw
 .text.net_pkt_get_data
                0x000000000800fbb0       0x58 zephyr/subsys/net/ip/libsubsys__net__ip.a(net_pkt.c.obj)
                0x000000000800fbb0                net_pkt_get_data
 .text.net_tc_rx_init
                0x000000000800fc08       0x9c zephyr/subsys/net/ip/libsubsys__net__ip.a(net_tc.c.obj)
                0x000000000800fc08                net_tc_rx_init
 .text.icmp_call_handlers
                0x000000000800fca4       0x6c zephyr/subsys/net/ip/libsubsys__net__ip.a(icmp.c.obj)
 .text.net_icmp_init_ctx
                0x000000000800fd10       0x50 zephyr/subsys/net/ip/libsubsys__net__ip.a(icmp.c.obj)
                0x000000000800fd10                net_icmp_init_ctx
 .text.net_icmp_cleanup_ctx
                0x000000000800fd60       0x68 zephyr/subsys/net/ip/libsubsys__net__ip.a(icmp.c.obj)
                0x000000000800fd60                net_icmp_cleanup_ctx
 .text.net_icmp_send_echo_request
                0x000000000800fdc8      0x358 zephyr/subsys/net/ip/libsubsys__net__ip.a(icmp.c.obj)
                0x000000000800fdc8                net_icmp_send_echo_request
 .text.net_stats_update_per_proto_recv
                0x0000000008010120       0x34 zephyr/subsys/net/ip/libsubsys__net__ip.a(connection.c.obj)
 .text.net_stats_update_per_proto_drop
                0x0000000008010154       0x34 zephyr/subsys/net/ip/libsubsys__net__ip.a(connection.c.obj)
 .text.k_mutex_lock.constprop.0.isra.0
                0x0000000008010188       0x10 zephyr/subsys/net/ip/libsubsys__net__ip.a(connection.c.obj)
 .text.k_mutex_unlock.constprop.0.isra.0
                0x0000000008010198        0xc zephyr/subsys/net/ip/libsubsys__net__ip.a(connection.c.obj)
 .text.net_conn_change_remote
                0x00000000080101a4       0x98 zephyr/subsys/net/ip/libsubsys__net__ip.a(connection.c.obj)
 .text.conn_set_unused
                0x000000000801023c       0x34 zephyr/subsys/net/ip/libsubsys__net__ip.a(connection.c.obj)
 .text.net_conn_register
                0x0000000008010270      0x2f4 zephyr/subsys/net/ip/libsubsys__net__ip.a(connection.c.obj)
                0x0000000008010270                net_conn_register
 .text.net_conn_unregister
                0x0000000008010564       0x78 zephyr/subsys/net/ip/libsubsys__net__ip.a(connection.c.obj)
                0x0000000008010564                net_conn_unregister
 .text.net_conn_update
                0x00000000080105dc       0x40 zephyr/subsys/net/ip/libsubsys__net__ip.a(connection.c.obj)
                0x00000000080105dc                net_conn_update
 .text.net_conn_input
                0x000000000801061c      0x2b8 zephyr/subsys/net/ip/libsubsys__net__ip.a(connection.c.obj)
                0x000000000801061c                net_conn_input
 .text.net_conn_init
                0x00000000080108d4       0x40 zephyr/subsys/net/ip/libsubsys__net__ip.a(connection.c.obj)
                0x00000000080108d4                net_conn_init
 .text.icmpv4_handle_echo_request
                0x0000000008010914      0x15c zephyr/subsys/net/ip/libsubsys__net__ip.a(icmpv4.c.obj)
 .text.net_icmpv4_send_error
                0x0000000008010a70      0x120 zephyr/subsys/net/ip/libsubsys__net__ip.a(icmpv4.c.obj)
                0x0000000008010a70                net_icmpv4_send_error
 .text.net_icmpv4_input
                0x0000000008010b90       0xa0 zephyr/subsys/net/ip/libsubsys__net__ip.a(icmpv4.c.obj)
                0x0000000008010b90                net_icmpv4_input
 .text.net_icmpv4_init
                0x0000000008010c30       0x60 zephyr/subsys/net/ip/libsubsys__net__ip.a(icmpv4.c.obj)
                0x0000000008010c30                net_icmpv4_init
 .text.net_ipv4_input
                0x0000000008010c90      0x1d8 zephyr/subsys/net/ip/libsubsys__net__ip.a(ipv4.c.obj)
                0x0000000008010c90                net_ipv4_input
 .text.igmp_send
                0x0000000008010e68       0x50 zephyr/subsys/net/ip/libsubsys__net__ip.a(igmp.c.obj)
 .text.igmp_send_generic
                0x0000000008010eb8       0x5c zephyr/subsys/net/ip/libsubsys__net__ip.a(igmp.c.obj)
 .text.net_ipv4_igmp_input
                0x0000000008010f14      0x13c zephyr/subsys/net/ip/libsubsys__net__ip.a(igmp.c.obj)
                0x0000000008010f14                net_ipv4_igmp_input
 .text.net_ipv4_igmp_join
                0x0000000008011050       0x70 zephyr/subsys/net/ip/libsubsys__net__ip.a(igmp.c.obj)
                0x0000000008011050                net_ipv4_igmp_join
 .text.net_ipv4_igmp_leave
                0x00000000080110c0       0x60 zephyr/subsys/net/ip/libsubsys__net__ip.a(igmp.c.obj)
                0x00000000080110c0                net_ipv4_igmp_leave
 .text.net_ipv4_igmp_init
                0x0000000008011120       0x40 zephyr/subsys/net/ip/libsubsys__net__ip.a(igmp.c.obj)
                0x0000000008011120                net_ipv4_igmp_init
 .text.icmpv6_handle_echo_request
                0x0000000008011160      0x100 zephyr/subsys/net/ip/libsubsys__net__ip.a(icmpv6.c.obj)
 .text.net_icmpv6_send_error
                0x0000000008011260      0x1bc zephyr/subsys/net/ip/libsubsys__net__ip.a(icmpv6.c.obj)
                0x0000000008011260                net_icmpv6_send_error
 .text.net_icmpv6_input
                0x000000000801141c       0x94 zephyr/subsys/net/ip/libsubsys__net__ip.a(icmpv6.c.obj)
                0x000000000801141c                net_icmpv6_input
 .text.net_icmpv6_init
                0x00000000080114b0       0x60 zephyr/subsys/net/ip/libsubsys__net__ip.a(icmpv6.c.obj)
                0x00000000080114b0                net_icmpv6_init
 .text.net_nbr_link
                0x0000000008011510       0xc4 zephyr/subsys/net/ip/libsubsys__net__ip.a(nbr.c.obj)
                0x0000000008011510                net_nbr_link
 .text.net_nbr_unlink
                0x00000000080115d4       0x48 zephyr/subsys/net/ip/libsubsys__net__ip.a(nbr.c.obj)
                0x00000000080115d4                net_nbr_unlink
 .text.net_nbr_get_lladdr
                0x000000000801161c       0x10 zephyr/subsys/net/ip/libsubsys__net__ip.a(nbr.c.obj)
                0x000000000801161c                net_nbr_get_lladdr
 .text.net_ipv6_input
                0x000000000801162c      0x414 zephyr/subsys/net/ip/libsubsys__net__ip.a(ipv6.c.obj)
                0x000000000801162c                net_ipv6_input
 .text.net_stats_update_ipv6_nd_drop
                0x0000000008011a40       0x1c zephyr/subsys/net/ip/libsubsys__net__ip.a(ipv6_nbr.c.obj)
 .text.ipv6_nd_restart_reachable_timer
                0x0000000008011a5c       0x8c zephyr/subsys/net/ip/libsubsys__net__ip.a(ipv6_nbr.c.obj)
 .text.ipv6_nbr_set_state
                0x0000000008011ae8       0x6c zephyr/subsys/net/ip/libsubsys__net__ip.a(ipv6_nbr.c.obj)
 .text.nbr_new  0x0000000008011b54       0x84 zephyr/subsys/net/ip/libsubsys__net__ip.a(ipv6_nbr.c.obj)
 .text.nbr_lookup.constprop.0
                0x0000000008011bd8       0x44 zephyr/subsys/net/ip/libsubsys__net__ip.a(ipv6_nbr.c.obj)
 .text.dbg_update_neighbor_lladdr.constprop.0
                0x0000000008011c1c       0x28 zephyr/subsys/net/ip/libsubsys__net__ip.a(ipv6_nbr.c.obj)
 .text.dad_failed.part.0.isra.0
                0x0000000008011c44       0x1c zephyr/subsys/net/ip/libsubsys__net__ip.a(ipv6_nbr.c.obj)
 .text.net_ipv6_nbr_lock
                0x0000000008011c60       0x14 zephyr/subsys/net/ip/libsubsys__net__ip.a(ipv6_nbr.c.obj)
                0x0000000008011c60                net_ipv6_nbr_lock
 .text.net_ipv6_nbr_unlock
                0x0000000008011c74        0xc zephyr/subsys/net/ip/libsubsys__net__ip.a(ipv6_nbr.c.obj)
                0x0000000008011c74                net_ipv6_nbr_unlock
 .text.iface_cb
                0x0000000008011c80       0x34 zephyr/subsys/net/ip/libsubsys__net__ip.a(ipv6_nbr.c.obj)
 .text.ipv6_ns_reply_timeout
                0x0000000008011cb4       0xa0 zephyr/subsys/net/ip/libsubsys__net__ip.a(ipv6_nbr.c.obj)
 .text.net_ipv6_nbr_state2str
                0x0000000008011d54       0x18 zephyr/subsys/net/ip/libsubsys__net__ip.a(ipv6_nbr.c.obj)
                0x0000000008011d54                net_ipv6_nbr_state2str
 .text.net_ipv6_nbr_foreach
                0x0000000008011d6c       0x18 zephyr/subsys/net/ip/libsubsys__net__ip.a(ipv6_nbr.c.obj)
                0x0000000008011d6c                net_ipv6_nbr_foreach
 .text.net_ipv6_nbr_rm
                0x0000000008011d84       0x70 zephyr/subsys/net/ip/libsubsys__net__ip.a(ipv6_nbr.c.obj)
                0x0000000008011d84                net_ipv6_nbr_rm
 .text.add_nbr  0x0000000008011df4       0xa0 zephyr/subsys/net/ip/libsubsys__net__ip.a(ipv6_nbr.c.obj)
 .text.net_ipv6_send_na
                0x0000000008011e94      0x114 zephyr/subsys/net/ip/libsubsys__net__ip.a(ipv6_nbr.c.obj)
                0x0000000008011e94                net_ipv6_send_na
 .text.handle_na_input
                0x0000000008011fa8      0x2f0 zephyr/subsys/net/ip/libsubsys__net__ip.a(ipv6_nbr.c.obj)
 .text.net_ipv6_send_ns
                0x0000000008012298      0x224 zephyr/subsys/net/ip/libsubsys__net__ip.a(ipv6_nbr.c.obj)
                0x0000000008012298                net_ipv6_send_ns
 .text.net_ipv6_nbr_add
                0x00000000080124bc      0x138 zephyr/subsys/net/ip/libsubsys__net__ip.a(ipv6_nbr.c.obj)
                0x00000000080124bc                net_ipv6_nbr_add
 .text.handle_ra_input
                0x00000000080125f4      0x628 zephyr/subsys/net/ip/libsubsys__net__ip.a(ipv6_nbr.c.obj)
 .text.handle_ns_input
                0x0000000008012c1c      0x2a0 zephyr/subsys/net/ip/libsubsys__net__ip.a(ipv6_nbr.c.obj)
 .text.ipv6_nd_reachable_timeout
                0x0000000008012ebc       0xf0 zephyr/subsys/net/ip/libsubsys__net__ip.a(ipv6_nbr.c.obj)
 .text.net_ipv6_send_rs
                0x0000000008012fac      0x10c zephyr/subsys/net/ip/libsubsys__net__ip.a(ipv6_nbr.c.obj)
                0x0000000008012fac                net_ipv6_send_rs
 .text.net_ipv6_nbr_init
                0x00000000080130b8      0x118 zephyr/subsys/net/ip/libsubsys__net__ip.a(ipv6_nbr.c.obj)
                0x00000000080130b8                net_ipv6_nbr_init
 .text.mld_send
                0x00000000080131d0       0x74 zephyr/subsys/net/ip/libsubsys__net__ip.a(ipv6_mld.c.obj)
 .text.handle_mld_query
                0x0000000008013244      0x164 zephyr/subsys/net/ip/libsubsys__net__ip.a(ipv6_mld.c.obj)
 .text.net_ipv6_mld_join
                0x00000000080133a8       0x94 zephyr/subsys/net/ip/libsubsys__net__ip.a(ipv6_mld.c.obj)
                0x00000000080133a8                net_ipv6_mld_join
 .text.net_ipv6_mld_leave
                0x000000000801343c       0x68 zephyr/subsys/net/ip/libsubsys__net__ip.a(ipv6_mld.c.obj)
                0x000000000801343c                net_ipv6_mld_leave
 .text.net_ipv6_mld_init
                0x00000000080134a4       0x60 zephyr/subsys/net/ip/libsubsys__net__ip.a(ipv6_mld.c.obj)
                0x00000000080134a4                net_ipv6_mld_init
 .text.nbr_new  0x0000000008013504       0x5c zephyr/subsys/net/ip/libsubsys__net__ip.a(route.c.obj)
 .text.net_route_get_nbr
                0x0000000008013560       0x38 zephyr/subsys/net/ip/libsubsys__net__ip.a(route.c.obj)
                0x0000000008013560                net_route_get_nbr
 .text.net_route_lookup
                0x0000000008013598       0xbc zephyr/subsys/net/ip/libsubsys__net__ip.a(route.c.obj)
                0x0000000008013598                net_route_lookup
 .text.net_route_update_lifetime
                0x0000000008013654       0x80 zephyr/subsys/net/ip/libsubsys__net__ip.a(route.c.obj)
                0x0000000008013654                net_route_update_lifetime
 .text.net_route_get_nexthop
                0x00000000080136d4       0x48 zephyr/subsys/net/ip/libsubsys__net__ip.a(route.c.obj)
                0x00000000080136d4                net_route_get_nexthop
 .text.net_route_del
                0x000000000801371c       0xe4 zephyr/subsys/net/ip/libsubsys__net__ip.a(route.c.obj)
                0x000000000801371c                net_route_del
 .text.net_route_del_by_nexthop
                0x0000000008013800       0x58 zephyr/subsys/net/ip/libsubsys__net__ip.a(route.c.obj)
                0x0000000008013800                net_route_del_by_nexthop
 .text.route_lifetime_timeout
                0x0000000008013858       0x8c zephyr/subsys/net/ip/libsubsys__net__ip.a(route.c.obj)
 .text.net_route_add
                0x00000000080138e4      0x1d0 zephyr/subsys/net/ip/libsubsys__net__ip.a(route.c.obj)
                0x00000000080138e4                net_route_add
 .text.net_route_foreach
                0x0000000008013ab4       0x38 zephyr/subsys/net/ip/libsubsys__net__ip.a(route.c.obj)
                0x0000000008013ab4                net_route_foreach
 .text.net_route_packet
                0x0000000008013aec       0xb8 zephyr/subsys/net/ip/libsubsys__net__ip.a(route.c.obj)
                0x0000000008013aec                net_route_packet
 .text.net_route_init
                0x0000000008013ba4       0x10 zephyr/subsys/net/ip/libsubsys__net__ip.a(route.c.obj)
                0x0000000008013ba4                net_route_init
 .text.net_stats_reset
                0x0000000008013bb4       0x24 zephyr/subsys/net/ip/libsubsys__net__ip.a(net_stats.c.obj)
                0x0000000008013bb4                net_stats_reset
 .text.net_stats_update_tcp_seg_drop
                0x0000000008013bd8       0x14 zephyr/subsys/net/ip/libsubsys__net__ip.a(tcp.c.obj)
 .text.tcp_send
                0x0000000008013bec       0x4c zephyr/subsys/net/ip/libsubsys__net__ip.a(tcp.c.obj)
 .text.tcp_setup_last_ack_timer
                0x0000000008013c38       0x34 zephyr/subsys/net/ip/libsubsys__net__ip.a(tcp.c.obj)
 .text.th_get   0x0000000008013c6c      0x110 zephyr/subsys/net/ip/libsubsys__net__ip.a(tcp.c.obj)
 .text.tcp_send_timer_cancel
                0x0000000008013d7c       0x80 zephyr/subsys/net/ip/libsubsys__net__ip.a(tcp.c.obj)
 .text.tcp_enter_time_wait
                0x0000000008013dfc       0x28 zephyr/subsys/net/ip/libsubsys__net__ip.a(tcp.c.obj)
 .text.tcp_send_process_no_lock
                0x0000000008013e24      0x158 zephyr/subsys/net/ip/libsubsys__net__ip.a(tcp.c.obj)
 .text.tcp_conn_release
                0x0000000008013f7c      0x14c zephyr/subsys/net/ip/libsubsys__net__ip.a(tcp.c.obj)
 .text.tcp_endpoint_set
                0x00000000080140c8       0xb4 zephyr/subsys/net/ip/libsubsys__net__ip.a(tcp.c.obj)
 .text.tcp_unsent_len
                0x000000000801417c       0x5c zephyr/subsys/net/ip/libsubsys__net__ip.a(tcp.c.obj)
 .text.tcp_conn_unref.isra.0
                0x00000000080141d8       0x70 zephyr/subsys/net/ip/libsubsys__net__ip.a(tcp.c.obj)
 .text.net_tcp_get
                0x0000000008014248      0x200 zephyr/subsys/net/ip/libsubsys__net__ip.a(tcp.c.obj)
                0x0000000008014248                net_tcp_get
 .text.net_tcp_accept
                0x0000000008014448       0xbc zephyr/subsys/net/ip/libsubsys__net__ip.a(tcp.c.obj)
                0x0000000008014448                net_tcp_accept
 .text.net_tcp_finalize
                0x0000000008014504       0x70 zephyr/subsys/net/ip/libsubsys__net__ip.a(tcp.c.obj)
                0x0000000008014504                net_tcp_finalize
 .text.net_tcp_input
                0x0000000008014574       0x6c zephyr/subsys/net/ip/libsubsys__net__ip.a(tcp.c.obj)
                0x0000000008014574                net_tcp_input
 .text.net_tcp_foreach
                0x00000000080145e0       0x70 zephyr/subsys/net/ip/libsubsys__net__ip.a(tcp.c.obj)
                0x00000000080145e0                net_tcp_foreach
 .text.tcp_out_ext
                0x0000000008014650      0x1c8 zephyr/subsys/net/ip/libsubsys__net__ip.a(tcp.c.obj)
 .text.tcp_send_zwp
                0x0000000008014818       0xa8 zephyr/subsys/net/ip/libsubsys__net__ip.a(tcp.c.obj)
 .text.net_tcp_put
                0x00000000080148c0       0xbc zephyr/subsys/net/ip/libsubsys__net__ip.a(tcp.c.obj)
                0x00000000080148c0                net_tcp_put
 .text.tcp_send_data
                0x000000000801497c      0x1bc zephyr/subsys/net/ip/libsubsys__net__ip.a(tcp.c.obj)
 .text.tcp_resend_data
                0x0000000008014b38      0x1e8 zephyr/subsys/net/ip/libsubsys__net__ip.a(tcp.c.obj)
 .text.net_tcp_update_recv_wnd
                0x0000000008014d20       0x4c zephyr/subsys/net/ip/libsubsys__net__ip.a(tcp.c.obj)
                0x0000000008014d20                net_tcp_update_recv_wnd
 .text.tcp_data_get
                0x0000000008014d6c       0xfc zephyr/subsys/net/ip/libsubsys__net__ip.a(tcp.c.obj)
 .text.tcp_send_queued_data.part.0
                0x0000000008014e68       0xa8 zephyr/subsys/net/ip/libsubsys__net__ip.a(tcp.c.obj)
 .text.tcp_in   0x0000000008014f10     0x1078 zephyr/subsys/net/ip/libsubsys__net__ip.a(tcp.c.obj)
 .text.net_tcp_connect
                0x0000000008015f88      0x27c zephyr/subsys/net/ip/libsubsys__net__ip.a(tcp.c.obj)
                0x0000000008015f88                net_tcp_connect
 .text.tcp_recv
                0x0000000008016204      0x268 zephyr/subsys/net/ip/libsubsys__net__ip.a(tcp.c.obj)
 .text.net_tcp_state_str
                0x000000000801646c       0x14 zephyr/subsys/net/ip/libsubsys__net__ip.a(tcp.c.obj)
                0x000000000801646c                net_tcp_state_str
 .text.net_tcp_init
                0x0000000008016480       0x50 zephyr/subsys/net/ip/libsubsys__net__ip.a(tcp.c.obj)
                0x0000000008016480                net_tcp_init
 .text.net_udp_finalize
                0x00000000080164d0       0x90 zephyr/subsys/net/ip/libsubsys__net__ip.a(udp.c.obj)
                0x00000000080164d0                net_udp_finalize
 .text.net_udp_input
                0x0000000008016560       0xa4 zephyr/subsys/net/ip/libsubsys__net__ip.a(udp.c.obj)
                0x0000000008016560                net_udp_input
 .text.iface_up_handler.part.0
                0x0000000008016604       0x58 zephyr/subsys/net/lib/config/libsubsys__net__lib__config.a(init.c.obj)
 .text.iface_up_handler
                0x000000000801665c       0x14 zephyr/subsys/net/lib/config/libsubsys__net__lib__config.a(init.c.obj)
 .text.services_notify_ready
                0x0000000008016670       0x28 zephyr/subsys/net/lib/config/libsubsys__net__lib__config.a(init.c.obj)
 .text.ipv6_event_handler
                0x0000000008016698      0x18c zephyr/subsys/net/lib/config/libsubsys__net__lib__config.a(init.c.obj)
 .text.net_config_init_by_iface
                0x0000000008016824      0x3e8 zephyr/subsys/net/lib/config/libsubsys__net__lib__config.a(init.c.obj)
                0x0000000008016824                net_config_init_by_iface
 .text.net_config_init_app
                0x0000000008016c0c       0xa8 zephyr/subsys/net/lib/config/libsubsys__net__lib__config.a(init.c.obj)
                0x0000000008016c0c                net_config_init_app
 .text.init_app
                0x0000000008016cb4       0x14 zephyr/subsys/net/lib/config/libsubsys__net__lib__config.a(init.c.obj)
 .text.conn_mgr_mon_init
                0x0000000008016cc8       0x58 zephyr/subsys/net/conn_mgr/libsubsys__net__conn_mgr.a(conn_mgr_monitor.c.obj)
 .text.k_mutex_lock.constprop.0.isra.0
                0x0000000008016d20       0x10 zephyr/subsys/net/conn_mgr/libsubsys__net__conn_mgr.a(conn_mgr_monitor.c.obj)
 .text.k_mutex_unlock.constprop.0.isra.0
                0x0000000008016d30        0xc zephyr/subsys/net/conn_mgr/libsubsys__net__conn_mgr.a(conn_mgr_monitor.c.obj)
 .text.conn_mgr_mon_thread_fn
                0x0000000008016d3c      0x1ec zephyr/subsys/net/conn_mgr/libsubsys__net__conn_mgr.a(conn_mgr_monitor.c.obj)
 .text.conn_mgr_mon_init_cb
                0x0000000008016f28       0x84 zephyr/subsys/net/conn_mgr/libsubsys__net__conn_mgr.a(conn_mgr_monitor.c.obj)
 .text.conn_mgr_mon_resend_status
                0x0000000008016fac       0x84 zephyr/subsys/net/conn_mgr/libsubsys__net__conn_mgr.a(conn_mgr_monitor.c.obj)
                0x0000000008016fac                conn_mgr_mon_resend_status
 .text.conn_mgr_ipv6_events_handler
                0x0000000008017030       0x88 zephyr/subsys/net/conn_mgr/libsubsys__net__conn_mgr.a(events_handler.c.obj)
 .text.conn_mgr_ipv4_events_handler
                0x00000000080170b8       0x8c zephyr/subsys/net/conn_mgr/libsubsys__net__conn_mgr.a(events_handler.c.obj)
 .text.conn_mgr_iface_events_handler
                0x0000000008017144       0x6c zephyr/subsys/net/conn_mgr/libsubsys__net__conn_mgr.a(events_handler.c.obj)
 .text.conn_mgr_init_events_handler
                0x00000000080171b0       0x54 zephyr/subsys/net/conn_mgr/libsubsys__net__conn_mgr.a(events_handler.c.obj)
                0x00000000080171b0                conn_mgr_init_events_handler
 .text.conn_mgr_if_get_binding
                0x0000000008017204       0x2c zephyr/subsys/net/conn_mgr/libsubsys__net__conn_mgr.a(conn_mgr_connectivity.c.obj)
 .text.conn_mgr_conn_handle_iface_admin_up.part.0
                0x0000000008017230       0x28 zephyr/subsys/net/conn_mgr/libsubsys__net__conn_mgr.a(conn_mgr_connectivity.c.obj)
 .text.conn_mgr_conn_self_handler.part.0
                0x0000000008017258       0x94 zephyr/subsys/net/conn_mgr/libsubsys__net__conn_mgr.a(conn_mgr_connectivity.c.obj)
 .text.conn_mgr_conn_self_handler
                0x00000000080172ec       0x10 zephyr/subsys/net/conn_mgr/libsubsys__net__conn_mgr.a(conn_mgr_connectivity.c.obj)
 .text.conn_mgr_conn_iface_handler
                0x00000000080172fc       0x4c zephyr/subsys/net/conn_mgr/libsubsys__net__conn_mgr.a(conn_mgr_connectivity.c.obj)
 .text.conn_mgr_conn_init
                0x0000000008017348       0xac zephyr/subsys/net/conn_mgr/libsubsys__net__conn_mgr.a(conn_mgr_connectivity.c.obj)
                0x0000000008017348                conn_mgr_conn_init
 .text.stm32_exti_isr
                0x00000000080173f4       0x4c zephyr/drivers/interrupt_controller/libdrivers__interrupt_controller.a(intc_exti_stm32.c.obj)
 .text.stm32_fill_irq_table
                0x0000000008017440       0x18 zephyr/drivers/interrupt_controller/libdrivers__interrupt_controller.a(intc_exti_stm32.c.obj)
 .text.stm32_exti_enable