
Discarded input sections

 .text          0x0000000000000000        0x0 CMakeFiles/test_arm_zephyr.dir/test_mmio_driver.c.o
 .data          0x0000000000000000        0x0 CMakeFiles/test_arm_zephyr.dir/test_mmio_driver.c.o
 .bss           0x0000000000000000        0x0 CMakeFiles/test_arm_zephyr.dir/test_mmio_driver.c.o
 .text.mmio_uart_send_byte_direct
                0x0000000000000000       0x2c CMakeFiles/test_arm_zephyr.dir/test_mmio_driver.c.o
 .text.mmio_uart_receive_byte_direct
                0x0000000000000000       0x24 CMakeFiles/test_arm_zephyr.dir/test_mmio_driver.c.o
 .text.mmio_uart_init_pointer
                0x0000000000000000       0x22 CMakeFiles/test_arm_zephyr.dir/test_mmio_driver.c.o
 .text.mmio_uart_init_array
                0x0000000000000000       0x2c CMakeFiles/test_arm_zephyr.dir/test_mmio_driver.c.o
 .text.mmio_uart_complex_operation
                0x0000000000000000       0x58 CMakeFiles/test_arm_zephyr.dir/test_mmio_driver.c.o
 .text.mmio_uart_struct_operation
                0x0000000000000000       0x26 CMakeFiles/test_arm_zephyr.dir/test_mmio_driver.c.o
 .comment       0x0000000000000000       0x5a CMakeFiles/test_arm_zephyr.dir/test_mmio_driver.c.o
 .ARM.attributes
                0x0000000000000000       0x2d CMakeFiles/test_arm_zephyr.dir/test_mmio_driver.c.o

Memory Configuration

Name             Origin             Length             Attributes
FLASH            0x0000000008000000 0x0000000000040000 xr
RAM              0x0000000020000000 0x0000000000010000 xrw
*default*        0x0000000000000000 0xffffffffffffffff

Linker script and memory map

LOAD CMakeFiles/test_arm_zephyr.dir/test_mmio_driver.c.o
                0x0000000000001000                _stack_size = 0x1000

.isr_vector     0x0000000008000000        0x0
                0x0000000008000000                . = ALIGN (0x4)
 *(.isr_vector)
                0x0000000008000000                . = ALIGN (0x4)

.text           0x0000000008000000      0x174
                0x0000000008000000                . = ALIGN (0x4)
 *(.text)
 *(.text*)
 .text.mmio_uart_init_direct
                0x0000000008000000       0x2c CMakeFiles/test_arm_zephyr.dir/test_mmio_driver.c.o
                0x0000000008000000                mmio_uart_init_direct
 .text.mmio_internal_send
                0x000000000800002c       0x2c CMakeFiles/test_arm_zephyr.dir/test_mmio_driver.c.o
 .text.mmio_uart_send_string
                0x0000000008000058       0x2c CMakeFiles/test_arm_zephyr.dir/test_mmio_driver.c.o
                0x0000000008000058                mmio_uart_send_string
 .text.mmio_uart_conditional_operation
                0x0000000008000084       0x48 CMakeFiles/test_arm_zephyr.dir/test_mmio_driver.c.o
                0x0000000008000084                mmio_uart_conditional_operation
 .text.mmio_uart_bulk_transfer
                0x00000000080000cc       0x48 CMakeFiles/test_arm_zephyr.dir/test_mmio_driver.c.o
                0x00000000080000cc                mmio_uart_bulk_transfer
 .text.main     0x0000000008000114       0x3c CMakeFiles/test_arm_zephyr.dir/test_mmio_driver.c.o
                0x0000000008000114                main
 *(.rodata)
 .rodata        0x0000000008000150       0x24 CMakeFiles/test_arm_zephyr.dir/test_mmio_driver.c.o
 *(.rodata*)
                0x0000000008000174                . = ALIGN (0x4)
                0x0000000008000174                _sidata = .

.glue_7         0x0000000008000174        0x0
 .glue_7        0x0000000008000174        0x0 linker stubs

.glue_7t        0x0000000008000174        0x0
 .glue_7t       0x0000000008000174        0x0 linker stubs

.vfp11_veneer   0x0000000008000174        0x0
 .vfp11_veneer  0x0000000008000174        0x0 linker stubs

.v4_bx          0x0000000008000174        0x0
 .v4_bx         0x0000000008000174        0x0 linker stubs

.iplt           0x0000000008000174        0x0
 .iplt          0x0000000008000174        0x0 CMakeFiles/test_arm_zephyr.dir/test_mmio_driver.c.o

.rel.dyn        0x0000000008000174        0x0
 .rel.iplt      0x0000000008000174        0x0 CMakeFiles/test_arm_zephyr.dir/test_mmio_driver.c.o

.data           0x0000000020000000        0x0 load address 0x0000000008000174
                0x0000000020000000                . = ALIGN (0x4)
                0x0000000020000000                _sdata = .
 *(.data)
 *(.data*)
                0x0000000020000000                . = ALIGN (0x4)
                0x0000000020000000                _edata = .

.igot.plt       0x0000000020000000        0x0
 .igot.plt      0x0000000020000000        0x0 CMakeFiles/test_arm_zephyr.dir/test_mmio_driver.c.o

.bss            0x0000000020000000        0x0
                0x0000000020000000                . = ALIGN (0x4)
                0x0000000020000000                _sbss = .
 *(.bss)
 *(.bss*)
 *(COMMON)
                0x0000000020000000                . = ALIGN (0x4)
                0x0000000020000000                _ebss = .

.stack          0x0000000020000000     0x1000
                0x0000000020000000                . = ALIGN (0x8)
                0x0000000020000000                _sstack = .
                0x0000000020001000                . = (. + _stack_size)
 *fill*         0x0000000020000000     0x1000 
                0x0000000020001000                . = ALIGN (0x8)
                0x0000000020001000                _estack = .

/DISCARD/
 *(.comment)
 *(.ARM.attributes)
OUTPUT(test_arm_zephyr elf32-littlearm)
LOAD linker stubs

.debug_info     0x0000000000000000      0x374
 .debug_info    0x0000000000000000      0x374 CMakeFiles/test_arm_zephyr.dir/test_mmio_driver.c.o

.debug_abbrev   0x0000000000000000      0x186
 .debug_abbrev  0x0000000000000000      0x186 CMakeFiles/test_arm_zephyr.dir/test_mmio_driver.c.o

.debug_aranges  0x0000000000000000       0x78
 .debug_aranges
                0x0000000000000000       0x78 CMakeFiles/test_arm_zephyr.dir/test_mmio_driver.c.o

.debug_ranges   0x0000000000000000       0x68
 .debug_ranges  0x0000000000000000       0x68 CMakeFiles/test_arm_zephyr.dir/test_mmio_driver.c.o

.debug_line     0x0000000000000000      0x2f1
 .debug_line    0x0000000000000000      0x2f1 CMakeFiles/test_arm_zephyr.dir/test_mmio_driver.c.o

.debug_str      0x0000000000000000      0x347
 .debug_str     0x0000000000000000      0x347 CMakeFiles/test_arm_zephyr.dir/test_mmio_driver.c.o
                                        0x385 (size before relaxing)

.debug_frame    0x0000000000000000      0x1d8
 .debug_frame   0x0000000000000000      0x1d8 CMakeFiles/test_arm_zephyr.dir/test_mmio_driver.c.o
