Archive member included to satisfy reference by file (symbol)

app/libapp.a(main.c.obj)      (--whole-archive)
app/libapp.a(cts.c.obj)       (--whole-archive)
zephyr/libzephyr.a(crc32c_sw.c.obj)
                              (--whole-archive)
zephyr/libzephyr.a(crc32_sw.c.obj)
                              (--whole-archive)
zephyr/libzephyr.a(crc24_sw.c.obj)
                              (--whole-archive)
zephyr/libzephyr.a(crc16_sw.c.obj)
                              (--whole-archive)
zephyr/libzephyr.a(crc8_sw.c.obj)
                              (--whole-archive)
zephyr/libzephyr.a(crc7_sw.c.obj)
                              (--whole-archive)
zephyr/libzephyr.a(crc4_sw.c.obj)
                              (--whole-archive)
zephyr/libzephyr.a(heap.c.obj)
                              (--whole-archive)
zephyr/libzephyr.a(cbprintf_packaged.c.obj)
                              (--whole-archive)
zephyr/libzephyr.a(printk.c.obj)
                              (--whole-archive)
zephyr/libzephyr.a(sem.c.obj)
                              (--whole-archive)
zephyr/libzephyr.a(thread_entry.c.obj)
                              (--whole-archive)
zephyr/libzephyr.a(cbprintf_complete.c.obj)
                              (--whole-archive)
zephyr/libzephyr.a(assert.c.obj)
                              (--whole-archive)
zephyr/libzephyr.a(mpsc_pbuf.c.obj)
                              (--whole-archive)
zephyr/libzephyr.a(dec.c.obj)
                              (--whole-archive)
zephyr/libzephyr.a(hex.c.obj)
                              (--whole-archive)
zephyr/libzephyr.a(rb.c.obj)  (--whole-archive)
zephyr/libzephyr.a(timeutil.c.obj)
                              (--whole-archive)
zephyr/libzephyr.a(bitarray.c.obj)
                              (--whole-archive)
zephyr/libzephyr.a(onoff.c.obj)
                              (--whole-archive)
zephyr/libzephyr.a(notify.c.obj)
                              (--whole-archive)
zephyr/libzephyr.a(configs.c.obj)
                              (--whole-archive)
zephyr/libzephyr.a(nvs.c.obj)
                              (--whole-archive)
zephyr/libzephyr.a(log_core.c.obj)
                              (--whole-archive)
zephyr/libzephyr.a(log_mgmt.c.obj)
                              (--whole-archive)
zephyr/libzephyr.a(log_cache.c.obj)
                              (--whole-archive)
zephyr/libzephyr.a(log_msg.c.obj)
                              (--whole-archive)
zephyr/libzephyr.a(log_output.c.obj)
                              (--whole-archive)
zephyr/libzephyr.a(log_backend_rtt.c.obj)
                              (--whole-archive)
zephyr/libzephyr.a(log_backend_uart.c.obj)
                              (--whole-archive)
zephyr/libzephyr.a(mem_attr.c.obj)
                              (--whole-archive)
zephyr/libzephyr.a(flash_map.c.obj)
                              (--whole-archive)
zephyr/libzephyr.a(flash_map_default.c.obj)
                              (--whole-archive)
zephyr/libzephyr.a(flash_map_layout.c.obj)
                              (--whole-archive)
zephyr/libzephyr.a(tracing_none.c.obj)
                              (--whole-archive)
zephyr/libzephyr.a(dis.c.obj)
                              (--whole-archive)
zephyr/libzephyr.a(bas.c.obj)
                              (--whole-archive)
zephyr/libzephyr.a(hrs.c.obj)
                              (--whole-archive)
zephyr/libzephyr.a(ias.c.obj)
                              (--whole-archive)
zephyr/libzephyr.a(addr_utils.c.obj)
                              (--whole-archive)
zephyr/libzephyr.a(settings_store.c.obj)
                              (--whole-archive)
zephyr/libzephyr.a(settings.c.obj)
                              (--whole-archive)
zephyr/libzephyr.a(settings_init.c.obj)
                              (--whole-archive)
zephyr/libzephyr.a(settings_line.c.obj)
                              (--whole-archive)
zephyr/libzephyr.a(settings_nvs.c.obj)
                              (--whole-archive)
zephyr/libzephyr.a(flash_util.c.obj)
                              (--whole-archive)
zephyr/libzephyr.a(utils.c.obj)
                              (--whole-archive)
zephyr/libzephyr.a(ecc_dh.c.obj)
                              (--whole-archive)
zephyr/libzephyr.a(ecc.c.obj)
                              (--whole-archive)
zephyr/libzephyr.a(aes_decrypt.c.obj)
                              (--whole-archive)
zephyr/libzephyr.a(aes_encrypt.c.obj)
                              (--whole-archive)
zephyr/libzephyr.a(cmac_mode.c.obj)
                              (--whole-archive)
zephyr/arch/common/libarch__common.a(sw_isr_common.c.obj)
                              (--whole-archive)
zephyr/arch/arch/arm/core/libarch__arm__core.a(fatal.c.obj)
                              (--whole-archive)
zephyr/arch/arch/arm/core/libarch__arm__core.a(nmi.c.obj)
                              (--whole-archive)
zephyr/arch/arch/arm/core/libarch__arm__core.a(nmi_on_reset.S.obj)
                              (--whole-archive)
[...]
Memory Configuration

Name             Origin             Length             Attributes
FLASH            0x0000000000000000 0x0000000000100000 xr
RAM              0x0000000020000000 0x0000000000040000 xw
IDT_LIST         0x00000000ffff7fff 0x0000000000008000 xw
*default*        0x0000000000000000 0xffffffffffffffff

Linker script and memory map

                0x000000000001d504                vfprintf = __l_vfprintf
                0x0000000000000000                vfscanf = __l_vfscanf
LOAD zephyr/CMakeFiles/zephyr_final.dir/misc/empty_file.c.obj
LOAD zephyr/CMakeFiles/zephyr_final.dir/isr_tables.c.obj
LOAD app/libapp.a
LOAD zephyr/libzephyr.a
LOAD zephyr/arch/common/libarch__common.a
LOAD zephyr/arch/arch/arm/core/libarch__arm__core.a
LOAD zephyr/arch/arch/arm/core/cortex_m/libarch__arm__core__cortex_m.a
LOAD zephyr/arch/arch/arm/core/mpu/libarch__arm__core__mpu.a
LOAD zephyr/lib/libc/picolibc/liblib__libc__picolibc.a
LOAD zephyr/lib/libc/common/liblib__libc__common.a
LOAD zephyr/soc/soc/nrf52840/libsoc__nordic.a
LOAD zephyr/subsys/random/libsubsys__random.a
LOAD zephyr/subsys/bluetooth/common/libsubsys__bluetooth__common.a
LOAD zephyr/subsys/bluetooth/host/libsubsys__bluetooth__host.a
LOAD zephyr/subsys/bluetooth/crypto/libsubsys__bluetooth__crypto.a
LOAD zephyr/subsys/bluetooth/controller/libsubsys__bluetooth__controller.a
LOAD zephyr/subsys/bluetooth/controller/ll_sw/nordic/libsubsys__bluetooth__controller__ll_sw__nordic.a
LOAD zephyr/subsys/net/libsubsys__net.a
LOAD zephyr/drivers/clock_control/libdrivers__clock_control.a
LOAD zephyr/drivers/console/libdrivers__console.a
LOAD zephyr/drivers/entropy/libdrivers__entropy.a
LOAD zephyr/drivers/flash/libdrivers__flash.a
LOAD zephyr/drivers/gpio/libdrivers__gpio.a
LOAD zephyr/drivers/pinctrl/libdrivers__pinctrl.a
LOAD zephyr/drivers/serial/libdrivers__serial.a
LOAD zephyr/drivers/timer/libdrivers__timer.a
LOAD modules/hal_nordic/nrfx/libmodules__hal_nordic__nrfx.a
LOAD modules/segger/libmodules__segger.a
LOAD zephyr/kernel/libkernel.a
LOAD zephyr/CMakeFiles/offsets.dir/./arch/arm/core/offsets/offsets.c.obj
LOAD /home/chenkaiqiu/zephyr-sdk-0.16.8/arm-zephyr-eabi/bin/../lib/gcc/arm-zephyr-eabi/12.2.0/thumb/v7e-m/nofp/libgcc.a
LOAD zephyr/arch/common/libisr_tables.a
LOAD /home/chenkaiqiu/zephyr-sdk-0.16.8/arm-zephyr-eabi/bin/../lib/gcc/../../picolibc/arm-zephyr-eabi/lib/thumb/v7e-m/nofp/libc.a
LOAD /home/chenkaiqiu/zephyr-sdk-0.16.8/arm-zephyr-eabi/bin/../lib/gcc/arm-zephyr-eabi/12.2.0/thumb/v7e-m/nofp/libgcc.a
                0x0000000000000020                _region_min_align = 0x20

.rel.plt        0x0000000000000000        0x0
 *(SORT_BY_ALIGNMENT(.rel.plt))
                [!provide]                        PROVIDE (__rel_iplt_start = .)
 *(SORT_BY_ALIGNMENT(.rel.iplt))
 .rel.iplt      0x0000000000000000        0x0 zephyr/CMakeFiles/zephyr_final.dir/isr_tables.c.obj
                [!provide]                        PROVIDE (__rel_iplt_end = .)

.rela.plt       0x0000000000000000        0x0
 *(SORT_BY_ALIGNMENT(.rela.plt))
                [!provide]                        PROVIDE (__rela_iplt_start = .)
 *(SORT_BY_ALIGNMENT(.rela.iplt))
                [!provide]                        PROVIDE (__rela_iplt_end = .)

.rel.dyn
 *(SORT_BY_ALIGNMENT(.rel.*))

.rela.dyn
 *(SORT_BY_ALIGNMENT(.rela.*))

/DISCARD/
 *(SORT_BY_ALIGNMENT(.plt))

/DISCARD/
 *(SORT_BY_ALIGNMENT(.iplt))
                0x0000000000000000                __rom_region_start = 0x0

rom_start       0x0000000000000000      0x100
                0x0000000000000000                __rom_start_address = .
 FILL mask 0x00
                0x0000000000000000                . = (. + (0x0 - (. - __rom_start_address)))
                0x0000000000000000                . = ALIGN (0x4)
                0x0000000000000000                . = ALIGN (0x80)
                0x0000000000000000                . = ALIGN (0x100)
                0x0000000000000000                _vector_start = .
 *(SORT_BY_ALIGNMENT(.exc_vector_table))
 *(SORT_BY_ALIGNMENT(.exc_vector_table.*))
 .exc_vector_table._vector_table_section
                0x0000000000000000       0x40 zephyr/arch/arch/arm/core/cortex_m/libarch__arm__core__cortex_m.a(vector_table.S.obj)
                0x0000000000000000                _vector_table
 *(SORT_BY_ALIGNMENT(.vectors))
                0x0000000000000100                _vector_end = .
                0x0000000000000040                . = ALIGN (0x4)
 *(SORT_BY_ALIGNMENT(.gnu.linkonce.irq_vector_table*))
 .gnu.linkonce.irq_vector_table
                0x0000000000000040       0xc0 zephyr/CMakeFiles/zephyr_final.dir/isr_tables.c.obj
                0x0000000000000040                _irq_vector_table
                0x0000000000000100                _vector_end = .

text            0x0000000000000100    0x26908
                0x0000000000000100                __text_region_start = .
 *(SORT_BY_ALIGNMENT(.text))
 .text          0x0000000000000100       0x30 /home/chenkaiqiu/zephyr-sdk-0.16.8/arm-zephyr-eabi/bin/../lib/gcc/arm-zephyr-eabi/12.2.0/thumb/v7e-m/nofp/libgcc.a(_aeabi_uldivmod.o)
                0x0000000000000100                __aeabi_uldivmod
 .text          0x0000000000000130        0x4 /home/chenkaiqiu/zephyr-sdk-0.16.8/arm-zephyr-eabi/bin/../lib/gcc/arm-zephyr-eabi/12.2.0/thumb/v7e-m/nofp/libgcc.a(_dvmd_tls.o)
                0x0000000000000130                __aeabi_ldiv0
                0x0000000000000130                __aeabi_idiv0
 .text          0x0000000000000134      0x2a0 /home/chenkaiqiu/zephyr-sdk-0.16.8/arm-zephyr-eabi/bin/../lib/gcc/arm-zephyr-eabi/12.2.0/thumb/v7e-m/nofp/libgcc.a(_udivmoddi4.o)
                0x0000000000000134                __udivmoddi4
 .text          0x00000000000003d4       0x14 /home/chenkaiqiu/zephyr-sdk-0.16.8/arm-zephyr-eabi/bin/../lib/gcc/../../picolibc/arm-zephyr-eabi/lib/thumb/v7e-m/nofp/libc.a(strcmp.S.o)
                0x00000000000003d4                strcmp
 .text          0x00000000000003e8       0x10 /home/chenkaiqiu/zephyr-sdk-0.16.8/arm-zephyr-eabi/bin/../lib/gcc/../../picolibc/arm-zephyr-eabi/lib/thumb/v7e-m/nofp/libc.a(strcpy.S.o)
                0x00000000000003e8                strcpy
 .text          0x00000000000003f8       0x10 /home/chenkaiqiu/zephyr-sdk-0.16.8/arm-zephyr-eabi/bin/../lib/gcc/../../picolibc/arm-zephyr-eabi/lib/thumb/v7e-m/nofp/libc.a(strlen.S.o)
                0x00000000000003f8                strlen
 *(SORT_BY_ALIGNMENT(.text.*))
 .text.bt_init  0x0000000000000408      0x564 zephyr/subsys/bluetooth/host/libsubsys__bluetooth__host.a(hci_core.c.obj)
 *fill*         0x000000000000096c        0x4 
 .text.ull_drift_ticks_get
                0x0000000000000970       0x7c zephyr/subsys/bluetooth/controller/libsubsys__bluetooth__controller.a(ull.c.obj)
                0x0000000000000970                ull_drift_ticks_get
 *fill*         0x00000000000009ec        0x4 
 .text.ll_adv_enable
                0x00000000000009f0      0x350 zephyr/subsys/bluetooth/controller/libsubsys__bluetooth__controller.a(ull_adv.c.obj)
                0x00000000000009f0                ll_adv_enable
 .text.ull_adv_time_update
                0x0000000000000d40       0xb0 zephyr/subsys/bluetooth/controller/libsubsys__bluetooth__controller.a(ull_adv.c.obj)
                0x0000000000000d40                ull_adv_time_update
 .text.ull_conn_update_ticker.constprop.0
                0x0000000000000df0      0x128 zephyr/subsys/bluetooth/controller/libsubsys__bluetooth__controller.a(ull_conn.c.obj)
 .text.ull_conn_done
                0x0000000000000f18      0x330 zephyr/subsys/bluetooth/controller/libsubsys__bluetooth__controller.a(ull_conn.c.obj)
                0x0000000000000f18                ull_conn_done
 .text.ull_conn_update_parameters
                0x0000000000001248      0x1e8 zephyr/subsys/bluetooth/controller/libsubsys__bluetooth__controller.a(ull_conn.c.obj)
                0x0000000000001248                ull_conn_update_parameters
 .text.ull_periph_setup
                0x0000000000001430      0x42c zephyr/subsys/bluetooth/controller/libsubsys__bluetooth__controller.a(ull_peripheral.c.obj)
                0x0000000000001430                ull_periph_setup
 *fill*         0x000000000000185c        0x4 
 .text.nrf_flash_sync_exe
                0x0000000000001860       0xf8 zephyr/subsys/bluetooth/controller/libsubsys__bluetooth__controller.a(soc_flash_nrf_ticker.c.obj)
                0x0000000000001860                nrf_flash_sync_exe
 .text.nrf_flash_sync_check_time_limit
                0x0000000000001958       0x48 zephyr/subsys/bluetooth/controller/libsubsys__bluetooth__controller.a(soc_flash_nrf_ticker.c.obj)
                0x0000000000001958                nrf_flash_sync_check_time_limit
 .text.prepare_cb
                0x00000000000019a0      0x16c zephyr/subsys/bluetooth/controller/ll_sw/nordic/libsubsys__bluetooth__controller__ll_sw__nordic.a(lll_adv.c.obj)
 *fill*         0x0000000000001b0c        0x4 
 .text.prepare_cb
                0x0000000000001b10      0x230 zephyr/subsys/bluetooth/controller/ll_sw/nordic/libsubsys__bluetooth__controller__ll_sw__nordic.a(lll_peripheral.c.obj)
 .text.vnd_ccc_cfg_changed
                0x0000000000001d40       0x10 app/libapp.a(main.c.obj)
 .text.mtu_updated
                0x0000000000001d50        0xc app/libapp.a(main.c.obj)
                0x0000000000001d50                mtu_updated
 .text.disconnected
                0x0000000000001d5c        0xc app/libapp.a(main.c.obj)
 .text.alert_high_start
                0x0000000000001d68        0xc app/libapp.a(main.c.obj)
 .text.alert_start
                0x0000000000001d74        0xc app/libapp.a(main.c.obj)
 .text.alert_stop
                0x0000000000001d80        0xc app/libapp.a(main.c.obj)
 .text.indicate_destroy
                0x0000000000001d8c       0x18 app/libapp.a(main.c.obj)
 .text.indicate_cb
                0x0000000000001da4       0x1c app/libapp.a(main.c.obj)
 .text.connected
                0x0000000000001dc0       0x18 app/libapp.a(main.c.obj)
 .text.bt_addr_le_to_str.constprop.0.isra.0
                0x0000000000001dd8       0x78 app/libapp.a(main.c.obj)
 .text.auth_cancel
                0x0000000000001e50       0x20 app/libapp.a(main.c.obj)
 .text.auth_passkey_display
                0x0000000000001e70       0x24 app/libapp.a(main.c.obj)
 .text.main     0x0000000000001e94      0x140 app/libapp.a(main.c.obj)
                0x0000000000001e94                main
 .text.write_ct
                0x0000000000001fd4       0x30 app/libapp.a(cts.c.obj)
 .text.cts_init
                0x0000000000002004       0x2c app/libapp.a(cts.c.obj)
                0x0000000000002004                cts_init
 .text.cts_notify
                0x0000000000002030       0x40 app/libapp.a(cts.c.obj)
                0x0000000000002030                cts_notify
 .text.crc8_ccitt
                0x0000000000002070       0x2c zephyr/libzephyr.a(crc8_sw.c.obj)
                0x0000000000002070                crc8_ccitt
 .text.cbvprintf_package
                0x000000000000209c      0x3a4 zephyr/libzephyr.a(cbprintf_packaged.c.obj)
                0x000000000000209c                cbvprintf_package
 .text.cbprintf_package_convert
                0x0000000000002440      0x3c0 zephyr/libzephyr.a(cbprintf_packaged.c.obj)
                0x0000000000002440                cbprintf_package_convert
 .text.__printk_hook_install
                0x0000000000002800        0xc zephyr/libzephyr.a(printk.c.obj)
                0x0000000000002800                __printk_hook_install
 .text.z_thread_entry
                0x000000000000280c       0x34 zephyr/libzephyr.a(thread_entry.c.obj)
                0x000000000000280c                z_thread_entry
 .text.process_event
                0x0000000000002840      0x21c zephyr/libzephyr.a(onoff.c.obj)
 .text.nvs_recover_last_ate
                0x0000000000002a5c       0x64 zephyr/libzephyr.a(nvs.c.obj)
 .text.nvs_mount
                0x0000000000002ac0      0x34c zephyr/libzephyr.a(nvs.c.obj)
                0x0000000000002ac0                nvs_mount
 .text.nvs_write
                0x0000000000002e0c      0x1f0 zephyr/libzephyr.a(nvs.c.obj)
                0x0000000000002e0c                nvs_write
 .text.nvs_read_hist
                0x0000000000002ffc       0xd0 zephyr/libzephyr.a(nvs.c.obj)
                0x0000000000002ffc                nvs_read_hist
 .text.activate_foreach_backend
                0x00000000000030cc       0x64 zephyr/libzephyr.a(log_core.c.obj)
 .text.enable_logger
                0x0000000000003130       0x5c zephyr/libzephyr.a(log_core.c.obj)
 .text.log_process_thread_timer_expiry_fn
                0x000000000000318c        0xc zephyr/libzephyr.a(log_core.c.obj)
 .text.z_log_init
                0x0000000000003198       0x90 zephyr/libzephyr.a(log_core.c.obj)
 .text.log_format_func_t_get
                0x0000000000003228        0xc zephyr/libzephyr.a(log_core.c.obj)
                0x0000000000003228                log_format_func_t_get
 .text.log_set_timestamp_func
                0x0000000000003234       0x20 zephyr/libzephyr.a(log_core.c.obj)
                0x0000000000003234                log_set_timestamp_func
 .text.z_log_notify_backend_enabled
                0x0000000000003254       0x1c zephyr/libzephyr.a(log_core.c.obj)
                0x0000000000003254                z_log_notify_backend_enabled
 .text.z_log_dropped
                0x0000000000003270       0x30 zephyr/libzephyr.a(log_core.c.obj)
                0x0000000000003270                z_log_dropped
 .text.z_log_dropped_read_and_clear
                0x00000000000032a0       0x20 zephyr/libzephyr.a(log_core.c.obj)
                0x00000000000032a0                z_log_dropped_read_and_clear
 .text.dropped_notify
                0x00000000000032c0       0x30 zephyr/libzephyr.a(log_core.c.obj)
                0x00000000000032c0                dropped_notify
 .text.z_log_msg_init
                0x00000000000032f0       0x20 zephyr/libzephyr.a(log_core.c.obj)
                0x00000000000032f0                z_log_msg_init
 .text.log_core_init
                0x0000000000003310       0x34 zephyr/libzephyr.a(log_core.c.obj)
                0x0000000000003310                log_core_init
 .text.z_log_msg_alloc
                0x0000000000003344       0x10 zephyr/libzephyr.a(log_core.c.obj)
                0x0000000000003344                z_log_msg_alloc
 .text.z_log_msg_local_claim
                0x0000000000003354        0xc zephyr/libzephyr.a(log_core.c.obj)
                0x0000000000003354                z_log_msg_local_claim
 .text.z_log_msg_free
                0x0000000000003360       0x10 zephyr/libzephyr.a(log_core.c.obj)
                0x0000000000003360                z_log_msg_free
 .text.z_log_msg_pending
                0x0000000000003370        0xc zephyr/libzephyr.a(log_core.c.obj)
                0x0000000000003370                z_log_msg_pending
 .text.z_impl_log_process
                0x000000000000337c       0xbc zephyr/libzephyr.a(log_core.c.obj)
                0x000000000000337c                z_impl_log_process
 .text.z_impl_log_panic
                0x0000000000003438       0x44 zephyr/libzephyr.a(log_core.c.obj)
                0x0000000000003438                z_impl_log_panic
 .text.log_process_thread_func
                0x000000000000347c       0xa4 zephyr/libzephyr.a(log_core.c.obj)
 .text.z_log_msg_post_finalize
                0x0000000000003520       0x78 zephyr/libzephyr.a(log_core.c.obj)
 .text.z_log_msg_commit
                0x0000000000003598       0x24 zephyr/libzephyr.a(log_core.c.obj)
                0x0000000000003598                z_log_msg_commit
 .text.log_source_name_get
                0x00000000000035bc       0x1c zephyr/libzephyr.a(log_mgmt.c.obj)
                0x00000000000035bc                log_source_name_get
 .text.log_backend_enable
                0x00000000000035d8       0x28 zephyr/libzephyr.a(log_mgmt.c.obj)
                0x00000000000035d8                log_backend_enable
 .text.z_impl_z_log_msg_static_create
                0x0000000000003600      0x108 zephyr/libzephyr.a(log_msg.c.obj)
                0x0000000000003600                z_impl_z_log_msg_static_create
 .text.z_log_msg_runtime_vcreate
                0x0000000000003708       0xa0 zephyr/libzephyr.a(log_msg.c.obj)
                0x0000000000003708                z_log_msg_runtime_vcreate
 .text.log_msg_get_source_id
                0x00000000000037a8       0x18 zephyr/libzephyr.a(log_msg.c.obj)
                0x00000000000037a8                log_msg_get_source_id
 .text.print_formatted
                0x00000000000037c0       0x24 zephyr/libzephyr.a(log_output.c.obj)
 .text.newline_print
                0x00000000000037e4       0x1c zephyr/libzephyr.a(log_output.c.obj)
 .text.log_output_process
                0x0000000000003800      0x2d4 zephyr/libzephyr.a(log_output.c.obj)
                0x0000000000003800                log_output_process
 .text.log_output_dropped_process
                0x0000000000003ad4       0x58 zephyr/libzephyr.a(log_output.c.obj)
                0x0000000000003ad4                log_output_dropped_process
 .text.log_output_timestamp_freq_set
                0x0000000000003b2c       0x2c zephyr/libzephyr.a(log_output.c.obj)
                0x0000000000003b2c                log_output_timestamp_freq_set
 .text.log_backend_rtt_init
                0x0000000000003b58        0xc zephyr/libzephyr.a(log_backend_rtt.c.obj)
 .text.format_set
                0x0000000000003b64        0xc zephyr/libzephyr.a(log_backend_rtt.c.obj)
 .text.panic    0x0000000000003b70       0x14 zephyr/libzephyr.a(log_backend_rtt.c.obj)
 .text.dropped  0x0000000000003b84        0xc zephyr/libzephyr.a(log_backend_rtt.c.obj)
 .text.process  0x0000000000003b90       0x24 zephyr/libzephyr.a(log_backend_rtt.c.obj)
 .text.on_failed_write
                0x0000000000003bb4       0x28 zephyr/libzephyr.a(log_backend_rtt.c.obj)
 .text.data_out_block_mode
                0x0000000000003bdc       0x84 zephyr/libzephyr.a(log_backend_rtt.c.obj)
 .text.char_out
                0x0000000000003c60       0x24 zephyr/libzephyr.a(log_backend_uart.c.obj)
 .text.mem_attr_get_regions
                0x0000000000003c84        0xc zephyr/libzephyr.a(mem_attr.c.obj)
                0x0000000000003c84                mem_attr_get_regions
 .text.flash_area_open
                0x0000000000003c90       0x50 zephyr/libzephyr.a(flash_map.c.obj)
                0x0000000000003c90                flash_area_open
 .text.flash_area_get_sectors
                0x0000000000003ce0       0x60 zephyr/libzephyr.a(flash_map_layout.c.obj)
                0x0000000000003ce0                flash_area_get_sectors
 .text.read_pnp_id
                0x0000000000003d40       0x1c zephyr/libzephyr.a(dis.c.obj)
 .text.read_blvl
                0x0000000000003d5c       0x28 zephyr/libzephyr.a(bas.c.obj)
 .text.blvl_ccc_cfg_changed
                0x0000000000003d84       0x48 zephyr/libzephyr.a(bas.c.obj)
 .text.bt_bas_get_battery_level
                0x0000000000003dcc        0xc zephyr/libzephyr.a(bas.c.obj)
                0x0000000000003dcc                bt_bas_get_battery_level
 .text.bt_bas_set_battery_level
                0x0000000000003dd8       0x50 zephyr/libzephyr.a(bas.c.obj)
                0x0000000000003dd8                bt_bas_set_battery_level
 .text.hrs_init
                0x0000000000003e28       0x10 zephyr/libzephyr.a(hrs.c.obj)
 .text.read_blsc
                0x0000000000003e38       0x1c zephyr/libzephyr.a(hrs.c.obj)
 .text.hrmc_ccc_cfg_changed
                0x0000000000003e54       0x6c zephyr/libzephyr.a(hrs.c.obj)
 .text.bt_hrs_notify
                0x0000000000003ec0       0x40 zephyr/libzephyr.a(hrs.c.obj)
                0x0000000000003ec0                bt_hrs_notify
 .text.set_alert_level
                0x0000000000003f00       0x5c zephyr/libzephyr.a(ias.c.obj)
 .text.disconnected
                0x0000000000003f5c       0x18 zephyr/libzephyr.a(ias.c.obj)
 .text.bt_ias_write_alert_lvl
                0x0000000000003f74       0x50 zephyr/libzephyr.a(ias.c.obj)
 .text.settings_save_one
                0x0000000000003fc4       0x4c zephyr/libzephyr.a(settings_store.c.obj)
                0x0000000000003fc4                settings_save_one
 .text.settings_src_register
                0x0000000000004010       0x1c zephyr/libzephyr.a(settings_store.c.obj)
                0x0000000000004010                settings_src_register
 .text.settings_dst_register
                0x000000000000402c        0xc zephyr/libzephyr.a(settings_store.c.obj)
                0x000000000000402c                settings_dst_register
 .text.settings_load_subtree
                0x0000000000004038       0x4c zephyr/libzephyr.a(settings_store.c.obj)
                0x0000000000004038                settings_load_subtree
 .text.settings_load_subtree_direct
                0x0000000000004084       0x40 zephyr/libzephyr.a(settings_store.c.obj)
                0x0000000000004084                settings_load_subtree_direct
 .text.settings_store_init
                0x00000000000040c4       0x10 zephyr/libzephyr.a(settings_store.c.obj)
                0x00000000000040c4                settings_store_init
 .text.settings_init
                0x00000000000040d4       0x10 zephyr/libzephyr.a(settings.c.obj)
                0x00000000000040d4                settings_init
 .text.settings_parse_and_lookup
                0x00000000000040e4       0x98 zephyr/libzephyr.a(settings.c.obj)
                0x00000000000040e4                settings_parse_and_lookup
 .text.settings_call_set_handler
                0x000000000000417c       0xa4 zephyr/libzephyr.a(settings.c.obj)
                0x000000000000417c                settings_call_set_handler
 .text.settings_commit_subtree
                0x0000000000004220       0x70 zephyr/libzephyr.a(settings.c.obj)
                0x0000000000004220                settings_commit_subtree
 .text.settings_subsys_init
                0x0000000000004290       0x3c zephyr/libzephyr.a(settings_init.c.obj)
                0x0000000000004290                settings_subsys_init
 .text.settings_nvs_load
                0x00000000000042cc       0xbc zephyr/libzephyr.a(settings_nvs.c.obj)
 .text.settings_backend_init
                0x0000000000004388       0x84 zephyr/libzephyr.a(settings_nvs.c.obj)
                0x0000000000004388                settings_backend_init
 .text.uECC_get_rng
                0x000000000000440c        0xc zephyr/libzephyr.a(ecc.c.obj)
                0x000000000000440c                uECC_get_rng
 .text.vli_mmod_fast_secp256r1
                0x0000000000004418      0x184 zephyr/libzephyr.a(ecc.c.obj)
                0x0000000000004418                vli_mmod_fast_secp256r1
 .text.sub_bytes
                0x000000000000459c       0x18 zephyr/libzephyr.a(aes_encrypt.c.obj)
 .text.tc_aes128_set_encrypt_key
                0x00000000000045b4       0xa4 zephyr/libzephyr.a(aes_encrypt.c.obj)
                0x00000000000045b4                tc_aes128_set_encrypt_key
 .text.z_arm_fatal_error
                0x0000000000004658       0xb8 zephyr/arch/arch/arm/core/libarch__arm__core.a(fatal.c.obj)
                0x0000000000004658                z_arm_fatal_error
 .text.z_SysNmiOnReset
                0x0000000000004710        0x8 zephyr/arch/arch/arm/core/libarch__arm__core.a(nmi_on_reset.S.obj)
                0x0000000000004710                z_SysNmiOnReset
 .text.arch_tls_stack_setup
                0x0000000000004718       0x40 zephyr/arch/arch/arm/core/libarch__arm__core.a(tls.c.obj)
                0x0000000000004718                arch_tls_stack_setup
 .text._HandlerModeExit
                0x0000000000004758       0x28 zephyr/arch/arch/arm/core/cortex_m/libarch__arm__core__cortex_m.a(exc_exit.c.obj)
                0x0000000000004758                z_arm_exc_exit
                0x0000000000004758                z_arm_int_exit
 .text.bus_fault.constprop.0
                0x0000000000004780       0xd0 zephyr/arch/arch/arm/core/cortex_m/libarch__arm__core__cortex_m.a(fault.c.obj)
 .text.usage_fault.constprop.0
                0x0000000000004850       0xa8 zephyr/arch/arch/arm/core/cortex_m/libarch__arm__core__cortex_m.a(fault.c.obj)
 .text.mem_manage_fault
                0x00000000000048f8      0x104 zephyr/arch/arch/arm/core/cortex_m/libarch__arm__core__cortex_m.a(fault.c.obj)
 .text.z_arm_fault
                0x00000000000049fc      0x1d4 zephyr/arch/arch/arm/core/cortex_m/libarch__arm__core__cortex_m.a(fault.c.obj)
                0x00000000000049fc                z_arm_fault
 .text.z_arm_fault_init
                0x0000000000004bd0       0x10 zephyr/arch/arch/arm/core/cortex_m/libarch__arm__core__cortex_m.a(fault.c.obj)
                0x0000000000004bd0                z_arm_fault_init
 .text.__fault  0x0000000000004be0       0x14 zephyr/arch/arch/arm/core/cortex_m/libarch__arm__core__cortex_m.a(fault_s.S.obj)
                0x0000000000004be0                z_arm_bus_fault
                0x0000000000004be0                z_arm_usage_fault
                0x0000000000004be0                z_arm_mpu_fault
                0x0000000000004be0                z_arm_exc_spurious
                0x0000000000004be0                z_arm_debug_monitor
                0x0000000000004be0                z_arm_hard_fault
 .text._reset_section
                0x0000000000004bf4       0x30 zephyr/arch/arch/arm/core/cortex_m/libarch__arm__core__cortex_m.a(reset.S.obj)
                0x0000000000004bf4                z_arm_reset
                0x0000000000004bf4                __start
 .text.z_impl_k_thread_abort
                0x0000000000004c24       0x2c zephyr/arch/arch/arm/core/cortex_m/libarch__arm__core__cortex_m.a(thread_abort.c.obj)
                0x0000000000004c24                z_impl_k_thread_abort
 .text.arch_swap
                0x0000000000004c50       0x30 zephyr/arch/arch/arm/core/cortex_m/libarch__arm__core__cortex_m.a(swap.c.obj)
                0x0000000000004c50                arch_swap
 .text.z_arm_pendsv_c
                0x0000000000004c80       0x48 zephyr/arch/arch/arm/core/cortex_m/libarch__arm__core__cortex_m.a(swap.c.obj)
                0x0000000000004c80                z_arm_pendsv_c
 .text.z_arm_pendsv
                0x0000000000004cc8       0x34 zephyr/arch/arch/arm/core/cortex_m/libarch__arm__core__cortex_m.a(swap_helper.S.obj)
                0x0000000000004cc8                z_arm_pendsv
 .text.z_arm_svc
                0x0000000000004cfc       0x20 zephyr/arch/arch/arm/core/cortex_m/libarch__arm__core__cortex_m.a(swap_helper.S.obj)
                0x0000000000004cfc                z_arm_svc
 .text.arch_irq_enable
                0x0000000000004d1c       0x1c zephyr/arch/arch/arm/core/cortex_m/libarch__arm__core__cortex_m.a(irq_manage.c.obj)
                0x0000000000004d1c                arch_irq_enable
 .text.arch_irq_disable
                0x0000000000004d38       0x28 zephyr/arch/arch/arm/core/cortex_m/libarch__arm__core__cortex_m.a(irq_manage.c.obj)
                0x0000000000004d38                arch_irq_disable
 .text.arch_irq_is_enabled
                0x0000000000004d60       0x1c zephyr/arch/arch/arm/core/cortex_m/libarch__arm__core__cortex_m.a(irq_manage.c.obj)
                0x0000000000004d60                arch_irq_is_enabled
 .text.z_arm_irq_priority_set
                0x0000000000004d7c       0x30 zephyr/arch/arch/arm/core/cortex_m/libarch__arm__core__cortex_m.a(irq_manage.c.obj)
                0x0000000000004d7c                z_arm_irq_priority_set
 .text.z_prep_c
                0x0000000000004dac       0x48 zephyr/arch/arch/arm/core/cortex_m/libarch__arm__core__cortex_m.a(prep_c.c.obj)
                0x0000000000004dac                z_prep_c
 .text.arch_new_thread
                0x0000000000004df4       0x38 zephyr/arch/arch/arm/core/cortex_m/libarch__arm__core__cortex_m.a(thread.c.obj)
                0x0000000000004df4                arch_new_thread
 .text.z_check_thread_stack_fail
                0x0000000000004e2c       0x2c zephyr/arch/arch/arm/core/cortex_m/libarch__arm__core__cortex_m.a(thread.c.obj)
                0x0000000000004e2c                z_check_thread_stack_fail
 .text.arch_switch_to_main_thread
                0x0000000000004e58       0x44 zephyr/arch/arch/arm/core/cortex_m/libarch__arm__core__cortex_m.a(thread.c.obj)
                0x0000000000004e58                arch_switch_to_main_thread
 .text.z_arm_cpu_idle_init
                0x0000000000004e9c        0xc zephyr/arch/arch/arm/core/cortex_m/libarch__arm__core__cortex_m.a(cpu_idle.c.obj)
                0x0000000000004e9c                z_arm_cpu_idle_init
 .text.z_arm_interrupt_init
                0x0000000000004ea8       0x18 zephyr/arch/arch/arm/core/cortex_m/libarch__arm__core__cortex_m.a(irq_init.c.obj)
                0x0000000000004ea8                z_arm_interrupt_init
 .text._isr_wrapper
                0x0000000000004ec0       0x24 zephyr/arch/arch/arm/core/cortex_m/libarch__arm__core__cortex_m.a(isr_wrapper.c.obj)
                0x0000000000004ec0                _isr_wrapper
 .text.z_arm_configure_static_mpu_regions
                0x0000000000004ee4       0x18 zephyr/arch/arch/arm/core/mpu/libarch__arm__core__mpu.a(arm_core_mpu.c.obj)
                0x0000000000004ee4                z_arm_configure_static_mpu_regions
 .text.z_arm_configure_dynamic_mpu_regions
                0x0000000000004efc       0x20 zephyr/arch/arch/arm/core/mpu/libarch__arm__core__mpu.a(arm_core_mpu.c.obj)
                0x0000000000004efc                z_arm_configure_dynamic_mpu_regions
 .text.region_allocate_and_init
                0x0000000000004f1c       0x54 zephyr/arch/arch/arm/core/mpu/libarch__arm__core__mpu.a(arm_mpu.c.obj)
 .text.mpu_configure_regions
                0x0000000000004f70       0x68 zephyr/arch/arch/arm/core/mpu/libarch__arm__core__mpu.a(arm_mpu.c.obj)
 .text.arm_core_mpu_enable
                0x0000000000004fd8       0x18 zephyr/arch/arch/arm/core/mpu/libarch__arm__core__mpu.a(arm_mpu.c.obj)
                0x0000000000004fd8                arm_core_mpu_enable
 .text.arm_core_mpu_disable
                0x0000000000004ff0       0x14 zephyr/arch/arch/arm/core/mpu/libarch__arm__core__mpu.a(arm_mpu.c.obj)
                0x0000000000004ff0                arm_core_mpu_disable
 .text.arm_core_mpu_configure_static_mpu_regions
                0x0000000000005004       0x14 zephyr/arch/arch/arm/core/mpu/libarch__arm__core__mpu.a(arm_mpu.c.obj)
                0x0000000000005004                arm_core_mpu_configure_static_mpu_regions
 .text.arm_core_mpu_configure_dynamic_mpu_regions
                0x0000000000005018       0x38 zephyr/arch/arch/arm/core/mpu/libarch__arm__core__mpu.a(arm_mpu.c.obj)
                0x0000000000005018                arm_core_mpu_configure_dynamic_mpu_regions
 .text.z_arm_mpu_init
                0x0000000000005050      0x17c zephyr/arch/arch/arm/core/mpu/libarch__arm__core__mpu.a(arm_mpu.c.obj)
                0x0000000000005050                z_arm_mpu_init
 .text.z_impl_zephyr_fputc
                0x00000000000051cc       0x10 zephyr/lib/libc/picolibc/liblib__libc__picolibc.a(libc-hooks.c.obj)
                0x00000000000051cc                z_impl_zephyr_fputc
 .text.__stdout_hook_install
                0x00000000000051dc       0x18 zephyr/lib/libc/picolibc/liblib__libc__picolibc.a(libc-hooks.c.obj)
                0x00000000000051dc                __stdout_hook_install
 .text.cbvprintf
                0x00000000000051f4       0x38 zephyr/lib/libc/picolibc/liblib__libc__picolibc.a(libc-hooks.c.obj)
                0x00000000000051f4                cbvprintf
 .text.malloc_prepare
                0x000000000000522c       0x24 zephyr/lib/libc/common/liblib__libc__common.a(malloc.c.obj)
 .text.nordicsemi_nrf52_init
                0x0000000000005250       0x44 zephyr/soc/soc/nrf52840/libsoc__nordic.a(soc.c.obj)
 .text.arch_busy_wait
                0x0000000000005294       0x14 zephyr/soc/soc/nrf52840/libsoc__nordic.a(soc.c.obj)
                0x0000000000005294                arch_busy_wait
 .text.xoshiro128_initialize
                0x00000000000052a8       0x18 zephyr/subsys/random/libsubsys__random.a(random_xoshiro128.c.obj)
 .text.bt_hex   0x00000000000052c0       0x44 zephyr/subsys/bluetooth/common/libsubsys__bluetooth__common.a(bt_str.c.obj)
                0x00000000000052c0                bt_hex
 .text.bt_addr_le_str
                0x0000000000005304       0x7c zephyr/subsys/bluetooth/common/libsubsys__bluetooth__common.a(bt_str.c.obj)
                0x0000000000005304                bt_addr_le_str
 .text.send_cmd_status
                0x0000000000005380       0x54 zephyr/subsys/bluetooth/host/libsubsys__bluetooth__host.a(hci_ecc.c.obj)
 .text.ecc_process
                0x00000000000053d4      0x1b0 zephyr/subsys/bluetooth/host/libsubsys__bluetooth__host.a(hci_ecc.c.obj)
 .text.le_gen_dhkey
                0x0000000000005584       0x98 zephyr/subsys/bluetooth/host/libsubsys__bluetooth__host.a(hci_ecc.c.obj)
 .text.bt_hci_ecc_send
                0x000000000000561c       0xe0 zephyr/subsys/bluetooth/host/libsubsys__bluetooth__host.a(hci_ecc.c.obj)
                0x000000000000561c                bt_hci_ecc_send
 .text.set_setting
                0x00000000000056fc      0x124 zephyr/subsys/bluetooth/host/libsubsys__bluetooth__host.a(settings.c.obj)
 .text.bt_settings_encode_key
                0x0000000000005820       0x60 zephyr/subsys/bluetooth/host/libsubsys__bluetooth__host.a(settings.c.obj)
                0x0000000000005820                bt_settings_encode_key
 .text.bt_settings_init
                0x0000000000005880       0x24 zephyr/subsys/bluetooth/host/libsubsys__bluetooth__host.a(settings.c.obj)
                0x0000000000005880                bt_settings_init
 .text.bt_settings_store
                0x00000000000058a4       0x50 zephyr/subsys/bluetooth/host/libsubsys__bluetooth__host.a(settings.c.obj)
                0x00000000000058a4                bt_settings_store
 .text.do_store_id
                0x00000000000058f4       0x40 zephyr/subsys/bluetooth/host/libsubsys__bluetooth__host.a(settings.c.obj)
 .text.do_store_irk
                0x0000000000005934       0x44 zephyr/subsys/bluetooth/host/libsubsys__bluetooth__host.a(settings.c.obj)
 .text.bt_settings_delete
                0x0000000000005978       0x4c zephyr/subsys/bluetooth/host/libsubsys__bluetooth__host.a(settings.c.obj)
                0x0000000000005978                bt_settings_delete
 .text.bt_settings_store_sc
                0x00000000000059c4       0x1c zephyr/subsys/bluetooth/host/libsubsys__bluetooth__host.a(settings.c.obj)
                0x00000000000059c4                bt_settings_store_sc
 .text.bt_settings_delete_sc
                0x00000000000059e0       0x10 zephyr/subsys/bluetooth/host/libsubsys__bluetooth__host.a(settings.c.obj)
                0x00000000000059e0                bt_settings_delete_sc
 .text.bt_settings_store_cf
                0x00000000000059f0       0x1c zephyr/subsys/bluetooth/host/libsubsys__bluetooth__host.a(settings.c.obj)
                0x00000000000059f0                bt_settings_store_cf
 .text.bt_settings_store_ccc
                0x0000000000005a0c       0x1c zephyr/subsys/bluetooth/host/libsubsys__bluetooth__host.a(settings.c.obj)
                0x0000000000005a0c                bt_settings_store_ccc
 .text.bt_settings_delete_ccc
                0x0000000000005a28       0x10 zephyr/subsys/bluetooth/host/libsubsys__bluetooth__host.a(settings.c.obj)
                0x0000000000005a28                bt_settings_delete_ccc
 .text.bt_settings_store_hash
                0x0000000000005a38       0x1c zephyr/subsys/bluetooth/host/libsubsys__bluetooth__host.a(settings.c.obj)
                0x0000000000005a38                bt_settings_store_hash
 .text.bt_settings_store_name
                0x0000000000005a54       0x1c zephyr/subsys/bluetooth/host/libsubsys__bluetooth__host.a(settings.c.obj)
                0x0000000000005a54                bt_settings_store_name
 .text.bt_settings_store_id
                0x0000000000005a70       0x10 zephyr/subsys/bluetooth/host/libsubsys__bluetooth__host.a(settings.c.obj)
                0x0000000000005a70                bt_settings_store_id
 .text.bt_settings_store_irk
                0x0000000000005a80       0x10 zephyr/subsys/bluetooth/host/libsubsys__bluetooth__host.a(settings.c.obj)
                0x0000000000005a80                bt_settings_store_irk
 .text.commit_settings
                0x0000000000005a90       0x98 zephyr/subsys/bluetooth/host/libsubsys__bluetooth__host.a(settings.c.obj)
 .text.bt_settings_store_keys
                0x0000000000005b28       0x1c zephyr/subsys/bluetooth/host/libsubsys__bluetooth__host.a(settings.c.obj)
                0x0000000000005b28                bt_settings_store_keys
 .text.bt_settings_delete_keys
                0x0000000000005b44       0x10 zephyr/subsys/bluetooth/host/libsubsys__bluetooth__host.a(settings.c.obj)
                0x0000000000005b44                bt_settings_delete_keys
 .text.long_wq_init
                0x0000000000005b54       0x38 zephyr/subsys/bluetooth/host/libsubsys__bluetooth__host.a(long_wq.c.obj)
 .text.bt_long_wq_schedule
                0x0000000000005b8c        0xc zephyr/subsys/bluetooth/host/libsubsys__bluetooth__host.a(long_wq.c.obj)
                0x0000000000005b8c                bt_long_wq_schedule
 .text.bt_long_wq_submit
                0x0000000000005b98        0xc zephyr/subsys/bluetooth/host/libsubsys__bluetooth__host.a(long_wq.c.obj)
                0x0000000000005b98                bt_long_wq_submit
 .text.uuid_to_uuid128
                0x0000000000005ba4       0x78 zephyr/subsys/bluetooth/host/libsubsys__bluetooth__host.a(uuid.c.obj)
 .text.bt_uuid_to_str
                0x0000000000005c1c       0x70 zephyr/subsys/bluetooth/host/libsubsys__bluetooth__host.a(uuid.c.obj)
                0x0000000000005c1c                bt_uuid_to_str
 .text.bt_buf_get_rx
                0x0000000000005c8c       0x20 zephyr/subsys/bluetooth/host/libsubsys__bluetooth__host.a(buf.c.obj)
                0x0000000000005c8c                bt_buf_get_rx
 .text.bt_buf_get_evt
                0x0000000000005cac       0x38 zephyr/subsys/bluetooth/host/libsubsys__bluetooth__host.a(buf.c.obj)
                0x0000000000005cac                bt_buf_get_evt
 .text.hci_data_buf_overflow
                0x0000000000005ce4       0x18 zephyr/subsys/bluetooth/host/libsubsys__bluetooth__host.a(hci_core.c.obj)
 .text.handle_event_common
                0x0000000000005cfc       0x50 zephyr/subsys/bluetooth/host/libsubsys__bluetooth__host.a(hci_core.c.obj)
 .text.unpair   0x0000000000005d4c       0x8c zephyr/subsys/bluetooth/host/libsubsys__bluetooth__host.a(hci_core.c.obj)
 .text.hci_disconn_complete_prio
                0x0000000000005dd8       0x4c zephyr/subsys/bluetooth/host/libsubsys__bluetooth__host.a(hci_core.c.obj)
 .text.hci_disconn_complete
                0x0000000000005e24       0x44 zephyr/subsys/bluetooth/host/libsubsys__bluetooth__host.a(hci_core.c.obj)
 .text.le_phy_update_complete
                0x0000000000005e68       0x34 zephyr/subsys/bluetooth/host/libsubsys__bluetooth__host.a(hci_core.c.obj)
 .text.le_data_len_change
                0x0000000000005e9c       0x30 zephyr/subsys/bluetooth/host/libsubsys__bluetooth__host.a(hci_core.c.obj)
 .text.hci_hardware_error
                0x0000000000005ecc       0x24 zephyr/subsys/bluetooth/host/libsubsys__bluetooth__host.a(hci_core.c.obj)
 .text.rx_queue_put
                0x0000000000005ef0       0x3c zephyr/subsys/bluetooth/host/libsubsys__bluetooth__host.a(hci_core.c.obj)
 .text.find_pending_connect.part.0
                0x0000000000005f2c       0x2c zephyr/subsys/bluetooth/host/libsubsys__bluetooth__host.a(hci_core.c.obj)
 .text.le_conn_param_neg_reply.part.0
                0x0000000000005f58       0x14 zephyr/subsys/bluetooth/host/libsubsys__bluetooth__host.a(hci_core.c.obj)
 .text.hci_vendor_event
                0x0000000000005f6c       0x60 zephyr/subsys/bluetooth/host/libsubsys__bluetooth__host.a(hci_core.c.obj)
 .text.handle_event.part.0
                0x0000000000005fcc       0x48 zephyr/subsys/bluetooth/host/libsubsys__bluetooth__host.a(hci_core.c.obj)
 .text.hci_le_meta_event
                0x0000000000006014       0x20 zephyr/subsys/bluetooth/host/libsubsys__bluetooth__host.a(hci_core.c.obj)
 .text.le_remote_feat_complete
                0x0000000000006034       0x54 zephyr/subsys/bluetooth/host/libsubsys__bluetooth__host.a(hci_core.c.obj)
 .text.rx_work_handler
                0x0000000000006088      0x138 zephyr/subsys/bluetooth/host/libsubsys__bluetooth__host.a(hci_core.c.obj)
 .text.hci_cmd_done.part.0
                0x00000000000061c0      0x144 zephyr/subsys/bluetooth/host/libsubsys__bluetooth__host.a(hci_core.c.obj)
 .text.hci_num_completed_packets
                0x0000000000006304       0xf8 zephyr/subsys/bluetooth/host/libsubsys__bluetooth__host.a(hci_core.c.obj)
 .text.le_conn_update_complete
                0x00000000000063fc       0xcc zephyr/subsys/bluetooth/host/libsubsys__bluetooth__host.a(hci_core.c.obj)
 .text.bt_hci_cmd_state_set_init
                0x00000000000064c8       0x24 zephyr/subsys/bluetooth/host/libsubsys__bluetooth__host.a(hci_core.c.obj)
                0x00000000000064c8                bt_hci_cmd_state_set_init
 .text.bt_hci_cmd_create
                0x00000000000064ec       0x78 zephyr/subsys/bluetooth/host/libsubsys__bluetooth__host.a(hci_core.c.obj)
                0x00000000000064ec                bt_hci_cmd_create
 .text.bt_unpair
                0x0000000000006564       0x44 zephyr/subsys/bluetooth/host/libsubsys__bluetooth__host.a(hci_core.c.obj)
                0x0000000000006564                bt_unpair
 .text.bt_security_err_get
                0x00000000000065a8       0x10 zephyr/subsys/bluetooth/host/libsubsys__bluetooth__host.a(hci_core.c.obj)
                0x00000000000065a8                bt_security_err_get
 .text.hci_encrypt_key_refresh_complete
                0x00000000000065b8       0x88 zephyr/subsys/bluetooth/host/libsubsys__bluetooth__host.a(hci_core.c.obj)
 .text.hci_encrypt_change
                0x0000000000006640       0xb0 zephyr/subsys/bluetooth/host/libsubsys__bluetooth__host.a(hci_core.c.obj)
 .text.bt_hci_get_ver_str
                0x00000000000066f0       0x3c zephyr/subsys/bluetooth/host/libsubsys__bluetooth__host.a(hci_core.c.obj)
                0x00000000000066f0                bt_hci_get_ver_str
 .text.hci_event_prio
                0x000000000000672c       0xa0 zephyr/subsys/bluetooth/host/libsubsys__bluetooth__host.a(hci_core.c.obj)
                0x000000000000672c                hci_event_prio
 .text.bt_hci_recv
                0x00000000000067cc       0x5c zephyr/subsys/bluetooth/host/libsubsys__bluetooth__host.a(hci_core.c.obj)
                0x00000000000067cc                bt_hci_recv
 .text.bt_finalize_init
                0x0000000000006828      0x134 zephyr/subsys/bluetooth/host/libsubsys__bluetooth__host.a(hci_core.c.obj)
                0x0000000000006828                bt_finalize_init
 .text.bt_init.part.0
                0x000000000000695c       0x30 zephyr/subsys/bluetooth/host/libsubsys__bluetooth__host.a(hci_core.c.obj)
 .text.bt_is_ready
                0x000000000000698c       0x18 zephyr/subsys/bluetooth/host/libsubsys__bluetooth__host.a(hci_core.c.obj)
                0x000000000000698c                bt_is_ready
 .text.bt_set_name
                0x00000000000069a4       0x5c zephyr/subsys/bluetooth/host/libsubsys__bluetooth__host.a(hci_core.c.obj)
                0x00000000000069a4                bt_set_name
 .text.bt_get_name
                0x0000000000006a00        0x8 zephyr/subsys/bluetooth/host/libsubsys__bluetooth__host.a(hci_core.c.obj)
                0x0000000000006a00                bt_get_name
 .text.bt_tx_irq_raise
                0x0000000000006a08        0xc zephyr/subsys/bluetooth/host/libsubsys__bluetooth__host.a(hci_core.c.obj)
                0x0000000000006a08                bt_tx_irq_raise
 .text.bt_hci_cmd_send
                0x0000000000006a14       0x5c zephyr/subsys/bluetooth/host/libsubsys__bluetooth__host.a(hci_core.c.obj)
                0x0000000000006a14                bt_hci_cmd_send
 .text.le_ltk_request
                0x0000000000006a70       0xc0 zephyr/subsys/bluetooth/host/libsubsys__bluetooth__host.a(hci_core.c.obj)
 .text.le_conn_param_req
                0x0000000000006b30       0xc0 zephyr/subsys/bluetooth/host/libsubsys__bluetooth__host.a(hci_core.c.obj)
 .text.process_pending_cmd
                0x0000000000006bf0       0xd8 zephyr/subsys/bluetooth/host/libsubsys__bluetooth__host.a(hci_core.c.obj)
 .text.bt_hci_cmd_send_sync
                0x0000000000006cc8      0x184 zephyr/subsys/bluetooth/host/libsubsys__bluetooth__host.a(hci_core.c.obj)
                0x0000000000006cc8                bt_hci_cmd_send_sync
 .text.hci_le_read_max_data_len
                0x0000000000006e4c       0x7c zephyr/subsys/bluetooth/host/libsubsys__bluetooth__host.a(hci_core.c.obj)
 .text.init_work
                0x0000000000006ec8       0x18 zephyr/subsys/bluetooth/host/libsubsys__bluetooth__host.a(hci_core.c.obj)
 .text.bt_enable
                0x0000000000006ee0       0xdc zephyr/subsys/bluetooth/host/libsubsys__bluetooth__host.a(hci_core.c.obj)
                0x0000000000006ee0                bt_enable
 .text.bt_hci_le_rand
                0x0000000000006fbc       0x58 zephyr/subsys/bluetooth/host/libsubsys__bluetooth__host.a(hci_core.c.obj)
                0x0000000000006fbc                bt_hci_le_rand
 .text.bt_hci_le_enh_conn_complete
                0x0000000000007014      0x314 zephyr/subsys/bluetooth/host/libsubsys__bluetooth__host.a(hci_core.c.obj)
                0x0000000000007014                bt_hci_le_enh_conn_complete
 .text.le_legacy_conn_complete
                0x0000000000007328       0x7c zephyr/subsys/bluetooth/host/libsubsys__bluetooth__host.a(hci_core.c.obj)
 .text.hci_cmd_complete
                0x00000000000073a4       0x54 zephyr/subsys/bluetooth/host/libsubsys__bluetooth__host.a(hci_core.c.obj)
 .text.hci_cmd_status
                0x00000000000073f8       0x34 zephyr/subsys/bluetooth/host/libsubsys__bluetooth__host.a(hci_core.c.obj)
 .text.id_find  0x000000000000742c       0x30 zephyr/subsys/bluetooth/host/libsubsys__bluetooth__host.a(id.c.obj)
 .text.le_rpa_timeout_submit
                0x000000000000745c       0x3c zephyr/subsys/bluetooth/host/libsubsys__bluetooth__host.a(id.c.obj)
 .text.le_rpa_invalidate
                0x0000000000007498       0x48 zephyr/subsys/bluetooth/host/libsubsys__bluetooth__host.a(id.c.obj)
 .text.hci_id_add
                0x00000000000074e0       0x78 zephyr/subsys/bluetooth/host/libsubsys__bluetooth__host.a(id.c.obj)
 .text.id_create
                0x0000000000007558       0xdc zephyr/subsys/bluetooth/host/libsubsys__bluetooth__host.a(id.c.obj)
 .text.bt_id_set_adv_private_addr.part.0
                0x0000000000007634       0x1c zephyr/subsys/bluetooth/host/libsubsys__bluetooth__host.a(id.c.obj)
 .text.set_random_address
                0x0000000000007650       0x74 zephyr/subsys/bluetooth/host/libsubsys__bluetooth__host.a(id.c.obj)
 .text.bt_id_add.part.0
                0x00000000000076c4      0x140 zephyr/subsys/bluetooth/host/libsubsys__bluetooth__host.a(id.c.obj)
 .text.bt_id_del.part.0
                0x0000000000007804      0x100 zephyr/subsys/bluetooth/host/libsubsys__bluetooth__host.a(id.c.obj)
 .text.bt_id_set_private_addr
                0x0000000000007904       0x50 zephyr/subsys/bluetooth/host/libsubsys__bluetooth__host.a(id.c.obj)
                0x0000000000007904                bt_id_set_private_addr
 .text.le_update_private_addr
                0x0000000000007954       0x64 zephyr/subsys/bluetooth/host/libsubsys__bluetooth__host.a(id.c.obj)
 .text.rpa_timeout
                0x00000000000079b8       0x50 zephyr/subsys/bluetooth/host/libsubsys__bluetooth__host.a(id.c.obj)
 .text.bt_id_pending_keys_update
                0x0000000000007a08       0x34 zephyr/subsys/bluetooth/host/libsubsys__bluetooth__host.a(id.c.obj)
                0x0000000000007a08                bt_id_pending_keys_update
 .text.bt_id_find_conflict
                0x0000000000007a3c       0x20 zephyr/subsys/bluetooth/host/libsubsys__bluetooth__host.a(id.c.obj)
                0x0000000000007a3c                bt_id_find_conflict
 .text.bt_id_add
                0x0000000000007a5c       0x34 zephyr/subsys/bluetooth/host/libsubsys__bluetooth__host.a(id.c.obj)
                0x0000000000007a5c                bt_id_add
 .text.bt_id_del
                0x0000000000007a90       0x38 zephyr/subsys/bluetooth/host/libsubsys__bluetooth__host.a(id.c.obj)
                0x0000000000007a90                bt_id_del
 .text.bt_id_create
                0x0000000000007ac8       0xb8 zephyr/subsys/bluetooth/host/libsubsys__bluetooth__host.a(id.c.obj)
                0x0000000000007ac8                bt_id_create
 .text.bt_id_read_public_addr
                0x0000000000007b80       0x88 zephyr/subsys/bluetooth/host/libsubsys__bluetooth__host.a(id.c.obj)
                0x0000000000007b80                bt_id_read_public_addr
 .text.bt_setup_public_id_addr
                0x0000000000007c08       0x94 zephyr/subsys/bluetooth/host/libsubsys__bluetooth__host.a(id.c.obj)
                0x0000000000007c08                bt_setup_public_id_addr
 .text.bt_setup_random_id_addr
                0x0000000000007c9c      0x118 zephyr/subsys/bluetooth/host/libsubsys__bluetooth__host.a(id.c.obj)
                0x0000000000007c9c                bt_setup_random_id_addr
 .text.bt_id_set_adv_own_addr
                0x0000000000007db4      0x104 zephyr/subsys/bluetooth/host/libsubsys__bluetooth__host.a(id.c.obj)
                0x0000000000007db4                bt_id_set_adv_own_addr
 .text.bt_id_init
                0x0000000000007eb8       0x18 zephyr/subsys/bluetooth/host/libsubsys__bluetooth__host.a(id.c.obj)
                0x0000000000007eb8                bt_id_init
 .text.hci_set_ad
                0x0000000000007ed0       0xd0 zephyr/subsys/bluetooth/host/libsubsys__bluetooth__host.a(adv.c.obj)
 .text.adv_is_directed
                0x0000000000007fa0       0x18 zephyr/subsys/bluetooth/host/libsubsys__bluetooth__host.a(adv.c.obj)
 .text.le_adv_start_add_conn
                0x0000000000007fb8       0x60 zephyr/subsys/bluetooth/host/libsubsys__bluetooth__host.a(adv.c.obj)
 .text.valid_adv_param
                0x0000000000008018       0x8c zephyr/subsys/bluetooth/host/libsubsys__bluetooth__host.a(adv.c.obj)
 .text.bt_le_ext_adv_foreach
                0x00000000000080a4        0xc zephyr/subsys/bluetooth/host/libsubsys__bluetooth__host.a(adv.c.obj)
                0x00000000000080a4                bt_le_ext_adv_foreach
 .text.bt_le_adv_lookup_legacy
                0x00000000000080b0        0x8 zephyr/subsys/bluetooth/host/libsubsys__bluetooth__host.a(adv.c.obj)
                0x00000000000080b0                bt_le_adv_lookup_legacy
 .text.bt_le_adv_start_legacy
                0x00000000000080b8      0x278 zephyr/subsys/bluetooth/host/libsubsys__bluetooth__host.a(adv.c.obj)
                0x00000000000080b8                bt_le_adv_start_legacy
 .text.bt_le_adv_start
                0x0000000000008330       0x64 zephyr/subsys/bluetooth/host/libsubsys__bluetooth__host.a(adv.c.obj)
                0x0000000000008330                bt_le_adv_start
 .text.bt_le_adv_stop
                0x0000000000008394       0x78 zephyr/subsys/bluetooth/host/libsubsys__bluetooth__host.a(adv.c.obj)
                0x0000000000008394                bt_le_adv_stop
 .text.adv_timeout
                0x000000000000840c       0x24 zephyr/subsys/bluetooth/host/libsubsys__bluetooth__host.a(adv.c.obj)
 .text.bt_le_adv_resume
                0x0000000000008430       0xf8 zephyr/subsys/bluetooth/host/libsubsys__bluetooth__host.a(adv.c.obj)
                0x0000000000008430                bt_le_adv_resume
 .text.bt_pub_key_is_debug
                0x0000000000008528       0x18 zephyr/subsys/bluetooth/host/libsubsys__bluetooth__host.a(ecc.c.obj)
                0x0000000000008528                bt_pub_key_is_debug
 .text.bt_pub_key_gen
                0x0000000000008540      0x104 zephyr/subsys/bluetooth/host/libsubsys__bluetooth__host.a(ecc.c.obj)
                0x0000000000008540                bt_pub_key_gen
 .text.bt_pub_key_get
                0x0000000000008644       0x20 zephyr/subsys/bluetooth/host/libsubsys__bluetooth__host.a(ecc.c.obj)
                0x0000000000008644                bt_pub_key_get
 .text.bt_dh_key_gen
                0x0000000000008664       0xa4 zephyr/subsys/bluetooth/host/libsubsys__bluetooth__host.a(ecc.c.obj)
                0x0000000000008664                bt_dh_key_gen
 .text.bt_hci_evt_le_pkey_complete
                0x0000000000008708       0x84 zephyr/subsys/bluetooth/host/libsubsys__bluetooth__host.a(ecc.c.obj)
                0x0000000000008708                bt_hci_evt_le_pkey_complete
 .text.bt_hci_evt_le_dhkey_complete
                0x000000000000878c       0x1c zephyr/subsys/bluetooth/host/libsubsys__bluetooth__host.a(ecc.c.obj)
                0x000000000000878c                bt_hci_evt_le_dhkey_complete
 .text.notify_connected
                0x00000000000087a8       0x40 zephyr/subsys/bluetooth/host/libsubsys__bluetooth__host.a(conn.c.obj)
 .text.frag_destroy
                0x00000000000087e8       0x20 zephyr/subsys/bluetooth/host/libsubsys__bluetooth__host.a(conn.c.obj)
                0x00000000000087e8                frag_destroy
 .text.conn_tx_destroy
                0x0000000000008808       0x2c zephyr/subsys/bluetooth/host/libsubsys__bluetooth__host.a(conn.c.obj)
 .text.get_data_frag
                0x0000000000008834       0x38 zephyr/subsys/bluetooth/host/libsubsys__bluetooth__host.a(conn.c.obj)
 .text.tx_notify
                0x000000000000886c       0x60 zephyr/subsys/bluetooth/host/libsubsys__bluetooth__host.a(conn.c.obj)
 .text.wait_for_tx_work
                0x00000000000088cc       0x3c zephyr/subsys/bluetooth/host/libsubsys__bluetooth__host.a(conn.c.obj)
 .text.bt_conn_get_pkts
                0x0000000000008908       0x18 zephyr/subsys/bluetooth/host/libsubsys__bluetooth__host.a(conn.c.obj)
                0x0000000000008908                bt_conn_get_pkts
 .text.bt_conn_new
                0x0000000000008920       0x64 zephyr/subsys/bluetooth/host/libsubsys__bluetooth__host.a(conn.c.obj)
                0x0000000000008920                bt_conn_new
 .text.bt_conn_recv
                0x0000000000008984       0xf4 zephyr/subsys/bluetooth/host/libsubsys__bluetooth__host.a(conn.c.obj)
                0x0000000000008984                bt_conn_recv
 .text.bt_conn_data_ready
                0x0000000000008a78       0x3c zephyr/subsys/bluetooth/host/libsubsys__bluetooth__host.a(conn.c.obj)
                0x0000000000008a78                bt_conn_data_ready
 .text.get_conn_ready
                0x0000000000008ab4       0xcc zephyr/subsys/bluetooth/host/libsubsys__bluetooth__host.a(conn.c.obj)
                0x0000000000008ab4                get_conn_ready
 .text.bt_conn_unref
                0x0000000000008b80       0x74 zephyr/subsys/bluetooth/host/libsubsys__bluetooth__host.a(conn.c.obj)
                0x0000000000008b80                bt_conn_unref
 .text.bt_conn_set_state
                0x0000000000008bf4      0x1c8 zephyr/subsys/bluetooth/host/libsubsys__bluetooth__host.a(conn.c.obj)
                0x0000000000008bf4                bt_conn_set_state
 .text.bt_conn_lookup_handle
                0x0000000000008dbc       0x40 zephyr/subsys/bluetooth/host/libsubsys__bluetooth__host.a(conn.c.obj)
                0x0000000000008dbc                bt_conn_lookup_handle
 .text.bt_conn_foreach
                0x0000000000008dfc       0x30 zephyr/subsys/bluetooth/host/libsubsys__bluetooth__host.a(conn.c.obj)
                0x0000000000008dfc                bt_conn_foreach
 .text.bt_conn_index
                0x0000000000008e2c       0x18 zephyr/subsys/bluetooth/host/libsubsys__bluetooth__host.a(conn.c.obj)
                0x0000000000008e2c                bt_conn_index
 .text.bt_conn_create_pdu_timeout
                0x0000000000008e44       0x5c zephyr/subsys/bluetooth/host/libsubsys__bluetooth__host.a(conn.c.obj)
                0x0000000000008e44                bt_conn_create_pdu_timeout
 .text.bt_conn_tx_processor
                0x0000000000008ea0      0x23c zephyr/subsys/bluetooth/host/libsubsys__bluetooth__host.a(conn.c.obj)
                0x0000000000008ea0                bt_conn_tx_processor
 .text.notify_le_param_updated
                0x00000000000090dc       0x9c zephyr/subsys/bluetooth/host/libsubsys__bluetooth__host.a(conn.c.obj)
                0x00000000000090dc                notify_le_param_updated
 .text.le_param_req
                0x0000000000009178       0x78 zephyr/subsys/bluetooth/host/libsubsys__bluetooth__host.a(conn.c.obj)
                0x0000000000009178                le_param_req
 .text.bt_conn_identity_resolved
                0x00000000000091f0       0x60 zephyr/subsys/bluetooth/host/libsubsys__bluetooth__host.a(conn.c.obj)
                0x00000000000091f0                bt_conn_identity_resolved
 .text.bt_conn_security_changed
                0x0000000000009250       0x6c zephyr/subsys/bluetooth/host/libsubsys__bluetooth__host.a(conn.c.obj)
                0x0000000000009250                bt_conn_security_changed
 .text.bt_conn_cb_register
                0x00000000000092bc       0x28 zephyr/subsys/bluetooth/host/libsubsys__bluetooth__host.a(conn.c.obj)
                0x00000000000092bc                bt_conn_cb_register
 .text.bt_conn_add_le
                0x00000000000092e4       0x58 zephyr/subsys/bluetooth/host/libsubsys__bluetooth__host.a(conn.c.obj)
                0x00000000000092e4                bt_conn_add_le
 .text.bt_conn_lookup_addr_le
                0x000000000000933c       0x34 zephyr/subsys/bluetooth/host/libsubsys__bluetooth__host.a(conn.c.obj)
                0x000000000000933c                bt_conn_lookup_addr_le
 .text.bt_conn_exists_le
                0x0000000000009370       0x70 zephyr/subsys/bluetooth/host/libsubsys__bluetooth__host.a(conn.c.obj)
                0x0000000000009370                bt_conn_exists_le
 .text.bt_conn_lookup_state_le
                0x00000000000093e0       0x44 zephyr/subsys/bluetooth/host/libsubsys__bluetooth__host.a(conn.c.obj)
                0x00000000000093e0                bt_conn_lookup_state_le
 .text.send_conn_le_param_update
                0x0000000000009424       0x6c zephyr/subsys/bluetooth/host/libsubsys__bluetooth__host.a(conn.c.obj)
 .text.deferred_work
                0x0000000000009490      0x11c zephyr/subsys/bluetooth/host/libsubsys__bluetooth__host.a(conn.c.obj)
 .text.bt_conn_auth_cb_register
                0x00000000000095ac       0x34 zephyr/subsys/bluetooth/host/libsubsys__bluetooth__host.a(conn.c.obj)
                0x00000000000095ac                bt_conn_auth_cb_register
 .text.bt_conn_auth_info_cb_register
                0x00000000000095e0       0x30 zephyr/subsys/bluetooth/host/libsubsys__bluetooth__host.a(conn.c.obj)
                0x00000000000095e0                bt_conn_auth_info_cb_register
 .text.bt_conn_init
                0x0000000000009610       0x44 zephyr/subsys/bluetooth/host/libsubsys__bluetooth__host.a(conn.c.obj)
                0x0000000000009610                bt_conn_init
 .text.l2cap_create_le_sig_pdu.part.0
                0x0000000000009654       0x1c zephyr/subsys/bluetooth/host/libsubsys__bluetooth__host.a(l2cap.c.obj)
 .text.l2cap_accept.part.0
                0x0000000000009670       0x30 zephyr/subsys/bluetooth/host/libsubsys__bluetooth__host.a(l2cap.c.obj)
 .text.l2cap_accept
                0x00000000000096a0       0x1c zephyr/subsys/bluetooth/host/libsubsys__bluetooth__host.a(l2cap.c.obj)
 .text.bt_l2cap_connected
                0x00000000000096bc       0xa0 zephyr/subsys/bluetooth/host/libsubsys__bluetooth__host.a(l2cap.c.obj)
                0x00000000000096bc                bt_l2cap_connected
 .text.bt_l2cap_send_pdu
                0x000000000000975c       0x40 zephyr/subsys/bluetooth/host/libsubsys__bluetooth__host.a(l2cap.c.obj)
                0x000000000000975c                bt_l2cap_send_pdu
 .text.l2cap_data_pull
                0x000000000000979c       0xec zephyr/subsys/bluetooth/host/libsubsys__bluetooth__host.a(l2cap.c.obj)
                0x000000000000979c                l2cap_data_pull
 .text.l2cap_recv.part.0
                0x0000000000009888       0x9c zephyr/subsys/bluetooth/host/libsubsys__bluetooth__host.a(l2cap.c.obj)
 .text.l2cap_recv
                0x0000000000009924       0x24 zephyr/subsys/bluetooth/host/libsubsys__bluetooth__host.a(l2cap.c.obj)
 .text.bt_l2cap_recv
                0x0000000000009948       0x58 zephyr/subsys/bluetooth/host/libsubsys__bluetooth__host.a(l2cap.c.obj)
                0x0000000000009948                bt_l2cap_recv
 .text.bt_l2cap_update_conn_param
                0x00000000000099a0       0x50 zephyr/subsys/bluetooth/host/libsubsys__bluetooth__host.a(l2cap.c.obj)
                0x00000000000099a0                bt_l2cap_update_conn_param
 .text.att_op_get_type
                0x00000000000099f0       0x74 zephyr/subsys/bluetooth/host/libsubsys__bluetooth__host.a(att.c.obj)
 .text.bt_att_released
                0x0000000000009a64        0xc zephyr/subsys/bluetooth/host/libsubsys__bluetooth__host.a(att.c.obj)
 .text.bt_att_connected
                0x0000000000009a70       0x40 zephyr/subsys/bluetooth/host/libsubsys__bluetooth__host.a(att.c.obj)
 .text.read_group_cb
                0x0000000000009ab0       0xb8 zephyr/subsys/bluetooth/host/libsubsys__bluetooth__host.a(att.c.obj)
 .text.bt_att_accept
                0x0000000000009b68      0x12c zephyr/subsys/bluetooth/host/libsubsys__bluetooth__host.a(att.c.obj)
 .text.read_type_cb
                0x0000000000009c94       0xac zephyr/subsys/bluetooth/host/libsubsys__bluetooth__host.a(att.c.obj)
 .text.prep_write_cb
                0x0000000000009d40       0x7c zephyr/subsys/bluetooth/host/libsubsys__bluetooth__host.a(att.c.obj)
 .text.bt_att_chan_create_pdu
                0x0000000000009dbc       0x94 zephyr/subsys/bluetooth/host/libsubsys__bluetooth__host.a(att.c.obj)
 .text.find_type_cb
                0x0000000000009e50      0x164 zephyr/subsys/bluetooth/host/libsubsys__bluetooth__host.a(att.c.obj)
 .text.chan_send
                0x0000000000009fb4       0xe0 zephyr/subsys/bluetooth/host/libsubsys__bluetooth__host.a(att.c.obj)
 .text.att_tx_destroy
                0x000000000000a094      0x110 zephyr/subsys/bluetooth/host/libsubsys__bluetooth__host.a(att.c.obj)
 .text.bt_att_recv
                0x000000000000a1a4       0xc8 zephyr/subsys/bluetooth/host/libsubsys__bluetooth__host.a(att.c.obj)
 .text.att_write_rsp
                0x000000000000a26c       0xc0 zephyr/subsys/bluetooth/host/libsubsys__bluetooth__host.a(att.c.obj)
 .text.att_signed_write_cmd
                0x000000000000a32c       0x6c zephyr/subsys/bluetooth/host/libsubsys__bluetooth__host.a(att.c.obj)
 .text.att_get  0x000000000000a398       0x4c zephyr/subsys/bluetooth/host/libsubsys__bluetooth__host.a(att.c.obj)
 .text.bt_att_create_pdu
                0x000000000000a3e4       0x64 zephyr/subsys/bluetooth/host/libsubsys__bluetooth__host.a(att.c.obj)
                0x000000000000a3e4                bt_att_create_pdu
 .text.bt_att_create_rsp_pdu
                0x000000000000a448       0x60 zephyr/subsys/bluetooth/host/libsubsys__bluetooth__host.a(att.c.obj)
                0x000000000000a448                bt_att_create_rsp_pdu
 .text.att_exec_write_req
                0x000000000000a4a8      0x138 zephyr/subsys/bluetooth/host/libsubsys__bluetooth__host.a(att.c.obj)
 .text.att_prepare_write_req
                0x000000000000a5e0       0xdc zephyr/subsys/bluetooth/host/libsubsys__bluetooth__host.a(att.c.obj)
 .text.att_read_group_req
                0x000000000000a6bc       0xf0 zephyr/subsys/bluetooth/host/libsubsys__bluetooth__host.a(att.c.obj)
 .text.att_read_mult_vl_req
                0x000000000000a7ac       0x9c zephyr/subsys/bluetooth/host/libsubsys__bluetooth__host.a(att.c.obj)
 .text.att_read_mult_req
                0x000000000000a848       0x9c zephyr/subsys/bluetooth/host/libsubsys__bluetooth__host.a(att.c.obj)
 .text.att_read_rsp
                0x000000000000a8e4       0x90 zephyr/subsys/bluetooth/host/libsubsys__bluetooth__host.a(att.c.obj)
 .text.att_read_type_req
                0x000000000000a974       0xbc zephyr/subsys/bluetooth/host/libsubsys__bluetooth__host.a(att.c.obj)
 .text.att_find_type_req
                0x000000000000aa30       0xc0 zephyr/subsys/bluetooth/host/libsubsys__bluetooth__host.a(att.c.obj)
 .text.att_find_info_req
                0x000000000000aaf0       0x6c zephyr/subsys/bluetooth/host/libsubsys__bluetooth__host.a(att.c.obj)
 .text.bt_att_req_alloc
                0x000000000000ab5c       0x50 zephyr/subsys/bluetooth/host/libsubsys__bluetooth__host.a(att.c.obj)
                0x000000000000ab5c                bt_att_req_alloc
 .text.bt_att_req_free
                0x000000000000abac       0x20 zephyr/subsys/bluetooth/host/libsubsys__bluetooth__host.a(att.c.obj)
                0x000000000000abac                bt_att_req_free
 .text.att_handle_rsp
                0x000000000000abcc       0x80 zephyr/subsys/bluetooth/host/libsubsys__bluetooth__host.a(att.c.obj)
 .text.bt_att_disconnected
                0x000000000000ac4c       0xdc zephyr/subsys/bluetooth/host/libsubsys__bluetooth__host.a(att.c.obj)
 .text.att_timeout
                0x000000000000ad28       0xc8 zephyr/subsys/bluetooth/host/libsubsys__bluetooth__host.a(att.c.obj)
 .text.bt_att_set_tx_meta_data
                0x000000000000adf0       0x24 zephyr/subsys/bluetooth/host/libsubsys__bluetooth__host.a(att.c.obj)
                0x000000000000adf0                bt_att_set_tx_meta_data
 .text.find_cf_cfg_by_addr
                0x000000000000ae14       0x40 zephyr/subsys/bluetooth/host/libsubsys__bluetooth__host.a(gatt.c.obj)
 .text.gatt_delayed_store_find
                0x000000000000ae54       0x44 zephyr/subsys/bluetooth/host/libsubsys__bluetooth__host.a(gatt.c.obj)
 .text.find_sc_cfg
                0x000000000000ae98       0x40 zephyr/subsys/bluetooth/host/libsubsys__bluetooth__host.a(gatt.c.obj)
 .text.ccc_load
                0x000000000000aed8       0x8c zephyr/subsys/bluetooth/host/libsubsys__bluetooth__host.a(gatt.c.obj)
 .text.db_hash_set
                0x000000000000af64       0x30 zephyr/subsys/bluetooth/host/libsubsys__bluetooth__host.a(gatt.c.obj)
 .text.db_hash_store
                0x000000000000af94       0x2c zephyr/subsys/bluetooth/host/libsubsys__bluetooth__host.a(gatt.c.obj)
 .text.find_cf_cfg
                0x000000000000afc0       0x5c zephyr/subsys/bluetooth/host/libsubsys__bluetooth__host.a(gatt.c.obj)
 .text.find_ccc_cfg
                0x000000000000b01c       0x28 zephyr/subsys/bluetooth/host/libsubsys__bluetooth__host.a(gatt.c.obj)
 .text.gatt_delayed_store_enqueue
                0x000000000000b044       0x80 zephyr/subsys/bluetooth/host/libsubsys__bluetooth__host.a(gatt.c.obj)
 .text.sc_store
                0x000000000000b0c4       0x30 zephyr/subsys/bluetooth/host/libsubsys__bluetooth__host.a(gatt.c.obj)
 .text.sc_save  0x000000000000b0f4       0x78 zephyr/subsys/bluetooth/host/libsubsys__bluetooth__host.a(gatt.c.obj)
 .text.db_hash_update.part.0
                0x000000000000b16c       0x1c zephyr/subsys/bluetooth/host/libsubsys__bluetooth__host.a(gatt.c.obj)
 .text.ccc_set_direct.part.0
                0x000000000000b188       0x1c zephyr/subsys/bluetooth/host/libsubsys__bluetooth__host.a(gatt.c.obj)
 .text.remove_peer_from_attr
                0x000000000000b1a4       0x28 zephyr/subsys/bluetooth/host/libsubsys__bluetooth__host.a(gatt.c.obj)
 .text.ccc_save
                0x000000000000b1cc       0x38 zephyr/subsys/bluetooth/host/libsubsys__bluetooth__host.a(gatt.c.obj)
 .text.convert_to_id_on_match
                0x000000000000b204       0x2c zephyr/subsys/bluetooth/host/libsubsys__bluetooth__host.a(gatt.c.obj)
 .text.sc_indicate.part.0
                0x000000000000b230       0x10 zephyr/subsys/bluetooth/host/libsubsys__bluetooth__host.a(gatt.c.obj)
 .text.sc_commit
                0x000000000000b240       0x2c zephyr/subsys/bluetooth/host/libsubsys__bluetooth__host.a(gatt.c.obj)
 .text.clear_cf_cfg
                0x000000000000b26c       0x2c zephyr/subsys/bluetooth/host/libsubsys__bluetooth__host.a(gatt.c.obj)
 .text.bt_gatt_clear_sc
                0x000000000000b298       0x38 zephyr/subsys/bluetooth/host/libsubsys__bluetooth__host.a(gatt.c.obj)
 .text.sc_clear
                0x000000000000b2d0       0x44 zephyr/subsys/bluetooth/host/libsubsys__bluetooth__host.a(gatt.c.obj)
 .text.bt_gatt_store_cf.isra.0
                0x000000000000b314       0x4c zephyr/subsys/bluetooth/host/libsubsys__bluetooth__host.a(gatt.c.obj)
 .text.sc_set   0x000000000000b360      0x108 zephyr/subsys/bluetooth/host/libsubsys__bluetooth__host.a(gatt.c.obj)
 .text.read_ppcp
                0x000000000000b468       0x38 zephyr/subsys/bluetooth/host/libsubsys__bluetooth__host.a(gatt.c.obj)
 .text.disconnected_cb
                0x000000000000b4a0       0xa0 zephyr/subsys/bluetooth/host/libsubsys__bluetooth__host.a(gatt.c.obj)
 .text.bt_gatt_attr_write_ccc
                0x000000000000b540       0xcc zephyr/subsys/bluetooth/host/libsubsys__bluetooth__host.a(gatt.c.obj)
                0x000000000000b540                bt_gatt_attr_write_ccc
 .text.sc_indicate.constprop.0
                0x000000000000b60c       0x58 zephyr/subsys/bluetooth/host/libsubsys__bluetooth__host.a(gatt.c.obj)
 .text.set_all_change_unaware
                0x000000000000b664       0x58 zephyr/subsys/bluetooth/host/libsubsys__bluetooth__host.a(gatt.c.obj)
 .text.cf_write
                0x000000000000b6bc       0x98 zephyr/subsys/bluetooth/host/libsubsys__bluetooth__host.a(gatt.c.obj)
 .text.sc_indicate_rsp
                0x000000000000b754       0x4c zephyr/subsys/bluetooth/host/libsubsys__bluetooth__host.a(gatt.c.obj)
 .text.cf_set   0x000000000000b7a0      0x140 zephyr/subsys/bluetooth/host/libsubsys__bluetooth__host.a(gatt.c.obj)
 .text.bt_gatt_init
                0x000000000000b8e0       0xa8 zephyr/subsys/bluetooth/host/libsubsys__bluetooth__host.a(gatt.c.obj)
                0x000000000000b8e0                bt_gatt_init
 .text.bt_gatt_cb_register
                0x000000000000b988       0x1c zephyr/subsys/bluetooth/host/libsubsys__bluetooth__host.a(gatt.c.obj)
                0x000000000000b988                bt_gatt_cb_register
 .text.bt_gatt_attr_get_handle
                0x000000000000b9a4       0x60 zephyr/subsys/bluetooth/host/libsubsys__bluetooth__host.a(gatt.c.obj)
                0x000000000000b9a4                bt_gatt_attr_get_handle
 .text.bt_gatt_foreach_attr_type
                0x000000000000ba04       0xb4 zephyr/subsys/bluetooth/host/libsubsys__bluetooth__host.a(gatt.c.obj)
                0x000000000000ba04                bt_gatt_foreach_attr_type
 .text.db_hash_gen
                0x000000000000bab8       0x80 zephyr/subsys/bluetooth/host/libsubsys__bluetooth__host.a(gatt.c.obj)
 .text.db_hash_read
                0x000000000000bb38       0x80 zephyr/subsys/bluetooth/host/libsubsys__bluetooth__host.a(gatt.c.obj)
 .text.do_db_hash
                0x000000000000bbb8       0x78 zephyr/subsys/bluetooth/host/libsubsys__bluetooth__host.a(gatt.c.obj)
 .text.db_hash_commit
                0x000000000000bc30       0x18 zephyr/subsys/bluetooth/host/libsubsys__bluetooth__host.a(gatt.c.obj)
 .text.ccc_set_direct
                0x000000000000bc48      0x10c zephyr/subsys/bluetooth/host/libsubsys__bluetooth__host.a(gatt.c.obj)
 .text.bt_gatt_attr_next
                0x000000000000bd54       0x24 zephyr/subsys/bluetooth/host/libsubsys__bluetooth__host.a(gatt.c.obj)
                0x000000000000bd54                bt_gatt_attr_next
 .text.bt_gatt_find_by_uuid
                0x000000000000bd78       0x3c zephyr/subsys/bluetooth/host/libsubsys__bluetooth__host.a(gatt.c.obj)
                0x000000000000bd78                bt_gatt_find_by_uuid
 .text.gatt_indicate
                0x000000000000bdb4       0xe4 zephyr/subsys/bluetooth/host/libsubsys__bluetooth__host.a(gatt.c.obj)
 .text.bt_gatt_indicate
                0x000000000000be98       0xf0 zephyr/subsys/bluetooth/host/libsubsys__bluetooth__host.a(gatt.c.obj)
                0x000000000000be98                bt_gatt_indicate
 .text.sc_process
                0x000000000000bf88       0x5c zephyr/subsys/bluetooth/host/libsubsys__bluetooth__host.a(gatt.c.obj)
 .text.update_ccc
                0x000000000000bfe4      0x120 zephyr/subsys/bluetooth/host/libsubsys__bluetooth__host.a(gatt.c.obj)
 .text.gatt_notify
                0x000000000000c104       0xb0 zephyr/subsys/bluetooth/host/libsubsys__bluetooth__host.a(gatt.c.obj)
 .text.bt_gatt_notify_cb
                0x000000000000c1b4       0xe8 zephyr/subsys/bluetooth/host/libsubsys__bluetooth__host.a(gatt.c.obj)
                0x000000000000c1b4                bt_gatt_notify_cb
 .text.notify_cb
                0x000000000000c29c      0x130 zephyr/subsys/bluetooth/host/libsubsys__bluetooth__host.a(gatt.c.obj)
 .text.bt_gatt_connected
                0x000000000000c3cc       0x90 zephyr/subsys/bluetooth/host/libsubsys__bluetooth__host.a(gatt.c.obj)
                0x000000000000c3cc                bt_gatt_connected
 .text.bt_gatt_att_max_mtu_changed
                0x000000000000c45c       0x28 zephyr/subsys/bluetooth/host/libsubsys__bluetooth__host.a(gatt.c.obj)
                0x000000000000c45c                bt_gatt_att_max_mtu_changed
 .text.bt_gatt_encrypt_change
                0x000000000000c484       0x30 zephyr/subsys/bluetooth/host/libsubsys__bluetooth__host.a(gatt.c.obj)
                0x000000000000c484                bt_gatt_encrypt_change
 .text.bt_gatt_store_ccc
                0x000000000000c4b4       0x58 zephyr/subsys/bluetooth/host/libsubsys__bluetooth__host.a(gatt.c.obj)
                0x000000000000c4b4                bt_gatt_store_ccc
 .text.bt_gatt_identity_resolved
                0x000000000000c50c       0x5c zephyr/subsys/bluetooth/host/libsubsys__bluetooth__host.a(gatt.c.obj)
 .text.bt_gatt_clear
                0x000000000000c568       0x54 zephyr/subsys/bluetooth/host/libsubsys__bluetooth__host.a(gatt.c.obj)
                0x000000000000c568                bt_gatt_clear
 .text.bt_gatt_disconnected
                0x000000000000c5bc       0x78 zephyr/subsys/bluetooth/host/libsubsys__bluetooth__host.a(gatt.c.obj)
                0x000000000000c5bc                bt_gatt_disconnected
 .text.smp_find
                0x000000000000c634       0x1c zephyr/subsys/bluetooth/host/libsubsys__bluetooth__host.a(smp.c.obj)
 .text.latch_auth_cb
                0x000000000000c650       0x3c zephyr/subsys/bluetooth/host/libsubsys__bluetooth__host.a(smp.c.obj)
 .text.get_io_capa
                0x000000000000c68c       0x4c zephyr/subsys/bluetooth/host/libsubsys__bluetooth__host.a(smp.c.obj)
 .text.smp_chan_get.part.0
                0x000000000000c6d8       0x18 zephyr/subsys/bluetooth/host/libsubsys__bluetooth__host.a(smp.c.obj)
 .text.bt_smp_pkey_ready.part.0
                0x000000000000c6f0       0x14 zephyr/subsys/bluetooth/host/libsubsys__bluetooth__host.a(smp.c.obj)
 .text.smp_send.constprop.0
                0x000000000000c704       0x3c zephyr/subsys/bluetooth/host/libsubsys__bluetooth__host.a(smp.c.obj)
 .text.smp_sign_buf
                0x000000000000c740       0x84 zephyr/subsys/bluetooth/host/libsubsys__bluetooth__host.a(smp.c.obj)
 .text.bt_smp_accept.part.0
                0x000000000000c7c4       0x30 zephyr/subsys/bluetooth/host/libsubsys__bluetooth__host.a(smp.c.obj)
 .text.bt_smp_accept
                0x000000000000c7f4       0x24 zephyr/subsys/bluetooth/host/libsubsys__bluetooth__host.a(smp.c.obj)
 .text.smp_init
                0x000000000000c818       0x38 zephyr/subsys/bluetooth/host/libsubsys__bluetooth__host.a(smp.c.obj)
 .text.smp_dhkey_generate
                0x000000000000c850       0x3c zephyr/subsys/bluetooth/host/libsubsys__bluetooth__host.a(smp.c.obj)
 .text.smp_ident_info
                0x000000000000c88c       0x88 zephyr/subsys/bluetooth/host/libsubsys__bluetooth__host.a(smp.c.obj)
 .text.smp_encrypt_info
                0x000000000000c914       0x88 zephyr/subsys/bluetooth/host/libsubsys__bluetooth__host.a(smp.c.obj)
 .text.smp_send_pairing_confirm
                0x000000000000c99c       0x90 zephyr/subsys/bluetooth/host/libsubsys__bluetooth__host.a(smp.c.obj)
 .text.smp_public_key_periph
                0x000000000000ca2c      0x15c zephyr/subsys/bluetooth/host/libsubsys__bluetooth__host.a(smp.c.obj)
 .text.smp_public_key
                0x000000000000cb88       0xac zephyr/subsys/bluetooth/host/libsubsys__bluetooth__host.a(smp.c.obj)
 .text.compute_and_check_and_send_periph_dhcheck
                0x000000000000cc34      0x184 zephyr/subsys/bluetooth/host/libsubsys__bluetooth__host.a(smp.c.obj)
 .text.bt_smp_connected
                0x000000000000cdb8       0x54 zephyr/subsys/bluetooth/host/libsubsys__bluetooth__host.a(smp.c.obj)
 .text.smp_pairing_confirm
                0x000000000000ce0c       0x84 zephyr/subsys/bluetooth/host/libsubsys__bluetooth__host.a(smp.c.obj)
 .text.smp_pairing_random
                0x000000000000ce90      0x214 zephyr/subsys/bluetooth/host/libsubsys__bluetooth__host.a(smp.c.obj)
 .text.get_auth
                0x000000000000d0a4       0x68 zephyr/subsys/bluetooth/host/libsubsys__bluetooth__host.a(smp.c.obj)
 .text.smp_pairing_req
                0x000000000000d10c      0x37c zephyr/subsys/bluetooth/host/libsubsys__bluetooth__host.a(smp.c.obj)
 .text.bt_smp_sign_verify
                0x000000000000d488      0x114 zephyr/subsys/bluetooth/host/libsubsys__bluetooth__host.a(smp.c.obj)
                0x000000000000d488                bt_smp_sign_verify
 .text.bt_smp_sign
                0x000000000000d59c       0xb8 zephyr/subsys/bluetooth/host/libsubsys__bluetooth__host.a(smp.c.obj)
                0x000000000000d59c                bt_smp_sign
 .text.bt_smp_start_security
                0x000000000000d654      0x188 zephyr/subsys/bluetooth/host/libsubsys__bluetooth__host.a(smp.c.obj)
                0x000000000000d654                bt_smp_start_security
 .text.smp_pairing_complete
                0x000000000000d7dc      0x12c zephyr/subsys/bluetooth/host/libsubsys__bluetooth__host.a(smp.c.obj)
 .text.smp_error
                0x000000000000d908       0xa4 zephyr/subsys/bluetooth/host/libsubsys__bluetooth__host.a(smp.c.obj)
 .text.bt_smp_recv
                0x000000000000d9ac       0xe4 zephyr/subsys/bluetooth/host/libsubsys__bluetooth__host.a(smp.c.obj)
 .text.bt_smp_pkey_ready
                0x000000000000da90       0x48 zephyr/subsys/bluetooth/host/libsubsys__bluetooth__host.a(smp.c.obj)
 .text.smp_signing_info
                0x000000000000dad8       0x9c zephyr/subsys/bluetooth/host/libsubsys__bluetooth__host.a(smp.c.obj)
 .text.smp_ident_addr_info
                0x000000000000db74      0x1c4 zephyr/subsys/bluetooth/host/libsubsys__bluetooth__host.a(smp.c.obj)
 .text.smp_central_ident
                0x000000000000dd38       0xb0 zephyr/subsys/bluetooth/host/libsubsys__bluetooth__host.a(smp.c.obj)
 .text.smp_pairing_failed
                0x000000000000dde8       0x60 zephyr/subsys/bluetooth/host/libsubsys__bluetooth__host.a(smp.c.obj)
 .text.bt_smp_encrypt_change
                0x000000000000de48      0x34c zephyr/subsys/bluetooth/host/libsubsys__bluetooth__host.a(smp.c.obj)
 .text.smp_timeout
                0x000000000000e194       0x30 zephyr/subsys/bluetooth/host/libsubsys__bluetooth__host.a(smp.c.obj)
 .text.bt_smp_update_keys
                0x000000000000e1c4      0x13c zephyr/subsys/bluetooth/host/libsubsys__bluetooth__host.a(smp.c.obj)
                0x000000000000e1c4                bt_smp_update_keys
 .text.bt_smp_init
                0x000000000000e300       0x2c zephyr/subsys/bluetooth/host/libsubsys__bluetooth__host.a(smp.c.obj)
                0x000000000000e300                bt_smp_init
 .text.bt_keys_get_addr
                0x000000000000e32c       0xa0 zephyr/subsys/bluetooth/host/libsubsys__bluetooth__host.a(keys.c.obj)
                0x000000000000e32c                bt_keys_get_addr
 .text.bt_foreach_bond
                0x000000000000e3cc       0x44 zephyr/subsys/bluetooth/host/libsubsys__bluetooth__host.a(keys.c.obj)
                0x000000000000e3cc                bt_foreach_bond
 .text.bt_keys_foreach_type
                0x000000000000e410       0x1c zephyr/subsys/bluetooth/host/libsubsys__bluetooth__host.a(keys.c.obj)
                0x000000000000e410                bt_keys_foreach_type
 .text.keys_commit
                0x000000000000e42c       0x14 zephyr/subsys/bluetooth/host/libsubsys__bluetooth__host.a(keys.c.obj)
 .text.bt_keys_find
                0x000000000000e440       0x30 zephyr/subsys/bluetooth/host/libsubsys__bluetooth__host.a(keys.c.obj)
                0x000000000000e440                bt_keys_find
 .text.bt_keys_find_irk
                0x000000000000e470       0x84 zephyr/subsys/bluetooth/host/libsubsys__bluetooth__host.a(keys.c.obj)
                0x000000000000e470                bt_keys_find_irk
 .text.bt_keys_find_addr
                0x000000000000e4f4       0x24 zephyr/subsys/bluetooth/host/libsubsys__bluetooth__host.a(keys.c.obj)
                0x000000000000e4f4                bt_keys_find_addr
 .text.find_key_in_use
                0x000000000000e518       0x34 zephyr/subsys/bluetooth/host/libsubsys__bluetooth__host.a(keys.c.obj)
 .text.keys_set
                0x000000000000e54c      0x1ac zephyr/subsys/bluetooth/host/libsubsys__bluetooth__host.a(keys.c.obj)
 .text.bt_keys_store
                0x000000000000e6f8       0x30 zephyr/subsys/bluetooth/host/libsubsys__bluetooth__host.a(keys.c.obj)
                0x000000000000e6f8                bt_keys_store
 .text.bt_keys_update_usage
                0x000000000000e728       0x28 zephyr/subsys/bluetooth/host/libsubsys__bluetooth__host.a(keys.c.obj)
                0x000000000000e728                bt_keys_update_usage
 .text.bt_crypto_f5
                0x000000000000e750       0xd0 zephyr/subsys/bluetooth/crypto/libsubsys__bluetooth__crypto.a(bt_crypto.c.obj)
                0x000000000000e750                bt_crypto_f5
 .text.bt_crypto_g2
                0x000000000000e820       0x5c zephyr/subsys/bluetooth/crypto/libsubsys__bluetooth__crypto.a(bt_crypto.c.obj)
                0x000000000000e820                bt_crypto_g2
 .text.mayfly_init
                0x000000000000e87c       0x4c zephyr/subsys/bluetooth/controller/libsubsys__bluetooth__controller.a(mayfly.c.obj)
                0x000000000000e87c                mayfly_init
 .text.mayfly_enable
                0x000000000000e8c8       0x50 zephyr/subsys/bluetooth/controller/libsubsys__bluetooth__controller.a(mayfly.c.obj)
                0x000000000000e8c8                mayfly_enable
 .text.mayfly_enqueue
                0x000000000000e918       0xa4 zephyr/subsys/bluetooth/controller/libsubsys__bluetooth__controller.a(mayfly.c.obj)
                0x000000000000e918                mayfly_enqueue
 .text.mayfly_run
                0x000000000000e9bc      0x13c zephyr/subsys/bluetooth/controller/libsubsys__bluetooth__controller.a(mayfly.c.obj)
                0x000000000000e9bc                mayfly_run
 .text.ticker_remainder_inc
                0x000000000000eaf8       0x30 zephyr/subsys/bluetooth/controller/libsubsys__bluetooth__controller.a(ticker.c.obj)
 .text.start_us.constprop.0
                0x000000000000eb28       0x94 zephyr/subsys/bluetooth/controller/libsubsys__bluetooth__controller.a(ticker.c.obj)
 .text.ticker_job
                0x000000000000ebbc      0x840 zephyr/subsys/bluetooth/controller/libsubsys__bluetooth__controller.a(ticker.c.obj)
                0x000000000000ebbc                ticker_job
 .text.ticker_init
                0x000000000000f3fc       0x64 zephyr/subsys/bluetooth/controller/libsubsys__bluetooth__controller.a(ticker.c.obj)
                0x000000000000f3fc                ticker_init
 .text.ticker_is_initialized
                0x000000000000f460       0x18 zephyr/subsys/bluetooth/controller/libsubsys__bluetooth__controller.a(ticker.c.obj)
                0x000000000000f460                ticker_is_initialized
 .text.ticker_trigger
                0x000000000000f478       0x24 zephyr/subsys/bluetooth/controller/libsubsys__bluetooth__controller.a(ticker.c.obj)
                0x000000000000f478                ticker_trigger
 .text.ticker_update_ext
                0x000000000000f49c       0x94 zephyr/subsys/bluetooth/controller/libsubsys__bluetooth__controller.a(ticker.c.obj)
                0x000000000000f49c                ticker_update_ext
 .text.ticker_stop
                0x000000000000f530       0x74 zephyr/subsys/bluetooth/controller/libsubsys__bluetooth__controller.a(ticker.c.obj)
                0x000000000000f530                ticker_stop
 .text.ticker_stop_abs
                0x000000000000f5a4       0x78 zephyr/subsys/bluetooth/controller/libsubsys__bluetooth__controller.a(ticker.c.obj)
                0x000000000000f5a4                ticker_stop_abs
 .text.ll_feat_get
                0x000000000000f61c        0xc zephyr/subsys/bluetooth/controller/libsubsys__bluetooth__controller.a(ll_feat.c.obj)
                0x000000000000f61c                ll_feat_get
 .text.ll_addr_set
                0x000000000000f628       0x38 zephyr/subsys/bluetooth/controller/libsubsys__bluetooth__controller.a(ll_addr.c.obj)
                0x000000000000f628                ll_addr_set
 .text.ll_addr_get
                0x000000000000f660       0x20 zephyr/subsys/bluetooth/controller/libsubsys__bluetooth__controller.a(ll_addr.c.obj)
                0x000000000000f660                ll_addr_get
 .text.ll_rx_link_quota_update
                0x000000000000f680       0x48 zephyr/subsys/bluetooth/controller/libsubsys__bluetooth__controller.a(ull.c.obj)
 .text.perform_lll_reset
                0x000000000000f6c8       0x88 zephyr/subsys/bluetooth/controller/libsubsys__bluetooth__controller.a(ull.c.obj)
 .text.tx_cmplt_get
                0x000000000000f750       0xac zephyr/subsys/bluetooth/controller/libsubsys__bluetooth__controller.a(ull.c.obj)
 .text.ull_ticker_status_give
                0x000000000000f7fc        0xc zephyr/subsys/bluetooth/controller/libsubsys__bluetooth__controller.a(ull.c.obj)
                0x000000000000f7fc                ull_ticker_status_give
 .text.ll_rx_link_alloc
                0x000000000000f808        0xc zephyr/subsys/bluetooth/controller/libsubsys__bluetooth__controller.a(ull.c.obj)
                0x000000000000f808                ll_rx_link_alloc
 .text.ll_rx_link_release
                0x000000000000f814        0xc zephyr/subsys/bluetooth/controller/libsubsys__bluetooth__controller.a(ull.c.obj)
                0x000000000000f814                ll_rx_link_release
 .text.rx_replenish
                0x000000000000f820       0xcc zephyr/subsys/bluetooth/controller/libsubsys__bluetooth__controller.a(ull.c.obj)
 .text.ll_rx_alloc
                0x000000000000f8ec        0xc zephyr/subsys/bluetooth/controller/libsubsys__bluetooth__controller.a(ull.c.obj)
                0x000000000000f8ec                ll_rx_alloc
 .text.ll_rx_release
                0x000000000000f8f8        0xc zephyr/subsys/bluetooth/controller/libsubsys__bluetooth__controller.a(ull.c.obj)
                0x000000000000f8f8                ll_rx_release
 .text.ll_rx_get
                0x000000000000f904       0xac zephyr/subsys/bluetooth/controller/libsubsys__bluetooth__controller.a(ull.c.obj)
                0x000000000000f904                ll_rx_get
 .text.ll_rx_dequeue
                0x000000000000f9b0      0x180 zephyr/subsys/bluetooth/controller/libsubsys__bluetooth__controller.a(ull.c.obj)
                0x000000000000f9b0                ll_rx_dequeue
 .text.ll_rx_mem_release
                0x000000000000fb30      0x144 zephyr/subsys/bluetooth/controller/libsubsys__bluetooth__controller.a(ull.c.obj)
                0x000000000000fb30                ll_rx_mem_release
 .text.ll_rx_put
                0x000000000000fc74       0x18 zephyr/subsys/bluetooth/controller/libsubsys__bluetooth__controller.a(ull.c.obj)
                0x000000000000fc74                ll_rx_put
 .text.ll_rx_sched
                0x000000000000fc8c        0xc zephyr/subsys/bluetooth/controller/libsubsys__bluetooth__controller.a(ull.c.obj)
                0x000000000000fc8c                ll_rx_sched
 .text.ll_pdu_rx_alloc_peek
                0x000000000000fc98       0x34 zephyr/subsys/bluetooth/controller/libsubsys__bluetooth__controller.a(ull.c.obj)
                0x000000000000fc98                ll_pdu_rx_alloc_peek
 .text.ll_pdu_rx_alloc
                0x000000000000fccc       0x24 zephyr/subsys/bluetooth/controller/libsubsys__bluetooth__controller.a(ull.c.obj)
                0x000000000000fccc                ll_pdu_rx_alloc
 .text.ll_tx_ack_put
                0x000000000000fcf0       0x5c zephyr/subsys/bluetooth/controller/libsubsys__bluetooth__controller.a(ull.c.obj)
                0x000000000000fcf0                ll_tx_ack_put
 .text.ll_radio_state_abort
                0x000000000000fd4c       0x40 zephyr/subsys/bluetooth/controller/libsubsys__bluetooth__controller.a(ull.c.obj)
                0x000000000000fd4c                ll_radio_state_abort
 .text.ull_ticker_status_take
                0x000000000000fd8c       0x24 zephyr/subsys/bluetooth/controller/libsubsys__bluetooth__controller.a(ull.c.obj)
                0x000000000000fd8c                ull_ticker_status_take
 .text.ull_disable_mark
                0x000000000000fdb0       0x10 zephyr/subsys/bluetooth/controller/libsubsys__bluetooth__controller.a(ull.c.obj)
                0x000000000000fdb0                ull_disable_mark
 .text.ull_disable_unmark
                0x000000000000fdc0       0x1c zephyr/subsys/bluetooth/controller/libsubsys__bluetooth__controller.a(ull.c.obj)
                0x000000000000fdc0                ull_disable_unmark
 .text.ull_disable_mark_get
                0x000000000000fddc        0xc zephyr/subsys/bluetooth/controller/libsubsys__bluetooth__controller.a(ull.c.obj)
                0x000000000000fddc                ull_disable_mark_get
 .text.ull_update_mark
                0x000000000000fde8       0x10 zephyr/subsys/bluetooth/controller/libsubsys__bluetooth__controller.a(ull.c.obj)
                0x000000000000fde8                ull_update_mark
 .text.ull_update_unmark
                0x000000000000fdf8       0x1c zephyr/subsys/bluetooth/controller/libsubsys__bluetooth__controller.a(ull.c.obj)
                0x000000000000fdf8                ull_update_unmark
 .text.ull_update_mark_get
                0x000000000000fe14        0xc zephyr/subsys/bluetooth/controller/libsubsys__bluetooth__controller.a(ull.c.obj)
                0x000000000000fe14                ull_update_mark_get
 .text.ull_disable
                0x000000000000fe20       0x7c zephyr/subsys/bluetooth/controller/libsubsys__bluetooth__controller.a(ull.c.obj)
                0x000000000000fe20                ull_disable
 .text.ull_ticker_stop_with_mark
                0x000000000000fe9c       0x70 zephyr/subsys/bluetooth/controller/libsubsys__bluetooth__controller.a(ull.c.obj)
                0x000000000000fe9c                ull_ticker_stop_with_mark
 .text.ull_pdu_rx_alloc_peek
                0x000000000000ff0c       0x34 zephyr/subsys/bluetooth/controller/libsubsys__bluetooth__controller.a(ull.c.obj)
                0x000000000000ff0c                ull_pdu_rx_alloc_peek
 .text.ull_pdu_rx_alloc
                0x000000000000ff40       0x24 zephyr/subsys/bluetooth/controller/libsubsys__bluetooth__controller.a(ull.c.obj)
                0x000000000000ff40                ull_pdu_rx_alloc
 .text.ull_rx_put
                0x000000000000ff64       0x20 zephyr/subsys/bluetooth/controller/libsubsys__bluetooth__controller.a(ull.c.obj)
                0x000000000000ff64                ull_rx_put
 .text.ull_rx_sched
                0x000000000000ff84       0x10 zephyr/subsys/bluetooth/controller/libsubsys__bluetooth__controller.a(ull.c.obj)
                0x000000000000ff84                ull_rx_sched
 .text.ull_prepare_enqueue
                0x000000000000ff94       0x68 zephyr/subsys/bluetooth/controller/libsubsys__bluetooth__controller.a(ull.c.obj)
                0x000000000000ff94                ull_prepare_enqueue
 .text.ull_prepare_dequeue_get
                0x000000000000fffc       0x1c zephyr/subsys/bluetooth/controller/libsubsys__bluetooth__controller.a(ull.c.obj)
                0x000000000000fffc                ull_prepare_dequeue_get
 .text.ull_prepare_dequeue_iter
                0x0000000000010018       0x38 zephyr/subsys/bluetooth/controller/libsubsys__bluetooth__controller.a(ull.c.obj)
                0x0000000000010018                ull_prepare_dequeue_iter
 .text.ull_prepare_dequeue
                0x0000000000010050      0x110 zephyr/subsys/bluetooth/controller/libsubsys__bluetooth__controller.a(ull.c.obj)
                0x0000000000010050                ull_prepare_dequeue
 .text.ull_event_done_extra_get
                0x0000000000010160       0x1c zephyr/subsys/bluetooth/controller/libsubsys__bluetooth__controller.a(ull.c.obj)
                0x0000000000010160                ull_event_done_extra_get
 .text.ull_event_done
                0x000000000001017c       0x40 zephyr/subsys/bluetooth/controller/libsubsys__bluetooth__controller.a(ull.c.obj)
                0x000000000001017c                ull_event_done
 .text.init_reset
                0x00000000000101bc       0xf4 zephyr/subsys/bluetooth/controller/libsubsys__bluetooth__controller.a(ull.c.obj)
 .text.ll_init  0x00000000000102b0       0xe0 zephyr/subsys/bluetooth/controller/libsubsys__bluetooth__controller.a(ull.c.obj)
                0x00000000000102b0                ll_init
 .text.ll_reset
                0x0000000000010390      0x128 zephyr/subsys/bluetooth/controller/libsubsys__bluetooth__controller.a(ull.c.obj)
                0x0000000000010390                ll_reset
 .text.rx_demux